ARM Linker, 5.03 [Build 76] [MDK-ARM Standard]

==============================================================================

Section Cross References

    main.o(.text) refers to boottask.o(.text) for ALLTASk_BooT
    main.o(.text) refers to referee.o(.text) for SendtoReferee
    main.o(.text) refers to main.o(.constdata) for .constdata
    main.o(.text) refers to remote.o(.bss) for RC_Ctl
    main.o(.text) refers to remote.o(.data) for IsComputerControl
    main.o(.text) refers to main.o(.bss) for Send_data
    delay.o(.text) refers to misc.o(.text) for SysTick_CLKSourceConfig
    delay.o(.text) refers to delay.o(.data) for fac_us
    boottask.o(.text) refers to shoot.o(.text) for Shoot_PWM_Configuration
    boottask.o(.text) refers to chassis_control.o(.text) for Chessis_Info_Init
    boottask.o(.text) refers to holder.o(.text) for Holder_update_para
    boottask.o(.text) refers to delay.o(.text) for delay_init
    boottask.o(.text) refers to hit.o(.text) for Hit_flag_init
    boottask.o(.text) refers to led.o(.text) for LED_Init
    boottask.o(.text) refers to referee.o(.text) for Referee_Configuration
    boottask.o(.text) refers to load_motor.o(.text) for Load_Motor_PWM_Init
    boottask.o(.text) refers to wheel_speed.o(.text) for Wheel_Info_Init
    boottask.o(.text) refers to can2.o(.text) for CAN2_Configuration
    boottask.o(.text) refers to motor_out.o(.text) for Holder_Motor_output
    boottask.o(.text) refers to remote.o(.text) for Remote_Config
    boottask.o(.text) refers to i2c.o(.text) for I2C_INIT
    boottask.o(.text) refers to 6050.o(.text) for InitMPU6050
    boottask.o(.text) refers to clock.o(.text) for Sys_Configuration
    boottask.o(.text) refers to prepare_data.o(.text) for PrepareForIMU
    boottask.o(.text) refers to imu.o(.text) for IMUupdate
    boottask.o(.text) refers to otherconfig.o(.data) for LaserAndPrep
    boottask.o(.text) refers to 6050.o(.bss) for sensor
    led.o(.text) refers to stm32f4xx_rcc.o(.text) for RCC_AHB1PeriphClockCmd
    led.o(.text) refers to stm32f4xx_gpio.o(.text) for GPIO_Init
    can2.o(.text) refers to stm32f4xx_rcc.o(.text) for RCC_AHB1PeriphClockCmd
    can2.o(.text) refers to stm32f4xx_gpio.o(.text) for GPIO_PinAFConfig
    can2.o(.text) refers to misc.o(.text) for NVIC_Init
    can2.o(.text) refers to stm32f4xx_can.o(.text) for CAN_DeInit
    can2.o(.text) refers to can2.o(.bss) for RxMessage
    can2.o(.text) refers to holder.o(.bss) for Pitch_Hold_Info
    can2.o(.text) refers to chassis_control.o(.bss) for Chassis_Control_Info
    can2.o(.text) refers to wheel_speed.o(.bss) for Four_Wheel_Info
    load_motor.o(.text) refers to stm32f4xx_rcc.o(.text) for RCC_APB2PeriphClockCmd
    load_motor.o(.text) refers to stm32f4xx_gpio.o(.text) for GPIO_PinAFConfig
    load_motor.o(.text) refers to stm32f4xx_tim.o(.text) for TIM_TimeBaseInit
    load_motor.o(.text) refers to shoot.o(.bss) for Shoot_Info
    load_motor.o(.text) refers to load_motor.o(.data) for Load_motor_para_Mainfold
    load_motor.o(.text) refers to remote.o(.data) for IsComputerControl
    load_motor.o(.text) refers to remote.o(.bss) for RC_Ctl
    load_motor.o(.text) refers to delay.o(.text) for delay_ms
    load_motor.o(.text) refers to otherconfig.o(.data) for LaserAndPrep
    shoot.o(.text) refers to stm32f4xx_rcc.o(.text) for RCC_AHB1PeriphClockCmd
    shoot.o(.text) refers to stm32f4xx_gpio.o(.text) for GPIO_PinAFConfig
    shoot.o(.text) refers to stm32f4xx_tim.o(.text) for TIM_TimeBaseInit
    shoot.o(.text) refers to load_motor.o(.text) for Load_motor_out
    shoot.o(.text) refers to remote.o(.data) for IsComputerControl
    shoot.o(.text) refers to shoot.o(.bss) for Shoot_Info
    shoot.o(.text) refers to otherconfig.o(.data) for LaserAndPrep
    shoot.o(.text) refers to remote.o(.bss) for RC_Ctl
    remote.o(.text) refers to stm32f4xx_rcc.o(.text) for RCC_AHB1PeriphClockCmd
    remote.o(.text) refers to stm32f4xx_gpio.o(.text) for GPIO_PinAFConfig
    remote.o(.text) refers to stm32f4xx_usart.o(.text) for USART_DeInit
    remote.o(.text) refers to misc.o(.text) for NVIC_Init
    remote.o(.text) refers to stm32f4xx_dma.o(.text) for DMA_DeInit
    remote.o(.text) refers to ramp.o(.text) for Remote_Imitate
    remote.o(.text) refers to my_func.o(.text) for my_min
    remote.o(.text) refers to remote.o(.bss) for sbus_rx_buffer
    remote.o(.text) refers to holder.o(.bss) for Pitch_Hold_Info
    remote.o(.text) refers to chassis_control.o(.bss) for Chassis_Control_Info
    remote.o(.text) refers to remote.o(.data) for this_time_rx_len
    bkp_data.o(.text) refers to stm32f4xx_rcc.o(.text) for RCC_APB1PeriphClockCmd
    bkp_data.o(.text) refers to stm32f4xx_pwr.o(.text) for PWR_BackupAccessCmd
    bkp_data.o(.text) refers to stm32f4xx_rtc.o(.text) for RTC_WriteProtectionCmd
    bkp_data.o(.text) refers to bkp_data.o(.data) for BKP_ADR
    bkp_data.o(.text) refers to 6050.o(.bss) for sensor
    mywdg.o(.text) refers to stm32f4xx_iwdg.o(.text) for IWDG_WriteAccessCmd
[...]
    atanlo                                   0x0800ac78   Data          32  atan.o(.constdata)
    aTodd                                    0x0800ac98   Data          40  atan.o(.constdata)
    aTeven                                   0x0800acc0   Data          48  atan.o(.constdata)
    .constdata                               0x0800acf0   Section       48  cos_i.o(.constdata)
    C                                        0x0800acf0   Data          48  cos_i.o(.constdata)
    .constdata                               0x0800ad20   Section        8  qnan.o(.constdata)
    .constdata                               0x0800ad28   Section      200  rred.o(.constdata)
    pio2s                                    0x0800ad28   Data          48  rred.o(.constdata)
    twooverpi                                0x0800ad58   Data         152  rred.o(.constdata)
    .constdata                               0x0800adf0   Section       40  sin_i.o(.constdata)
    S                                        0x0800adf0   Data          40  sin_i.o(.constdata)
    .data                                    0x20000000   Section       96  otherconfig.o(.data)
    .data                                    0x20000060   Section        4  delay.o(.data)
    fac_us                                   0x20000060   Data           1  delay.o(.data)
    fac_ms                                   0x20000062   Data           2  delay.o(.data)
    .data                                    0x20000064   Section       52  load_motor.o(.data)
    cnt                                      0x20000094   Data           4  load_motor.o(.data)
    .data                                    0x20000098   Section        8  remote.o(.data)
    this_time_rx_len                         0x2000009c   Data           4  remote.o(.data)
    .data                                    0x200000a0   Section       81  bkp_data.o(.data)
    .data                                    0x200000f4   Section       20  system_stm32f4xx.o(.data)
    .data                                    0x20000108   Section       16  stm32f4xx_rcc.o(.data)
    APBAHBPrescTable                         0x20000108   Data          16  stm32f4xx_rcc.o(.data)
    .data                                    0x20000118   Section       36  imu.o(.data)
    .data                                    0x2000013c   Section        1  6050.o(.data)
    .data                                    0x20000140   Section       56  prepare_data.o(.data)
    gyro_filter_cnt                          0x20000141   Data           1  prepare_data.o(.data)
    x_last                                   0x20000148   Data           8  prepare_data.o(.data)
    p_last                                   0x20000150   Data           8  prepare_data.o(.data)
    x_last                                   0x20000158   Data           8  prepare_data.o(.data)
    p_last                                   0x20000160   Data           8  prepare_data.o(.data)
    x_last                                   0x20000168   Data           8  prepare_data.o(.data)
    p_last                                   0x20000170   Data           8  prepare_data.o(.data)
    .data                                    0x20000178   Section       44  clock.o(.data)
    pro                                      0x20000194   Data           4  clock.o(.data)
    Power_cnt                                0x20000198   Data           4  clock.o(.data)
    .data                                    0x200001a4   Section       78  holder.o(.data)
    .data                                    0x200001f4   Section       48  chassis_control.o(.data)
    cnt                                      0x20000220   Data           4  chassis_control.o(.data)
    .data                                    0x20000224   Section       60  wheel_speed.o(.data)
    num                                      0x20000258   Data           1  wheel_speed.o(.data)
    Power_P                                  0x2000025c   Data           4  wheel_speed.o(.data)
    .data                                    0x20000260   Section       12  ramp.o(.data)
    .data                                    0x2000026c   Section       52  referee.o(.data)
    this_time_rx_len                         0x20000270   Data           4  referee.o(.data)
    this_time_rx_len                         0x20000274   Data           4  referee.o(.data)
    .data                                    0x200002a0   Section      101  hit.o(.data)
    iiiwww                                   0x20000300   Data           4  hit.o(.data)
    j                                        0x20000304   Data           1  hit.o(.data)
    .data                                    0x20000308   Section        4  errno.o(.data)
    _errno                                   0x20000308   Data           4  errno.o(.data)
    .bss                                     0x2000030c   Section       33  main.o(.bss)
    .bss                                     0x20000330   Section       60  can2.o(.bss)
    .bss                                     0x2000036c   Section       72  shoot.o(.bss)
    .bss                                     0x200003b4   Section       40  remote.o(.bss)
    .bss                                     0x200003dc   Section       16  imu.o(.bss)
    .bss                                     0x200003ec   Section      160  6050.o(.bss)
    .bss                                     0x2000048c   Section      120  prepare_data.o(.bss)
    .bss                                     0x20000504   Section      128  holder.o(.bss)
    .bss                                     0x20000584   Section       16  chassis_control.o(.bss)
    .bss                                     0x20000594   Section      188  wheel_speed.o(.bss)
    .bss                                     0x20000650   Section      128  ramp.o(.bss)
    .bss                                     0x200006d0   Section      198  referee.o(.bss)
    .bss                                     0x20000796   Section       32  hit.o(.bss)
    STACK                                    0x200007b8   Section     2048  startup_stm32f40_41xxx.o(STACK)

    Global Symbols

    Symbol Name                              Value     Ov Type        Size  Object(Section)

    BuildAttributes$$THM_ISAv4$E$P$D$K$B$S$7EM$VFPi3$EXTD16$VFPS$VFMA$PE$A:L22UL41UL21$X:L11$S22US41US21$IEEE1$IW$USESV6$~STKCKD$USESV7$~SHL$OTIME$ROPI$IEEEX$EBA8$MICROLIB$REQ8$PRES8$EABIv2 0x00000000   Number         0  anon$$obj.o ABSOLUTE
    __ARM_use_no_argv                        0x00000000   Number         0  main.o ABSOLUTE
    __cpp_initialize__aeabi_                  - Undefined Weak Reference
    __cxa_finalize                            - Undefined Weak Reference
    _clock_init                               - Undefined Weak Reference
    _microlib_exit                            - Undefined Weak Reference
    __Vectors_Size                           0x00000188   Number         0  startup_stm32f40_41xxx.o ABSOLUTE
    __Vectors                                0x08000000   Data           4  startup_stm32f40_41xxx.o(RESET)
    __Vectors_End                            0x08000188   Data           0  startup_stm32f40_41xxx.o(RESET)
    __main                                   0x08000189   Thumb Code     0  entry.o(.ARM.Collect$$$$00000000)
    _main_stk                                0x08000189   Thumb Code     0  entry2.o(.ARM.Collect$$$$00000001)
    _main_scatterload                        0x0800018d   Thumb Code     0  entry5.o(.ARM.Collect$$$$00000004)
    __main_after_scatterload                 0x08000191   Thumb Code     0  entry5.o(.ARM.Collect$$$$00000004)
    _main_clock                              0x08000191   Thumb Code     0  entry7b.o(.ARM.Collect$$$$00000008)
    _main_cpp_init                           0x08000191   Thumb Code     0  entry8b.o(.ARM.Collect$$$$0000000A)
    _main_init                               0x08000191   Thumb Code     0  entry9a.o(.ARM.Collect$$$$0000000B)
    __rt_final_cpp                           0x08000199   Thumb Code     0  entry10a.o(.ARM.Collect$$$$0000000D)
    __rt_final_exit                          0x08000199   Thumb Code     0  entry11a.o(.ARM.Collect$$$$0000000F)
    my_delay                                 0x0800019d   Thumb Code    10  main.o(.text)
    main                                     0x080001a7   Thumb Code    70  main.o(.text)
    delay_init                               0x080001fd   Thumb Code    52  delay.o(.text)
    delay_us                                 0x08000231   Thumb Code    70  delay.o(.text)
    delay_xms                                0x08000277   Thumb Code    70  delay.o(.text)
    delay_ms                                 0x080002bd   Thumb Code    56  delay.o(.text)
    ALLTASk_BooT                             0x080002fd   Thumb Code   144  boottask.o(.text)
    IMU_update                               0x0800038d   Thumb Code    98  boottask.o(.text)
    LED_Init                                 0x080003f9   Thumb Code    94  led.o(.text)
    Laser_Init                               0x08000457   Thumb Code    54  led.o(.text)
    CAN2_Configuration                       0x08000499   Thumb Code   232  can2.o(.text)
    CAN2_TX_IRQHandler                       0x08000581   Thumb Code    22  can2.o(.text)
    CAN2_RX0_IRQHandler                      0x08000597   Thumb Code   186  can2.o(.text)
    Load_Motor_PWM_Init                      0x0800066d   Thumb Code   192  load_motor.o(.text)
    Encoder_Init                             0x0800072d   Thumb Code   174  load_motor.o(.text)
    Bullet_Cap_Conf                          0x080007db   Thumb Code   184  load_motor.o(.text)
    Load_motor_out                           0x08000893   Thumb Code    14  load_motor.o(.text)
    Load_motor_control                       0x080008a1   Thumb Code   564  load_motor.o(.text)
    Bullet_Cap_Close                         0x08000ad5   Thumb Code    16  load_motor.o(.text)
    Bullet_Cap_Open                          0x08000ae5   Thumb Code    16  load_motor.o(.text)
    Load_Motor_position_plus                 0x08000af5   Thumb Code    40  load_motor.o(.text)
    Load_Motor_Position_plus                 0x08000b1d   Thumb Code    64  load_motor.o(.text)
    Load_Motor_Fault_detet                   0x08000b5d   Thumb Code    62  load_motor.o(.text)
    Load_Motor_Error_Out                     0x08000b9b   Thumb Code    40  load_motor.o(.text)
    Shoot_PWM_Configuration                  0x08000bd9   Thumb Code   192  shoot.o(.text)
    ToggleBit                                0x08000c99   Thumb Code    14  shoot.o(.text)
    Shoot_Fire                               0x08000ca7   Thumb Code    22  shoot.o(.text)
    Detect_shoot                             0x08000cbd   Thumb Code    94  shoot.o(.text)
    Shoot_Info_Init                          0x08000d1b   Thumb Code    60  shoot.o(.text)
    Shoot_Keep                               0x08000d57   Thumb Code    66  shoot.o(.text)
    Detect_Cap                               0x08000d99   Thumb Code    22  shoot.o(.text)
    Remote_Config                            0x08000dcd   Thumb Code   266  remote.o(.text)
    Remote_Control                           0x08000ed7   Thumb Code   154  remote.o(.text)
    Computer_Control                         0x08000f71   Thumb Code   444  remote.o(.text)
    USART1_IRQHandler                        0x0800112d   Thumb Code   384  remote.o(.text)
    my_min                                   0x080012b9   Thumb Code    26  my_func.o(.text)
    my_max                                   0x080012d3   Thumb Code    26  my_func.o(.text)
    Amplitude_Limiting                       0x080012ed   Thumb Code    58  my_func.o(.text)
    Subsection_PID                           0x08001327   Thumb Code   126  my_func.o(.text)
    Subsection_PID_v2                        0x080013a5   Thumb Code   164  my_func.o(.text)
    BKP_INIT                                 0x08001449   Thumb Code    20  bkp_data.o(.text)
    WriteDataToBKP                           0x0800145d   Thumb Code    40  bkp_data.o(.text)
    ReadDataFromBKP                          0x08001485   Thumb Code    12  bkp_data.o(.text)
    ForceToResetBKP                          0x08001491   Thumb Code    50  bkp_data.o(.text)
    Recovery_6050                            0x080014c3   Thumb Code    86  bkp_data.o(.text)
    Reset_Handler                            0x08001529   Thumb Code     8  startup_stm32f40_41xxx.o(.text)
    NMI_Handler                              0x08001531   Thumb Code     2  startup_stm32f40_41xxx.o(.text)
    HardFault_Handler                        0x08001533   Thumb Code     2  startup_stm32f40_41xxx.o(.text)
    MemManage_Handler                        0x08001535   Thumb Code     2  startup_stm32f40_41xxx.o(.text)
    BusFault_Handler                         0x08001537   Thumb Code     2  startup_stm32f40_41xxx.o(.text)
    UsageFault_Handler                       0x08001539   Thumb Code     2  startup_stm32f40_41xxx.o(.text)
    SVC_Handler                              0x0800153b   Thumb Code     2  startup_stm32f40_41xxx.o(.text)
    DebugMon_Handler                         0x0800153d   Thumb Code     2  startup_stm32f40_41xxx.o(.text)
    PendSV_Handler                           0x0800153f   Thumb Code     2  startup_stm32f40_41xxx.o(.text)
    SysTick_Handler                          0x08001541   Thumb Code     2  startup_stm32f40_41xxx.o(.text)
    ADC_IRQHandler                           0x08001543   Thumb Code     0  startup_stm32f40_41xxx.o(.text)
    CAN1_RX0_IRQHandler                      0x08001543   Thumb Code     0  startup_stm32f40_41xxx.o(.text)
    CAN1_RX1_IRQHandler                      0x08001543   Thumb Code     0  startup_stm32f40_41xxx.o(.text)
    CAN1_SCE_IRQHandler                      0x08001543   Thumb Code     0  startup_stm32f40_41xxx.o(.text)
    CAN1_TX_IRQHandler                       0x08001543   Thumb Code     0  startup_stm32f40_41xxx.o(.text)
    CAN2_RX1_IRQHandler                      0x08001543   Thumb Code     0  startup_stm32f40_41xxx.o(.text)
    CAN2_SCE_IRQHandler                      0x08001543   Thumb Code     0  startup_stm32f40_41xxx.o(.text)
    CRYP_IRQHandler                          0x08001543   Thumb Code     0  startup_stm32f40_41xxx.o(.text)
    DCMI_IRQHandler                          0x08001543   Thumb Code     0  startup_stm32f40_41xxx.o(.text)
    DMA1_Stream0_IRQHandler                  0x08001543   Thumb Code     0  startup_stm32f40_41xxx.o(.text)
    DMA1_Stream1_IRQHandler                  0x08001543   Thumb Code     0  startup_stm32f40_41xxx.o(.text)
    DMA1_Stream2_IRQHandler                  0x08001543   Thumb Code     0  startup_stm32f40_41xxx.o(.text)
    DMA1_Stream3_IRQHandler                  0x08001543   Thumb Code     0  startup_stm32f40_41xxx.o(.text)
    DMA1_Stream4_IRQHandler                  0x08001543   Thumb Code     0  startup_stm32f40_41xxx.o(.text)
    DMA1_Stream5_IRQHandler                  0x08001543   Thumb Code     0  startup_stm32f40_41xxx.o(.text)
    DMA1_Stream7_IRQHandler                  0x08001543   Thumb Code     0  startup_stm32f40_41xxx.o(.text)
    DMA2_Stream0_IRQHandler                  0x08001543   Thumb Code     0  startup_stm32f40_41xxx.o(.text)
    DMA2_Stream1_IRQHandler                  0x08001543   Thumb Code     0  startup_stm32f40_41xxx.o(.text)
    DMA2_Stream2_IRQHandler                  0x08001543   Thumb Code     0  startup_stm32f40_41xxx.o(.text)
    DMA2_Stream3_IRQHandler                  0x08001543   Thumb Code     0  startup_stm32f40_41xxx.o(.text)
    DMA2_Stream4_IRQHandler                  0x08001543   Thumb Code     0  startup_stm32f40_41xxx.o(.text)
    DMA2_Stream5_IRQHandler                  0x08001543   Thumb Code     0  startup_stm32f40_41xxx.o(.text)
    DMA2_Stream6_IRQHandler                  0x08001543   Thumb Code     0  startup_stm32f40_41xxx.o(.text)
    DMA2_Stream7_IRQHandler                  0x08001543   Thumb Code     0  startup_stm32f40_41xxx.o(.text)
    ETH_IRQHandler                           0x08001543   Thumb Code     0  startup_stm32f40_41xxx.o(.text)
    ETH_WKUP_IRQHandler                      0x08001543   Thumb Code     0  startup_stm32f40_41xxx.o(.text)
    EXTI0_IRQHandler                         0x08001543   Thumb Code     0  startup_stm32f40_41xxx.o(.text)
    EXTI15_10_IRQHandler                     0x08001543   Thumb Code     0  startup_stm32f40_41xxx.o(.text)
    EXTI1_IRQHandler                         0x08001543   Thumb Code     0  startup_stm32f40_41xxx.o(.text)
    EXTI2_IRQHandler                         0x08001543   Thumb Code     0  startup_stm32f40_41xxx.o(.text)
    EXTI3_IRQHandler                         0x08001543   Thumb Code     0  startup_stm32f40_41xxx.o(.text)
    EXTI4_IRQHandler                         0x08001543   Thumb Code     0  startup_stm32f40_41xxx.o(.text)
    EXTI9_5_IRQHandler                       0x08001543   Thumb Code     0  startup_stm32f40_41xxx.o(.text)
    FLASH_IRQHandler                         0x08001543   Thumb Code     0  startup_stm32f40_41xxx.o(.text)
    FPU_IRQHandler                           0x08001543   Thumb Code     0  startup_stm32f40_41xxx.o(.text)
    FSMC_IRQHandler                          0x08001543   Thumb Code     0  startup_stm32f40_41xxx.o(.text)
    HASH_RNG_IRQHandler                      0x08001543   Thumb Code     0  startup_stm32f40_41xxx.o(.text)
    I2C1_ER_IRQHandler                       0x08001543   Thumb Code     0  startup_stm32f40_41xxx.o(.text)
    I2C1_EV_IRQHandler                       0x08001543   Thumb Code     0  startup_stm32f40_41xxx.o(.text)
    I2C2_ER_IRQHandler                       0x08001543   Thumb Code     0  startup_stm32f40_41xxx.o(.text)
    I2C2_EV_IRQHandler                       0x08001543   Thumb Code     0  startup_stm32f40_41xxx.o(.text)
    I2C3_ER_IRQHandler                       0x08001543   Thumb Code     0  startup_stm32f40_41xxx.o(.text)
    I2C3_EV_IRQHandler                       0x08001543   Thumb Code     0  startup_stm32f40_41xxx.o(.text)
    OTG_FS_IRQHandler                        0x08001543   Thumb Code     0  startup_stm32f40_41xxx.o(.text)
    OTG_FS_WKUP_IRQHandler                   0x08001543   Thumb Code     0  startup_stm32f40_41xxx.o(.text)
    OTG_HS_EP1_IN_IRQHandler                 0x08001543   Thumb Code     0  startup_stm32f40_41xxx.o(.text)
    OTG_HS_EP1_OUT_IRQHandler                0x08001543   Thumb Code     0  startup_stm32f40_41xxx.o(.text)
    OTG_HS_IRQHandler                        0x08001543   Thumb Code     0  startup_stm32f40_41xxx.o(.text)
    OTG_HS_WKUP_IRQHandler                   0x08001543   Thumb Code     0  startup_stm32f40_41xxx.o(.text)
    PVD_IRQHandler                           0x08001543   Thumb Code     0  startup_stm32f40_41xxx.o(.text)
    RCC_IRQHandler                           0x08001543   Thumb Code     0  startup_stm32f40_41xxx.o(.text)
    RTC_Alarm_IRQHandler                     0x08001543   Thumb Code     0  startup_stm32f40_41xxx.o(.text)
    RTC_WKUP_IRQHandler                      0x08001543   Thumb Code     0  startup_stm32f40_41xxx.o(.text)
    SDIO_IRQHandler                          0x08001543   Thumb Code     0  startup_stm32f40_41xxx.o(.text)
    SPI1_IRQHandler                          0x08001543   Thumb Code     0  startup_stm32f40_41xxx.o(.text)
    SPI2_IRQHandler                          0x08001543   Thumb Code     0  startup_stm32f40_41xxx.o(.text)
    SPI3_IRQHandler                          0x08001543   Thumb Code     0  startup_stm32f40_41xxx.o(.text)
    TAMP_STAMP_IRQHandler                    0x08001543   Thumb Code     0  startup_stm32f40_41xxx.o(.text)
    TIM1_BRK_TIM9_IRQHandler                 0x08001543   Thumb Code     0  startup_stm32f40_41xxx.o(.text)
    TIM1_CC_IRQHandler                       0x08001543   Thumb Code     0  startup_stm32f40_41xxx.o(.text)
    TIM1_TRG_COM_TIM11_IRQHandler            0x08001543   Thumb Code     0  startup_stm32f40_41xxx.o(.text)
    TIM1_UP_TIM10_IRQHandler                 0x08001543   Thumb Code     0  startup_stm32f40_41xxx.o(.text)
    TIM2_IRQHandler                          0x08001543   Thumb Code     0  startup_stm32f40_41xxx.o(.text)
    TIM3_IRQHandler                          0x08001543   Thumb Code     0  startup_stm32f40_41xxx.o(.text)
    TIM4_IRQHandler                          0x08001543   Thumb Code     0  startup_stm32f40_41xxx.o(.text)
    TIM5_IRQHandler                          0x08001543   Thumb Code     0  startup_stm32f40_41xxx.o(.text)
    TIM6_DAC_IRQHandler                      0x08001543   Thumb Code     0  startup_stm32f40_41xxx.o(.text)
    TIM7_IRQHandler                          0x08001543   Thumb Code     0  startup_stm32f40_41xxx.o(.text)
    TIM8_CC_IRQHandler                       0x08001543   Thumb Code     0  startup_stm32f40_41xxx.o(.text)
    TIM8_TRG_COM_TIM14_IRQHandler            0x08001543   Thumb Code     0  startup_stm32f40_41xxx.o(.text)
    TIM8_UP_TIM13_IRQHandler                 0x08001543   Thumb Code     0  startup_stm32f40_41xxx.o(.text)
    UART4_IRQHandler                         0x08001543   Thumb Code     0  startup_stm32f40_41xxx.o(.text)
    UART5_IRQHandler                         0x08001543   Thumb Code     0  startup_stm32f40_41xxx.o(.text)
    USART6_IRQHandler                        0x08001543   Thumb Code     0  startup_stm32f40_41xxx.o(.text)
    WWDG_IRQHandler                          0x08001543   Thumb Code     0  startup_stm32f40_41xxx.o(.text)
    NVIC_PriorityGroupConfig                 0x0800154d   Thumb Code    10  misc.o(.text)
    NVIC_Init                                0x08001557   Thumb Code   108  misc.o(.text)
    NVIC_SetVectorTable                      0x080015c3   Thumb Code    14  misc.o(.text)
    NVIC_SystemLPConfig                      0x080015d1   Thumb Code    34  misc.o(.text)
    SysTick_CLKSourceConfig                  0x080015f3   Thumb Code    40  misc.o(.text)
    CAN_DeInit                               0x08001631   Thumb Code    50  stm32f4xx_can.o(.text)
    CAN_Init                                 0x08001663   Thumb Code   276  stm32f4xx_can.o(.text)
    CAN_FilterInit                           0x08001777   Thumb Code   258  stm32f4xx_can.o(.text)
    CAN_StructInit                           0x08001879   Thumb Code    32  stm32f4xx_can.o(.text)
    CAN_SlaveStartBank                       0x08001899   Thumb Code    48  stm32f4xx_can.o(.text)
    CAN_DBGFreeze                            0x080018c9   Thumb Code    22  stm32f4xx_can.o(.text)
    CAN_TTComModeCmd                         0x080018df   Thumb Code   118  stm32f4xx_can.o(.text)
    CAN_Transmit                             0x08001955   Thumb Code   304  stm32f4xx_can.o(.text)
    CAN_TransmitStatus                       0x08001a85   Thumb Code   138  stm32f4xx_can.o(.text)
    CAN_CancelTransmit                       0x08001b0f   Thumb Code    48  stm32f4xx_can.o(.text)
    CAN_Receive                              0x08001b3f   Thumb Code   240  stm32f4xx_can.o(.text)
    CAN_FIFORelease                          0x08001c2f   Thumb Code    22  stm32f4xx_can.o(.text)
    CAN_MessagePending                       0x08001c45   Thumb Code    30  stm32f4xx_can.o(.text)
    CAN_OperatingModeRequest                 0x08001c63   Thumb Code   162  stm32f4xx_can.o(.text)
    CAN_Sleep                                0x08001d05   Thumb Code    30  stm32f4xx_can.o(.text)
    CAN_WakeUp                               0x08001d23   Thumb Code    48  stm32f4xx_can.o(.text)
    CAN_GetLastErrorCode                     0x08001d53   Thumb Code    12  stm32f4xx_can.o(.text)
    CAN_GetReceiveErrorCounter               0x08001d5f   Thumb Code    10  stm32f4xx_can.o(.text)
    CAN_GetLSBTransmitErrorCounter           0x08001d69   Thumb Code    12  stm32f4xx_can.o(.text)
    CAN_ITConfig                             0x08001d75   Thumb Code    18  stm32f4xx_can.o(.text)
    CAN_GetFlagStatus                        0x08001d87   Thumb Code   120  stm32f4xx_can.o(.text)
    CAN_ClearFlag                            0x08001dff   Thumb Code    52  stm32f4xx_can.o(.text)
    CAN_GetITStatus                          0x08001e43   Thumb Code   308  stm32f4xx_can.o(.text)
    CAN_ClearITPendingBit                    0x08001f77   Thumb Code   162  stm32f4xx_can.o(.text)
    USART_DeInit                             0x0800201d   Thumb Code   206  stm32f4xx_usart.o(.text)
    USART_Init                               0x080020eb   Thumb Code   204  stm32f4xx_usart.o(.text)
    USART_StructInit                         0x080021b7   Thumb Code    24  stm32f4xx_usart.o(.text)
    USART_ClockInit                          0x080021cf   Thumb Code    32  stm32f4xx_usart.o(.text)
    USART_ClockStructInit                    0x080021ef   Thumb Code    12  stm32f4xx_usart.o(.text)
    USART_Cmd                                0x080021fb   Thumb Code    24  stm32f4xx_usart.o(.text)
    USART_SetPrescaler                       0x08002213   Thumb Code    16  stm32f4xx_usart.o(.text)
    USART_OverSampling8Cmd                   0x08002223   Thumb Code    22  stm32f4xx_usart.o(.text)
    USART_OneBitMethodCmd                    0x08002239   Thumb Code    24  stm32f4xx_usart.o(.text)
    USART_SendData                           0x08002251   Thumb Code     8  stm32f4xx_usart.o(.text)
    USART_ReceiveData                        0x08002259   Thumb Code    10  stm32f4xx_usart.o(.text)
    USART_SetAddress                         0x08002263   Thumb Code    18  stm32f4xx_usart.o(.text)
    USART_ReceiverWakeUpCmd                  0x08002275   Thumb Code    24  stm32f4xx_usart.o(.text)
    USART_WakeUpConfig                       0x0800228d   Thumb Code    18  stm32f4xx_usart.o(.text)
    USART_LINBreakDetectLengthConfig         0x0800229f   Thumb Code    18  stm32f4xx_usart.o(.text)
    USART_LINCmd                             0x080022b1   Thumb Code    24  stm32f4xx_usart.o(.text)
    USART_SendBreak                          0x080022c9   Thumb Code    10  stm32f4xx_usart.o(.text)
    USART_HalfDuplexCmd                      0x080022d3   Thumb Code    24  stm32f4xx_usart.o(.text)
    USART_SetGuardTime                       0x080022eb   Thumb Code    16  stm32f4xx_usart.o(.text)
    USART_SmartCardCmd                       0x080022fb   Thumb Code    24  stm32f4xx_usart.o(.text)
    USART_SmartCardNACKCmd                   0x08002313   Thumb Code    24  stm32f4xx_usart.o(.text)
    USART_IrDAConfig                         0x0800232b   Thumb Code    18  stm32f4xx_usart.o(.text)
    USART_IrDACmd                            0x0800233d   Thumb Code    24  stm32f4xx_usart.o(.text)
    USART_DMACmd                             0x08002355   Thumb Code    18  stm32f4xx_usart.o(.text)
    USART_ITConfig                           0x08002367   Thumb Code    74  stm32f4xx_usart.o(.text)
    USART_GetFlagStatus                      0x080023b1   Thumb Code    26  stm32f4xx_usart.o(.text)
    USART_ClearFlag                          0x080023cb   Thumb Code    18  stm32f4xx_usart.o(.text)
    USART_GetITStatus                        0x080023dd   Thumb Code   118  stm32f4xx_usart.o(.text)
    USART_ClearITPendingBit                  0x08002453   Thumb Code    30  stm32f4xx_usart.o(.text)
    SystemInit                               0x0800254b   Thumb Code    90  system_stm32f4xx.o(.text)
    SystemCoreClockUpdate                    0x080025a5   Thumb Code   174  system_stm32f4xx.o(.text)
    GPIO_DeInit                              0x08002681   Thumb Code   268  stm32f4xx_gpio.o(.text)
    GPIO_Init                                0x0800278d   Thumb Code   144  stm32f4xx_gpio.o(.text)
    GPIO_StructInit                          0x0800281d   Thumb Code    18  stm32f4xx_gpio.o(.text)
    GPIO_PinLockConfig                       0x0800282f   Thumb Code    34  stm32f4xx_gpio.o(.text)
    GPIO_ReadInputDataBit                    0x08002851   Thumb Code    18  stm32f4xx_gpio.o(.text)
    GPIO_ReadInputData                       0x08002863   Thumb Code     8  stm32f4xx_gpio.o(.text)
    GPIO_ReadOutputDataBit                   0x0800286b   Thumb Code    18  stm32f4xx_gpio.o(.text)
    GPIO_ReadOutputData                      0x0800287d   Thumb Code     8  stm32f4xx_gpio.o(.text)
    GPIO_SetBits                             0x08002885   Thumb Code     4  stm32f4xx_gpio.o(.text)
    GPIO_ResetBits                           0x08002889   Thumb Code     4  stm32f4xx_gpio.o(.text)
    GPIO_WriteBit                            0x0800288d   Thumb Code    10  stm32f4xx_gpio.o(.text)
    GPIO_Write                               0x08002897   Thumb Code     4  stm32f4xx_gpio.o(.text)
    GPIO_ToggleBits                          0x0800289b   Thumb Code     8  stm32f4xx_gpio.o(.text)
    GPIO_PinAFConfig                         0x080028a3   Thumb Code    70  stm32f4xx_gpio.o(.text)
    PWR_DeInit                               0x08002915   Thumb Code    22  stm32f4xx_pwr.o(.text)
    PWR_BackupAccessCmd                      0x0800292b   Thumb Code     6  stm32f4xx_pwr.o(.text)
    PWR_PVDLevelConfig                       0x08002931   Thumb Code    18  stm32f4xx_pwr.o(.text)
    PWR_PVDCmd                               0x08002943   Thumb Code     6  stm32f4xx_pwr.o(.text)
    PWR_WakeUpPinCmd                         0x08002949   Thumb Code     6  stm32f4xx_pwr.o(.text)
    PWR_BackupRegulatorCmd                   0x0800294f   Thumb Code     6  stm32f4xx_pwr.o(.text)
    PWR_MainRegulatorModeConfig              0x08002955   Thumb Code    18  stm32f4xx_pwr.o(.text)
    PWR_OverDriveCmd                         0x08002967   Thumb Code     6  stm32f4xx_pwr.o(.text)
    PWR_OverDriveSWCmd                       0x0800296d   Thumb Code     6  stm32f4xx_pwr.o(.text)
    PWR_UnderDriveCmd                        0x08002973   Thumb Code    30  stm32f4xx_pwr.o(.text)
    PWR_MainRegulatorLowVoltageCmd           0x08002991   Thumb Code    18  stm32f4xx_pwr.o(.text)
    PWR_LowRegulatorLowVoltageCmd            0x080029a3   Thumb Code    18  stm32f4xx_pwr.o(.text)
    PWR_FlashPowerDownCmd                    0x080029b5   Thumb Code     6  stm32f4xx_pwr.o(.text)
    PWR_EnterSTOPMode                        0x080029bb   Thumb Code    58  stm32f4xx_pwr.o(.text)
    PWR_EnterUnderDriveSTOPMode              0x080029f5   Thumb Code    58  stm32f4xx_pwr.o(.text)
    PWR_EnterSTANDBYMode                     0x08002a2f   Thumb Code    32  stm32f4xx_pwr.o(.text)
    PWR_GetFlagStatus                        0x08002a4f   Thumb Code    20  stm32f4xx_pwr.o(.text)
    PWR_ClearFlag                            0x08002a63   Thumb Code    14  stm32f4xx_pwr.o(.text)
    RCC_DeInit                               0x08002a85   Thumb Code    82  stm32f4xx_rcc.o(.text)
    RCC_HSEConfig                            0x08002ad7   Thumb Code    14  stm32f4xx_rcc.o(.text)
    RCC_GetFlagStatus                        0x08002ae5   Thumb Code    60  stm32f4xx_rcc.o(.text)
    RCC_WaitForHSEStartUp                    0x08002b21   Thumb Code    56  stm32f4xx_rcc.o(.text)
    RCC_AdjustHSICalibrationValue            0x08002b59   Thumb Code    20  stm32f4xx_rcc.o(.text)
    RCC_HSICmd                               0x08002b6d   Thumb Code     6  stm32f4xx_rcc.o(.text)
    RCC_LSEConfig                            0x08002b73   Thumb Code    46  stm32f4xx_rcc.o(.text)
    RCC_LSICmd                               0x08002ba1   Thumb Code     6  stm32f4xx_rcc.o(.text)
    RCC_PLLConfig                            0x08002ba7   Thumb Code    32  stm32f4xx_rcc.o(.text)
    RCC_PLLCmd                               0x08002bc7   Thumb Code     6  stm32f4xx_rcc.o(.text)
    RCC_PLLI2SConfig                         0x08002bcd   Thumb Code    14  stm32f4xx_rcc.o(.text)
    RCC_PLLI2SCmd                            0x08002bdb   Thumb Code     6  stm32f4xx_rcc.o(.text)
    RCC_PLLSAIConfig                         0x08002be1   Thumb Code    20  stm32f4xx_rcc.o(.text)
    RCC_PLLSAICmd                            0x08002bf5   Thumb Code     6  stm32f4xx_rcc.o(.text)
    RCC_ClockSecuritySystemCmd               0x08002bfb   Thumb Code     6  stm32f4xx_rcc.o(.text)
    RCC_MCO1Config                           0x08002c01   Thumb Code    28  stm32f4xx_rcc.o(.text)
    RCC_MCO2Config                           0x08002c1d   Thumb Code    28  stm32f4xx_rcc.o(.text)
    RCC_SYSCLKConfig                         0x08002c39   Thumb Code    20  stm32f4xx_rcc.o(.text)
    RCC_GetSYSCLKSource                      0x08002c4d   Thumb Code    12  stm32f4xx_rcc.o(.text)
    RCC_HCLKConfig                           0x08002c59   Thumb Code    20  stm32f4xx_rcc.o(.text)
    RCC_PCLK1Config                          0x08002c6d   Thumb Code    20  stm32f4xx_rcc.o(.text)
    RCC_PCLK2Config                          0x08002c81   Thumb Code    22  stm32f4xx_rcc.o(.text)
    RCC_GetClocksFreq                        0x08002c97   Thumb Code   222  stm32f4xx_rcc.o(.text)
    RCC_RTCCLKConfig                         0x08002d75   Thumb Code    54  stm32f4xx_rcc.o(.text)
    RCC_RTCCLKCmd                            0x08002dab   Thumb Code     8  stm32f4xx_rcc.o(.text)
    RCC_BackupResetCmd                       0x08002db3   Thumb Code     8  stm32f4xx_rcc.o(.text)
    RCC_I2SCLKConfig                         0x08002dbb   Thumb Code     6  stm32f4xx_rcc.o(.text)
    RCC_SAIPLLI2SClkDivConfig                0x08002dc1   Thumb Code    26  stm32f4xx_rcc.o(.text)
    RCC_SAIPLLSAIClkDivConfig                0x08002ddb   Thumb Code    28  stm32f4xx_rcc.o(.text)
    RCC_SAIBlockACLKConfig                   0x08002df7   Thumb Code    20  stm32f4xx_rcc.o(.text)
    RCC_SAIBlockBCLKConfig                   0x08002e0b   Thumb Code    20  stm32f4xx_rcc.o(.text)
    RCC_LTDCCLKDivConfig                     0x08002e1f   Thumb Code    20  stm32f4xx_rcc.o(.text)
    RCC_TIMCLKPresConfig                     0x08002e33   Thumb Code     6  stm32f4xx_rcc.o(.text)
    RCC_AHB1PeriphClockCmd                   0x08002e39   Thumb Code    34  stm32f4xx_rcc.o(.text)
    RCC_AHB2PeriphClockCmd                   0x08002e5b   Thumb Code    78  stm32f4xx_rcc.o(.text)
    RCC_AHB3PeriphClockCmd                   0x08002ea9   Thumb Code    34  stm32f4xx_rcc.o(.text)
    RCC_APB1PeriphClockCmd                   0x08002ecb   Thumb Code    34  stm32f4xx_rcc.o(.text)
    RCC_APB2PeriphClockCmd                   0x08002eed   Thumb Code    34  stm32f4xx_rcc.o(.text)
    RCC_AHB1PeriphResetCmd                   0x08002f0f   Thumb Code    34  stm32f4xx_rcc.o(.text)
    RCC_AHB2PeriphResetCmd                   0x08002f31   Thumb Code    34  stm32f4xx_rcc.o(.text)
    RCC_AHB3PeriphResetCmd                   0x08002f53   Thumb Code    34  stm32f4xx_rcc.o(.text)
    RCC_APB1PeriphResetCmd                   0x08002f75   Thumb Code    34  stm32f4xx_rcc.o(.text)
    RCC_APB2PeriphResetCmd                   0x08002f97   Thumb Code    34  stm32f4xx_rcc.o(.text)
    RCC_AHB1PeriphClockLPModeCmd             0x08002fb9   Thumb Code    34  stm32f4xx_rcc.o(.text)
    RCC_AHB2PeriphClockLPModeCmd             0x08002fdb   Thumb Code    34  stm32f4xx_rcc.o(.text)
    RCC_AHB3PeriphClockLPModeCmd             0x08002ffd   Thumb Code    34  stm32f4xx_rcc.o(.text)
    RCC_APB1PeriphClockLPModeCmd             0x0800301f   Thumb Code    34  stm32f4xx_rcc.o(.text)
    RCC_APB2PeriphClockLPModeCmd             0x08003041   Thumb Code    34  stm32f4xx_rcc.o(.text)
    RCC_LSEModeConfig                        0x08003063   Thumb Code    40  stm32f4xx_rcc.o(.text)
    RCC_ITConfig                             0x0800308b   Thumb Code    34  stm32f4xx_rcc.o(.text)
    RCC_ClearFlag                            0x080030ad   Thumb Code    18  stm32f4xx_rcc.o(.text)
    RCC_GetITStatus                          0x080030bf   Thumb Code    22  stm32f4xx_rcc.o(.text)
    RCC_ClearITPendingBit                    0x080030d5   Thumb Code     8  stm32f4xx_rcc.o(.text)
    RTC_WaitForSynchro                       0x080030e1   Thumb Code    92  stm32f4xx_rtc.o(.text)
    RTC_EnterInitMode                        0x0800313d   Thumb Code    84  stm32f4xx_rtc.o(.text)
    RTC_DeInit                               0x08003191   Thumb Code   204  stm32f4xx_rtc.o(.text)
    RTC_ExitInitMode                         0x0800325d   Thumb Code    18  stm32f4xx_rtc.o(.text)
    RTC_Init                                 0x0800326f   Thumb Code    94  stm32f4xx_rtc.o(.text)
    RTC_StructInit                           0x080032cd   Thumb Code    14  stm32f4xx_rtc.o(.text)
    RTC_WriteProtectionCmd                   0x080032db   Thumb Code    22  stm32f4xx_rtc.o(.text)
    RTC_RefClockCmd                          0x080032f1   Thumb Code    76  stm32f4xx_rtc.o(.text)
    RTC_BypassShadowCmd                      0x0800333d   Thumb Code    54  stm32f4xx_rtc.o(.text)
    RTC_SetTime                              0x080033a5   Thumb Code   200  stm32f4xx_rtc.o(.text)
    RTC_TimeStructInit                       0x0800346d   Thumb Code    12  stm32f4xx_rtc.o(.text)
    RTC_GetTime                              0x08003479   Thumb Code    74  stm32f4xx_rtc.o(.text)
    RTC_GetSubSecond                         0x080034c3   Thumb Code    30  stm32f4xx_rtc.o(.text)
    RTC_SetDate                              0x080034e1   Thumb Code   190  stm32f4xx_rtc.o(.text)
    RTC_DateStructInit                       0x0800359f   Thumb Code    14  stm32f4xx_rtc.o(.text)
    RTC_GetDate                              0x080035ad   Thumb Code    70  stm32f4xx_rtc.o(.text)
    RTC_SetAlarm                             0x080035f3   Thumb Code   230  stm32f4xx_rtc.o(.text)
    RTC_AlarmStructInit                      0x080036d9   Thumb Code    22  stm32f4xx_rtc.o(.text)
    RTC_GetAlarm                             0x080036ef   Thumb Code   114  stm32f4xx_rtc.o(.text)
    RTC_AlarmCmd                             0x08003761   Thumb Code   112  stm32f4xx_rtc.o(.text)
    RTC_AlarmSubSecondConfig                 0x080037d1   Thumb Code    46  stm32f4xx_rtc.o(.text)
    RTC_GetAlarmSubSecond                    0x080037ff   Thumb Code    34  stm32f4xx_rtc.o(.text)
    RTC_WakeUpClockConfig                    0x08003821   Thumb Code    42  stm32f4xx_rtc.o(.text)
    RTC_SetWakeUpCounter                     0x0800384b   Thumb Code    22  stm32f4xx_rtc.o(.text)
    RTC_GetWakeUpCounter                     0x08003861   Thumb Code    10  stm32f4xx_rtc.o(.text)
    RTC_WakeUpCmd                            0x0800386b   Thumb Code   116  stm32f4xx_rtc.o(.text)
    RTC_DayLightSavingConfig                 0x080038df   Thumb Code    50  stm32f4xx_rtc.o(.text)
    RTC_GetStoreOperation                    0x08003911   Thumb Code    12  stm32f4xx_rtc.o(.text)
    RTC_OutputConfig                         0x0800391d   Thumb Code    60  stm32f4xx_rtc.o(.text)
    RTC_CoarseCalibConfig                    0x08003959   Thumb Code    52  stm32f4xx_rtc.o(.text)
    RTC_CoarseCalibCmd                       0x0800398d   Thumb Code    76  stm32f4xx_rtc.o(.text)
    RTC_CalibOutputCmd                       0x080039d9   Thumb Code    54  stm32f4xx_rtc.o(.text)
    RTC_CalibOutputConfig                    0x08003a0f   Thumb Code    42  stm32f4xx_rtc.o(.text)
    RTC_SmoothCalibConfig                    0x08003a39   Thumb Code    90  stm32f4xx_rtc.o(.text)
    RTC_TimeStampCmd                         0x08003a93   Thumb Code    54  stm32f4xx_rtc.o(.text)
    RTC_GetTimeStamp                         0x08003ac9   Thumb Code   144  stm32f4xx_rtc.o(.text)
    RTC_GetTimeStampSubSecond                0x08003b59   Thumb Code     8  stm32f4xx_rtc.o(.text)
    RTC_TamperTriggerConfig                  0x08003b61   Thumb Code    38  stm32f4xx_rtc.o(.text)
    RTC_TamperCmd                            0x08003b87   Thumb Code    34  stm32f4xx_rtc.o(.text)
    RTC_TamperFilterConfig                   0x08003ba9   Thumb Code    26  stm32f4xx_rtc.o(.text)
    RTC_TamperSamplingFreqConfig             0x08003bc3   Thumb Code    26  stm32f4xx_rtc.o(.text)
    RTC_TamperPinsPrechargeDuration          0x08003bdd   Thumb Code    26  stm32f4xx_rtc.o(.text)
    RTC_TimeStampOnTamperDetectionCmd        0x08003bf7   Thumb Code    38  stm32f4xx_rtc.o(.text)
    RTC_TamperPullUpCmd                      0x08003c1d   Thumb Code    38  stm32f4xx_rtc.o(.text)
    RTC_WriteBackupRegister                  0x08003c43   Thumb Code    26  stm32f4xx_rtc.o(.text)
    RTC_ReadBackupRegister                   0x08003c5d   Thumb Code    28  stm32f4xx_rtc.o(.text)
    RTC_TamperPinSelection                   0x08003c79   Thumb Code    26  stm32f4xx_rtc.o(.text)
    RTC_TimeStampPinSelection                0x08003c93   Thumb Code    26  stm32f4xx_rtc.o(.text)
    RTC_OutputTypeConfig                     0x08003cad   Thumb Code    26  stm32f4xx_rtc.o(.text)
    RTC_SynchroShiftConfig                   0x08003cc7   Thumb Code   130  stm32f4xx_rtc.o(.text)
    RTC_ITConfig                             0x08003d49   Thumb Code    94  stm32f4xx_rtc.o(.text)
    RTC_GetFlagStatus                        0x08003da7   Thumb Code    32  stm32f4xx_rtc.o(.text)
    RTC_ClearFlag                            0x08003dc7   Thumb Code    28  stm32f4xx_rtc.o(.text)
    RTC_GetITStatus                          0x08003de3   Thumb Code    62  stm32f4xx_rtc.o(.text)
    RTC_ClearITPendingBit                    0x08003e21   Thumb Code    32  stm32f4xx_rtc.o(.text)
    TIM_DeInit                               0x08003e49   Thumb Code   346  stm32f4xx_tim.o(.text)
    TIM_TimeBaseInit                         0x08003fa3   Thumb Code   104  stm32f4xx_tim.o(.text)
    TIM_TimeBaseStructInit                   0x0800400b   Thumb Code    18  stm32f4xx_tim.o(.text)
    TIM_PrescalerConfig                      0x0800401d   Thumb Code     6  stm32f4xx_tim.o(.text)
    TIM_CounterModeConfig                    0x08004023   Thumb Code    18  stm32f4xx_tim.o(.text)
    TIM_SetCounter                           0x08004035   Thumb Code     4  stm32f4xx_tim.o(.text)
    TIM_SetAutoreload                        0x08004039   Thumb Code     4  stm32f4xx_tim.o(.text)
    TIM_GetCounter                           0x0800403d   Thumb Code     6  stm32f4xx_tim.o(.text)
    TIM_GetPrescaler                         0x08004043   Thumb Code     6  stm32f4xx_tim.o(.text)
    TIM_UpdateDisableConfig                  0x08004049   Thumb Code    24  stm32f4xx_tim.o(.text)
    TIM_UpdateRequestConfig                  0x08004061   Thumb Code    24  stm32f4xx_tim.o(.text)
    TIM_ARRPreloadConfig                     0x08004079   Thumb Code    24  stm32f4xx_tim.o(.text)
    TIM_SelectOnePulseMode                   0x08004091   Thumb Code    18  stm32f4xx_tim.o(.text)
    TIM_SetClockDivision                     0x080040a3   Thumb Code    18  stm32f4xx_tim.o(.text)
    TIM_Cmd                                  0x080040b5   Thumb Code    24  stm32f4xx_tim.o(.text)
    TIM_OC1Init                              0x080040cd   Thumb Code   114  stm32f4xx_tim.o(.text)
    TIM_OC2Init                              0x0800413f   Thumb Code   154  stm32f4xx_tim.o(.text)
    TIM_OC3Init                              0x080041d9   Thumb Code   204  stm32f4xx_tim.o(.text)
    TIM_OC4Init                              0x080042a5   Thumb Code   112  stm32f4xx_tim.o(.text)
    TIM_OCStructInit                         0x08004315   Thumb Code    20  stm32f4xx_tim.o(.text)
    TIM_SelectOCxM                           0x08004329   Thumb Code    86  stm32f4xx_tim.o(.text)
    TIM_SetCompare1                          0x0800437f   Thumb Code     4  stm32f4xx_tim.o(.text)
    TIM_SetCompare2                          0x08004383   Thumb Code     4  stm32f4xx_tim.o(.text)
    TIM_SetCompare3                          0x08004387   Thumb Code     4  stm32f4xx_tim.o(.text)
    TIM_SetCompare4                          0x0800438b   Thumb Code     4  stm32f4xx_tim.o(.text)
    TIM_ForcedOC1Config                      0x0800438f   Thumb Code    18  stm32f4xx_tim.o(.text)
    TIM_ForcedOC2Config                      0x080043a1   Thumb Code    26  stm32f4xx_tim.o(.text)
    TIM_ForcedOC3Config                      0x080043bb   Thumb Code    18  stm32f4xx_tim.o(.text)
    TIM_ForcedOC4Config                      0x080043cd   Thumb Code    26  stm32f4xx_tim.o(.text)
    TIM_OC1PreloadConfig                     0x080043e7   Thumb Code    18  stm32f4xx_tim.o(.text)
    TIM_OC2PreloadConfig                     0x080043f9   Thumb Code    26  stm32f4xx_tim.o(.text)
    TIM_OC3PreloadConfig                     0x08004413   Thumb Code    18  stm32f4xx_tim.o(.text)
    TIM_OC4PreloadConfig                     0x08004425   Thumb Code    26  stm32f4xx_tim.o(.text)
    TIM_OC1FastConfig                        0x0800443f   Thumb Code    18  stm32f4xx_tim.o(.text)
    TIM_OC2FastConfig                        0x08004451   Thumb Code    26  stm32f4xx_tim.o(.text)
    TIM_OC3FastConfig                        0x0800446b   Thumb Code    18  stm32f4xx_tim.o(.text)
    TIM_OC4FastConfig                        0x0800447d   Thumb Code    26  stm32f4xx_tim.o(.text)
    TIM_ClearOC1Ref                          0x08004497   Thumb Code    18  stm32f4xx_tim.o(.text)
    TIM_ClearOC2Ref                          0x080044a9   Thumb Code    24  stm32f4xx_tim.o(.text)
    TIM_ClearOC3Ref                          0x080044c1   Thumb Code    18  stm32f4xx_tim.o(.text)
    TIM_ClearOC4Ref                          0x080044d3   Thumb Code    24  stm32f4xx_tim.o(.text)
    TIM_OC1PolarityConfig                    0x080044eb   Thumb Code    18  stm32f4xx_tim.o(.text)
    TIM_OC1NPolarityConfig                   0x080044fd   Thumb Code    18  stm32f4xx_tim.o(.text)
    TIM_OC2PolarityConfig                    0x0800450f   Thumb Code    26  stm32f4xx_tim.o(.text)
    TIM_OC2NPolarityConfig                   0x08004529   Thumb Code    26  stm32f4xx_tim.o(.text)
    TIM_OC3PolarityConfig                    0x08004543   Thumb Code    26  stm32f4xx_tim.o(.text)
    TIM_OC3NPolarityConfig                   0x0800455d   Thumb Code    26  stm32f4xx_tim.o(.text)
    TIM_OC4PolarityConfig                    0x08004577   Thumb Code    26  stm32f4xx_tim.o(.text)
    TIM_CCxCmd                               0x08004591   Thumb Code    30  stm32f4xx_tim.o(.text)
    TIM_CCxNCmd                              0x080045af   Thumb Code    30  stm32f4xx_tim.o(.text)
    TIM_SetIC4Prescaler                      0x080045cd   Thumb Code    26  stm32f4xx_tim.o(.text)
    TIM_SetIC3Prescaler                      0x08004637   Thumb Code    18  stm32f4xx_tim.o(.text)
    TIM_SetIC2Prescaler                      0x08004691   Thumb Code    26  stm32f4xx_tim.o(.text)
    TIM_SetIC1Prescaler                      0x08004705   Thumb Code    18  stm32f4xx_tim.o(.text)
    TIM_ICInit                               0x08004751   Thumb Code   110  stm32f4xx_tim.o(.text)
    TIM_ICStructInit                         0x080047bf   Thumb Code    18  stm32f4xx_tim.o(.text)
    TIM_PWMIConfig                           0x080047d1   Thumb Code   124  stm32f4xx_tim.o(.text)
    TIM_GetCapture1                          0x0800484d   Thumb Code     6  stm32f4xx_tim.o(.text)
    TIM_GetCapture2                          0x08004853   Thumb Code     6  stm32f4xx_tim.o(.text)
    TIM_GetCapture3                          0x08004859   Thumb Code     6  stm32f4xx_tim.o(.text)
    TIM_GetCapture4                          0x0800485f   Thumb Code     6  stm32f4xx_tim.o(.text)
    TIM_BDTRConfig                           0x08004865   Thumb Code    32  stm32f4xx_tim.o(.text)
    TIM_BDTRStructInit                       0x08004885   Thumb Code    18  stm32f4xx_tim.o(.text)
    TIM_CtrlPWMOutputs                       0x08004897   Thumb Code    30  stm32f4xx_tim.o(.text)
    TIM_SelectCOM                            0x080048b5   Thumb Code    24  stm32f4xx_tim.o(.text)
    TIM_CCPreloadControl                     0x080048cd   Thumb Code    24  stm32f4xx_tim.o(.text)
    TIM_ITConfig                             0x080048e5   Thumb Code    18  stm32f4xx_tim.o(.text)
    TIM_GenerateEvent                        0x080048f7   Thumb Code     4  stm32f4xx_tim.o(.text)
    TIM_GetFlagStatus                        0x080048fb   Thumb Code    18  stm32f4xx_tim.o(.text)
    TIM_ClearFlag                            0x0800490d   Thumb Code     6  stm32f4xx_tim.o(.text)
    TIM_GetITStatus                          0x08004913   Thumb Code    34  stm32f4xx_tim.o(.text)
    TIM_ClearITPendingBit                    0x08004935   Thumb Code     6  stm32f4xx_tim.o(.text)
    TIM_DMAConfig                            0x0800493b   Thumb Code    10  stm32f4xx_tim.o(.text)
    TIM_DMACmd                               0x08004945   Thumb Code    18  stm32f4xx_tim.o(.text)
    TIM_SelectCCDMA                          0x08004957   Thumb Code    24  stm32f4xx_tim.o(.text)
    TIM_InternalClockConfig                  0x0800496f   Thumb Code    12  stm32f4xx_tim.o(.text)
    TIM_SelectInputTrigger                   0x0800497b   Thumb Code    18  stm32f4xx_tim.o(.text)
    TIM_ITRxExternalClockConfig              0x0800498d   Thumb Code    24  stm32f4xx_tim.o(.text)
    TIM_TIxExternalClockConfig               0x080049a5   Thumb Code    62  stm32f4xx_tim.o(.text)
    TIM_ETRConfig                            0x080049e3   Thumb Code    28  stm32f4xx_tim.o(.text)
    TIM_ETRClockMode1Config                  0x080049ff   Thumb Code    54  stm32f4xx_tim.o(.text)
    TIM_ETRClockMode2Config                  0x08004a35   Thumb Code    32  stm32f4xx_tim.o(.text)
    TIM_SelectOutputTrigger                  0x08004a55   Thumb Code    18  stm32f4xx_tim.o(.text)
    TIM_SelectSlaveMode                      0x08004a67   Thumb Code    18  stm32f4xx_tim.o(.text)
    TIM_SelectMasterSlaveMode                0x08004a79   Thumb Code    18  stm32f4xx_tim.o(.text)
    TIM_EncoderInterfaceConfig               0x08004a8b   Thumb Code    66  stm32f4xx_tim.o(.text)
    TIM_SelectHallSensor                     0x08004acd   Thumb Code    24  stm32f4xx_tim.o(.text)
    TIM_RemapConfig                          0x08004ae5   Thumb Code     6  stm32f4xx_tim.o(.text)
    DMA_DeInit                               0x08004aed   Thumb Code   324  stm32f4xx_dma.o(.text)
    DMA_Init                                 0x08004c31   Thumb Code    82  stm32f4xx_dma.o(.text)
    DMA_StructInit                           0x08004c83   Thumb Code    34  stm32f4xx_dma.o(.text)
    DMA_Cmd                                  0x08004ca5   Thumb Code    22  stm32f4xx_dma.o(.text)
    DMA_PeriphIncOffsetSizeConfig            0x08004cbb   Thumb Code    22  stm32f4xx_dma.o(.text)
    DMA_FlowControllerConfig                 0x08004cd1   Thumb Code    22  stm32f4xx_dma.o(.text)
    DMA_SetCurrDataCounter                   0x08004ce7   Thumb Code     4  stm32f4xx_dma.o(.text)
    DMA_GetCurrDataCounter                   0x08004ceb   Thumb Code     8  stm32f4xx_dma.o(.text)
    DMA_DoubleBufferModeConfig               0x08004cf3   Thumb Code    24  stm32f4xx_dma.o(.text)
    DMA_DoubleBufferModeCmd                  0x08004d0b   Thumb Code    22  stm32f4xx_dma.o(.text)
    DMA_MemoryTargetConfig                   0x08004d21   Thumb Code    10  stm32f4xx_dma.o(.text)
    DMA_GetCurrentMemoryTarget               0x08004d2b   Thumb Code    20  stm32f4xx_dma.o(.text)
    DMA_GetCmdStatus                         0x08004d3f   Thumb Code    20  stm32f4xx_dma.o(.text)
    DMA_GetFIFOStatus                        0x08004d53   Thumb Code    12  stm32f4xx_dma.o(.text)
    DMA_GetFlagStatus                        0x08004d5f   Thumb Code    54  stm32f4xx_dma.o(.text)
    DMA_ClearFlag                            0x08004d95   Thumb Code    40  stm32f4xx_dma.o(.text)
    DMA_ITConfig                             0x08004dbd   Thumb Code    58  stm32f4xx_dma.o(.text)
    DMA_GetITStatus                          0x08004df7   Thumb Code    82  stm32f4xx_dma.o(.text)
    DMA_ClearITPendingBit                    0x08004e49   Thumb Code    40  stm32f4xx_dma.o(.text)
    invSqrt                                  0x08004e91   Thumb Code    56  imu.o(.text)
    IMUupdate                                0x08004ec9   Thumb Code  1474  imu.o(.text)
    InitMPU6050                              0x080054a9   Thumb Code   164  6050.o(.text)
    MPU6050_Read                             0x0800554d   Thumb Code   148  6050.o(.text)
    Gyro_OFFEST                              0x080055e1   Thumb Code   294  6050.o(.text)
    I2C_INIT                                 0x08005721   Thumb Code    82  i2c.o(.text)
    I2C_delay                                0x08005773   Thumb Code    14  i2c.o(.text)
    delay5ms                                 0x08005781   Thumb Code    14  i2c.o(.text)
    I2C_Start                                0x0800578f   Thumb Code    90  i2c.o(.text)
    I2C_Stop                                 0x080057e9   Thumb Code    60  i2c.o(.text)
    I2C_Ack                                  0x08005825   Thumb Code    60  i2c.o(.text)
    I2C_NoAck                                0x08005861   Thumb Code    60  i2c.o(.text)
    I2C_WaitAck                              0x0800589d   Thumb Code    92  i2c.o(.text)
    I2C_SendByte                             0x080058f9   Thumb Code    94  i2c.o(.text)
    I2C_RadeByte                             0x08005957   Thumb Code    88  i2c.o(.text)
    Single_Write                             0x080059af   Thumb Code    70  i2c.o(.text)
    Single_Write_MS5611                      0x080059f5   Thumb Code    58  i2c.o(.text)
    Single_Read                              0x08005a2f   Thumb Code    80  i2c.o(.text)
    Attitude_update                          0x08005a85   Thumb Code   216  prepare_data.o(.text)
    PrepareForIMU                            0x08005f39   Thumb Code   566  prepare_data.o(.text)
    Sys_Configuration                        0x08006199   Thumb Code    58  clock.o(.text)
    Clock_Int_Init                           0x080061d3   Thumb Code    98  clock.o(.text)
    Body_Protect                             0x08006235   Thumb Code    90  clock.o(.text)
    ControlTask                              0x0800628f   Thumb Code   346  clock.o(.text)
    PowerData_Detect                         0x080063e9   Thumb Code    64  clock.o(.text)
    Mode_Change                              0x08006429   Thumb Code    24  clock.o(.text)
    TIM8_BRK_TIM12_IRQHandler                0x08006441   Thumb Code   178  clock.o(.text)
    Get_Time_Micros                          0x080064f3   Thumb Code     8  clock.o(.text)
    Holder_update_para                       0x08006579   Thumb Code   294  holder.o(.text)
    Holder_Control                           0x0800669f   Thumb Code   206  holder.o(.text)
    ComeToZero                               0x0800676d   Thumb Code    54  holder.o(.text)
    AmplitudeCheck                           0x080067d9   Thumb Code    46  chassis_control.o(.text)
    Chessis_Info_Init                        0x08006807   Thumb Code    18  chassis_control.o(.text)
    Chassis_Control                          0x08006819   Thumb Code   136  chassis_control.o(.text)
    Chassis_Remote_Dispack                   0x080068a1   Thumb Code   406  chassis_control.o(.text)
    Lets_Rock                                0x08006a37   Thumb Code   212  chassis_control.o(.text)
    Anaconda                                 0x08006b0b   Thumb Code    18  chassis_control.o(.text)
    Angle_Attack                             0x08006b1d   Thumb Code    70  chassis_control.o(.text)
    SoftReset                                0x08006b63   Thumb Code    42  chassis_control.o(.text)
    Lets_Revolve                             0x08006b8d   Thumb Code    54  chassis_control.o(.text)
    Wheel_para_update                        0x08006c19   Thumb Code   146  wheel_speed.o(.text)
    Wheel_Info_Init                          0x08006cab   Thumb Code    66  wheel_speed.o(.text)
    Wheel_Info_Update                        0x08006ced   Thumb Code   182  wheel_speed.o(.text)
    Wheel_out                                0x08006f8d   Thumb Code   324  wheel_speed.o(.text)
    Wheel_out_Proccess                       0x080070d1   Thumb Code    38  wheel_speed.o(.text)
    Power_Circle                             0x080070f7   Thumb Code   352  wheel_speed.o(.text)
    Wheel_Speed_control                      0x08007257   Thumb Code   856  wheel_speed.o(.text)
    RampCal                                  0x080075b5   Thumb Code   106  ramp.o(.text)
    ComputerControl                          0x0800761f   Thumb Code   374  ramp.o(.text)
    Remote_Imitate                           0x08007795   Thumb Code   336  ramp.o(.text)
    can2_send                                0x08007915   Thumb Code    98  motor_out.o(.text)
    Holder_Motor_output                      0x08007977   Thumb Code   216  motor_out.o(.text)
    Mainfold_Receive_Configuration           0x08007a61   Thumb Code   454  referee.o(.text)
    Referee_Configuration                    0x08007c27   Thumb Code   394  referee.o(.text)
    DMA1_Stream6_IRQHandler                  0x08007db1   Thumb Code    42  referee.o(.text)
    New_Send_Data                            0x08007ddb   Thumb Code    54  referee.o(.text)
    USART3_IRQHandler                        0x08007e11   Thumb Code   134  referee.o(.text)
    USART2_IRQHandler                        0x08007e97   Thumb Code   704  referee.o(.text)
    Get_CRC16_Check_Sum                      0x08008157   Thumb Code    46  referee.o(.text)
    Append_CRC16_Check_Sum                   0x08008185   Thumb Code    44  referee.o(.text)
    Get_CRC8_Check_Sum                       0x080081b1   Thumb Code    30  referee.o(.text)
    Append_CRC8_Check_Sum                    0x080081cf   Thumb Code    36  referee.o(.text)
    SendtoReferee                            0x080081f3   Thumb Code   118  referee.o(.text)
    Verify_CRC8_Check_Sum                    0x08008269   Thumb Code   132  referee.o(.text)
    Verify_CRC16_Check_Sum                   0x080082ed   Thumb Code    60  referee.o(.text)
    CalculateKey                             0x0800832d   Thumb Code    68  hit.o(.text)
    Hit_flag_init                            0x08008371   Thumb Code    12  hit.o(.text)
    Hit_Task                                 0x080088e3   Thumb Code    24  hit.o(.text)
    TwoPointCal                              0x08008941   Thumb Code   582  hit_calculation.o(.text)
    __aeabi_memcpy                           0x08008b9d   Thumb Code    36  memcpya.o(.text)
    __aeabi_memcpy4                          0x08008b9d   Thumb Code     0  memcpya.o(.text)
    __aeabi_memcpy8                          0x08008b9d   Thumb Code     0  memcpya.o(.text)
    __aeabi_memset                           0x08008bc1   Thumb Code    14  memseta.o(.text)
    __aeabi_memset4                          0x08008bc1   Thumb Code     0  memseta.o(.text)
    __aeabi_memset8                          0x08008bc1   Thumb Code     0  memseta.o(.text)
    __aeabi_memclr                           0x08008bcf   Thumb Code     4  memseta.o(.text)
    __aeabi_memclr4                          0x08008bcf   Thumb Code     0  memseta.o(.text)
    __aeabi_memclr8                          0x08008bcf   Thumb Code     0  memseta.o(.text)
    _memset$wrapper                          0x08008bd3   Thumb Code    18  memseta.o(.text)
    __aeabi_dadd                             0x08008be5   Thumb Code   322  dadd.o(.text)
    __aeabi_dsub                             0x08008d27   Thumb Code     6  dadd.o(.text)
    __aeabi_drsub                            0x08008d2d   Thumb Code     6  dadd.o(.text)
    __aeabi_dmul                             0x08008d33   Thumb Code   228  dmul.o(.text)
    __aeabi_ddiv                             0x08008e17   Thumb Code   222  ddiv.o(.text)
    __aeabi_i2d                              0x08008ef5   Thumb Code    34  dflti.o(.text)
    __aeabi_d2iz                             0x08008f17   Thumb Code    62  dfixi.o(.text)
    __aeabi_f2d                              0x08008f55   Thumb Code    38  f2d.o(.text)
    __aeabi_d2f                              0x08008f7b   Thumb Code    56  d2f.o(.text)
    __aeabi_llsl                             0x08008fb3   Thumb Code    30  llshl.o(.text)
    _ll_shift_l                              0x08008fb3   Thumb Code     0  llshl.o(.text)
    __aeabi_llsr                             0x08008fd1   Thumb Code    32  llushr.o(.text)
    _ll_ushift_r                             0x08008fd1   Thumb Code     0  llushr.o(.text)
    __aeabi_lasr                             0x08008ff1   Thumb Code    36  llsshr.o(.text)
    _ll_sshift_r                             0x08008ff1   Thumb Code     0  llsshr.o(.text)
    __I$use$fp                               0x08009015   Thumb Code     0  iusefp.o(.text)
    _float_round                             0x08009015   Thumb Code    18  fepilogue.o(.text)
    _float_epilogue                          0x08009027   Thumb Code    90  fepilogue.o(.text)
    _double_round                            0x08009081   Thumb Code    26  depilogue.o(.text)
    _double_epilogue                         0x0800909b   Thumb Code   164  depilogue.o(.text)
    _dsqrt                                   0x0800913f   Thumb Code   162  dsqrt.o(.text)
    __scatterload                            0x080091e1   Thumb Code    28  init.o(.text)
    __scatterload_rt2                        0x080091e1   Thumb Code     0  init.o(.text)
    __aeabi_ui2d                             0x08009205   Thumb Code    26  dfltui.o(.text)
    __decompress                             0x0800921f   Thumb Code     0  __dczerorl2.o(.text)
    __decompress1                            0x0800921f   Thumb Code    92  __dczerorl2.o(.text)
    __ARM_fpclassify                         0x0800927b   Thumb Code    48  fpclassify.o(i.__ARM_fpclassify)
    __hardfp_acos                            0x080092b1   Thumb Code   738  acos.o(i.__hardfp_acos)
    __hardfp_asin                            0x08009601   Thumb Code   774  asin.o(i.__hardfp_asin)
    __hardfp_atan                            0x08009971   Thumb Code   636  atan.o(i.__hardfp_atan)
    __hardfp_atan2                           0x08009c59   Thumb Code   416  atan2.o(i.__hardfp_atan2)
    __hardfp_cos                             0x08009e39   Thumb Code   200  cos.o(i.__hardfp_cos)
    __hardfp_sqrt                            0x08009f11   Thumb Code   122  sqrt.o(i.__hardfp_sqrt)
    __ieee754_rem_pio2                       0x08009f91   Thumb Code   972  rred.o(i.__ieee754_rem_pio2)
    __kernel_cos                             0x0800a3e9   Thumb Code   322  cos_i.o(i.__kernel_cos)
    __kernel_poly                            0x0800a559   Thumb Code   248  poly.o(i.__kernel_poly)
    __kernel_sin                             0x0800a651   Thumb Code   280  sin_i.o(i.__kernel_sin)
    __mathlib_dbl_underflow                  0x0800a781   Thumb Code    24  dunder.o(i.__mathlib_dbl_underflow)
    __scatterload_copy                       0x0800a7a1   Thumb Code    14  handlers.o(i.__scatterload_copy)
    __scatterload_null                       0x0800a7af   Thumb Code     2  handlers.o(i.__scatterload_null)
    __scatterload_zeroinit                   0x0800a7b1   Thumb Code    14  handlers.o(i.__scatterload_zeroinit)
    __set_errno                              0x0800a7c1   Thumb Code     6  errno.o(i.__set_errno)
    atan                                     0x0800a7cd   Thumb Code    16  atan.o(i.atan)
    fabs                                     0x0800a7dd   Thumb Code    32  fabs.o(i.fabs)
    sqrt                                     0x0800a7fd   Thumb Code   110  sqrt.o(i.sqrt)
    CRC8_INIT                                0x0800a8b4   Data           1  referee.o(.constdata)
    CRC8_TAB                                 0x0800a8b5   Data         256  referee.o(.constdata)
    wCRC_Table                               0x0800a9b6   Data         512  referee.o(.constdata)
    __mathlib_zero                           0x0800ad20   Data           8  qnan.o(.constdata)
    Region$$Table$$Base                      0x0800ae18   Number         0  anon$$obj.o(Region$$Table)
    Region$$Table$$Limit                     0x0800ae38   Number         0  anon$$obj.o(Region$$Table)
    LaserAndPrep                             0x20000000   Data          96  otherconfig.o(.data)
    Load_motor_para_Mainfold                 0x20000064   Data          24  load_motor.o(.data)
    Load_motor                               0x2000007c   Data          24  load_motor.o(.data)
    IsComputerControl                        0x20000098   Data           1  remote.o(.data)
    BKP_ADR                                  0x200000a0   Data          80  bkp_data.o(.data)
    Recovery_flag                            0x200000f0   Data           1  bkp_data.o(.data)
    SystemCoreClock                          0x200000f4   Data           4  system_stm32f4xx.o(.data)
    AHBPrescTable                            0x200000f8   Data          16  system_stm32f4xx.o(.data)
    q0                                       0x20000118   Data           4  imu.o(.data)
    q1                                       0x2000011c   Data           4  imu.o(.data)
    q2                                       0x20000120   Data           4  imu.o(.data)
    q3                                       0x20000124   Data           4  imu.o(.data)
    exInt                                    0x20000128   Data           4  imu.o(.data)
    eyInt                                    0x2000012c   Data           4  imu.o(.data)
    ezInt                                    0x20000130   Data           4  imu.o(.data)
    lastUpdate                               0x20000134   Data           4  imu.o(.data)
    now                                      0x20000138   Data           4  imu.o(.data)
    TAddr                                    0x2000013c   Data           1  6050.o(.data)
    mpu6050_error_flag                       0x20000140   Data           1  prepare_data.o(.data)
    PowerData                                0x20000178   Data           4  clock.o(.data)
    clock_cnt                                0x2000017c   Data           4  clock.o(.data)
    judge_cnt                                0x20000180   Data           4  clock.o(.data)
    Powerlimit_cnt                           0x20000184   Data           4  clock.o(.data)
    Reset_cnt                                0x20000188   Data           4  clock.o(.data)
    Run_state                                0x2000018c   Data           1  clock.o(.data)
    Reset_can                                0x2000018d   Data           1  clock.o(.data)
    mpu_cnt                                  0x20000190   Data           4  clock.o(.data)
    PowerData_flag                           0x2000019c   Data           4  clock.o(.data)
    Last_PowerData                           0x200001a0   Data           4  clock.o(.data)
    ComeToZero_Flag                          0x200001a4   Data           1  holder.o(.data)
    Pitch_para_6623                          0x200001a8   Data          24  holder.o(.data)
    Yaw_para_6623                            0x200001c0   Data          24  holder.o(.data)
    Yaw_para_6025                            0x200001d8   Data          24  holder.o(.data)
    componsate                               0x200001f0   Data           2  holder.o(.data)
    chassis_f0                               0x200001f4   Data           2  chassis_control.o(.data)
    chassis_r0                               0x200001f6   Data           2  chassis_control.o(.data)
    chassis_y0                               0x200001f8   Data           2  chassis_control.o(.data)
    time_ms_angle                            0x200001fc   Data           4  chassis_control.o(.data)
    f0                                       0x20000200   Data           2  chassis_control.o(.data)
    r0                                       0x20000202   Data           2  chassis_control.o(.data)
    y0                                       0x20000204   Data           2  chassis_control.o(.data)
    Chassis_para                             0x20000208   Data          24  chassis_control.o(.data)
    Wheel_para_old                           0x20000224   Data          24  wheel_speed.o(.data)
    Wheel_para_new                           0x2000023c   Data          24  wheel_speed.o(.data)
    LowPower_Para                            0x20000254   Data           4  wheel_speed.o(.data)
    NORMAL_FORWARD_BACK_SPEED                0x20000260   Data           2  ramp.o(.data)
    NORMAL_LEFT_RIGHT_SPEED                  0x20000262   Data           2  ramp.o(.data)
    forward_back_speed                       0x20000264   Data           4  ramp.o(.data)
    left_right_speed                         0x20000268   Data           4  ramp.o(.data)
    Flag_Uart_Busy                           0x2000026c   Data           1  referee.o(.data)
    CRC_INIT                                 0x2000026e   Data           2  referee.o(.data)
    Judgment_02_data                         0x20000278   Data           6  referee.o(.data)
    temp_V                                   0x20000280   Data           4  referee.o(.data)
    temp_A                                   0x20000284   Data           4  referee.o(.data)
    temp_W                                   0x20000288   Data           4  referee.o(.data)
    temp_J                                   0x2000028c   Data           4  referee.o(.data)
    temp_ss                                  0x20000290   Data           4  referee.o(.data)
    temp_sf                                  0x20000294   Data           4  referee.o(.data)
    temp_bs                                  0x20000298   Data           4  referee.o(.data)
    temp_bf                                  0x2000029c   Data           4  referee.o(.data)
    HitMode                                  0x200002a0   Data           1  hit.o(.data)
    TestSDSU                                 0x200002a1   Data           1  hit.o(.data)
    FetchMode                                0x200002a2   Data           1  hit.o(.data)
    FetchFinish                              0x200002a3   Data           1  hit.o(.data)
    CanChangeFlag                            0x200002a4   Data           1  hit.o(.data)
    CanFetchFlag                             0x200002a5   Data           1  hit.o(.data)
    ManualMode                               0x200002a6   Data           1  hit.o(.data)
    LastTarget                               0x200002a8   Data           4  hit.o(.data)
    Fetch_cnt                                0x200002ac   Data           1  hit.o(.data)
    CanShootFlag                             0x200002ad   Data           1  hit.o(.data)
    Hit_rev                                  0x200002ae   Data           5  hit.o(.data)
    TargetTable                              0x200002b4   Data          72  hit.o(.data)
    jjjjwww                                  0x200002fc   Data           4  hit.o(.data)
    BKP_DATA                                 0x2000030c   Data          12  main.o(.bss)
    Send_data                                0x20000318   Data          21  main.o(.bss)
    RxMessage205                             0x20000330   Data          20  can2.o(.bss)
    RxMessage206                             0x20000344   Data          20  can2.o(.bss)
    RxMessage                                0x20000358   Data          20  can2.o(.bss)
    Shoot_Info                               0x2000036c   Data          72  shoot.o(.bss)
    sbus_rx_buffer                           0x200003b4   Data          18  remote.o(.bss)
    RC_Ctl                                   0x200003c6   Data          22  remote.o(.bss)
    angle                                    0x200003dc   Data          16  imu.o(.bss)
    sensor                                   0x200003ec   Data          72  6050.o(.bss)
    sensor2                                  0x20000434   Data          72  6050.o(.bss)
    mpu6050_buffer                           0x2000047c   Data          16  6050.o(.bss)
    Gyro_File_Buf                            0x2000048c   Data         120  prepare_data.o(.bss)
    Pitch_Hold_Info                          0x20000504   Data          40  holder.o(.bss)
    yaw_Hold_Info                            0x2000052c   Data          40  holder.o(.bss)
    Pitch_para                               0x20000554   Data          24  holder.o(.bss)
    Yaw_para                                 0x2000056c   Data          24  holder.o(.bss)
    Chassis_Control_Info                     0x20000584   Data          16  chassis_control.o(.bss)
    k_b                                      0x20000594   Data          24  wheel_speed.o(.bss)
    Wheel_para                               0x200005ac   Data          24  wheel_speed.o(.bss)
    Four_Wheel_Info                          0x200005c4   Data         140  wheel_speed.o(.bss)
    RampTFB                                  0x20000650   Data          32  ramp.o(.bss)
    RampTLF                                  0x20000670   Data          32  ramp.o(.bss)
    Move_UD                                  0x20000690   Data          32  ramp.o(.bss)
    Move_LF                                  0x200006b0   Data          32  ramp.o(.bss)
    meta_data                                0x200006d0   Data          80  referee.o(.bss)
    Judgment_01_data                         0x20000720   Data          24  referee.o(.bss)
    Judgment_03_data                         0x20000738   Data          16  referee.o(.bss)
    Judgment_04_data                         0x20000748   Data          22  referee.o(.bss)
    UserDefineData                           0x20000760   Data          12  referee.o(.bss)
    Tx_Buf                                   0x2000076c   Data          21  referee.o(.bss)
    re_data                                  0x20000781   Data          21  referee.o(.bss)
    RC_Key                                   0x20000796   Data          32  hit.o(.bss)
    __initial_sp                             0x20000fb8   Data           0  startup_stm32f40_41xxx.o(STACK)



==============================================================================

Memory Map of the image

  Image Entry point : 0x08000189

  Load Region LR_IROM1 (Base: 0x08000000, Size: 0x0000b144, Max: 0x00100000, ABSOLUTE, COMPRESSED[0x0000af2c])

    Execution Region ER_IROM1 (Base: 0x08000000, Size: 0x0000ae38, Max: 0x00100000, ABSOLUTE)

    Base Addr    Size         Type   Attr      Idx    E Section Name        Object

    0x08000000   0x00000188   Data   RO          511    RESET               startup_stm32f40_41xxx.o
    0x08000188   0x00000000   Code   RO         1200  * .ARM.Collect$$$$00000000  mc_w.l(entry.o)
    0x08000188   0x00000004   Code   RO         1266    .ARM.Collect$$$$00000001  mc_w.l(entry2.o)
    0x0800018c   0x00000004   Code   RO         1269    .ARM.Collect$$$$00000004  mc_w.l(entry5.o)
    0x08000190   0x00000000   Code   RO         1271    .ARM.Collect$$$$00000008  mc_w.l(entry7b.o)
    0x08000190   0x00000000   Code   RO         1273    .ARM.Collect$$$$0000000A  mc_w.l(entry8b.o)
    0x08000190   0x00000008   Code   RO         1274    .ARM.Collect$$$$0000000B  mc_w.l(entry9a.o)
    0x08000198   0x00000000   Code   RO         1276    .ARM.Collect$$$$0000000D  mc_w.l(entry10a.o)
    0x08000198   0x00000000   Code   RO         1278    .ARM.Collect$$$$0000000F  mc_w.l(entry11a.o)
    0x08000198   0x00000004   Code   RO         1267    .ARM.Collect$$$$00002712  mc_w.l(entry2.o)
    0x0800019c   0x00000060   Code   RO            3    .text               main.o
    0x080001fc   0x00000100   Code   RO          280    .text               delay.o
    0x080002fc   0x000000fc   Code   RO          302    .text               boottask.o
    0x080003f8   0x000000a0   Code   RO          322    .text               led.o
    0x08000498   0x000001d4   Code   RO          342    .text               can2.o
    0x0800066c   0x0000056c   Code   RO          369    .text               load_motor.o
    0x08000bd8   0x000001f4   Code   RO          392    .text               shoot.o
    0x08000dcc   0x000004ec   Code   RO          418    .text               remote.o
    0x080012b8   0x00000190   Code   RO          445    .text               my_func.o
    0x08001448   0x000000e0   Code   RO          465    .text               bkp_data.o
    0x08001528   0x00000024   Code   RO          512    .text               startup_stm32f40_41xxx.o
    0x0800154c   0x000000e4   Code   RO          518    .text               misc.o
    0x08001630   0x000009ec   Code   RO          558    .text               stm32f4xx_can.o
    0x0800201c   0x00000454   Code   RO          578    .text               stm32f4xx_usart.o
    0x08002470   0x00000210   Code   RO          598    .text               system_stm32f4xx.o
    0x08002680   0x00000294   Code   RO          664    .text               stm32f4xx_gpio.o
    0x08002914   0x00000170   Code   RO          684    .text               stm32f4xx_pwr.o
    0x08002a84   0x0000065c   Code   RO          704    .text               stm32f4xx_rcc.o
    0x080030e0   0x00000d68   Code   RO          726    .text               stm32f4xx_rtc.o
    0x08003e48   0x00000ca2   Code   RO          746    .text               stm32f4xx_tim.o
    0x08004aea   0x00000002   PAD
    0x08004aec   0x000003a4   Code   RO          766    .text               stm32f4xx_dma.o
    0x08004e90   0x00000618   Code   RO          786    .text               imu.o
    0x080054a8   0x00000278   Code   RO          813    .text               6050.o
    0x08005720   0x00000364   Code   RO          840    .text               i2c.o
    0x08005a84   0x00000714   Code   RO          860    .text               prepare_data.o
    0x08006198   0x000003e0   Code   RO          887    .text               clock.o
    0x08006578   0x00000260   Code   RO          917    .text               holder.o
    0x080067d8   0x00000440   Code   RO          944    .text               chassis_control.o
    0x08006c18   0x0000099c   Code   RO          980    .text               wheel_speed.o
    0x080075b4   0x00000360   Code   RO         1008    .text               ramp.o
    0x08007914   0x0000014c   Code   RO         1036    .text               motor_out.o
    0x08007a60   0x000008cc   Code   RO         1059    .text               referee.o
    0x0800832c   0x00000614   Code   RO         1091    .text               hit.o
    0x08008940   0x0000025c   Code   RO         1118    .text               hit_calculation.o
    0x08008b9c   0x00000024   Code   RO         1203    .text               mc_w.l(memcpya.o)
    0x08008bc0   0x00000024   Code   RO         1205    .text               mc_w.l(memseta.o)
    0x08008be4   0x0000014e   Code   RO         1209    .text               mf_w.l(dadd.o)
    0x08008d32   0x000000e4   Code   RO         1211    .text               mf_w.l(dmul.o)
    0x08008e16   0x000000de   Code   RO         1213    .text               mf_w.l(ddiv.o)
    0x08008ef4   0x00000022   Code   RO         1217    .text               mf_w.l(dflti.o)
    0x08008f16   0x0000003e   Code   RO         1219    .text               mf_w.l(dfixi.o)
    0x08008f54   0x00000026   Code   RO         1221    .text               mf_w.l(f2d.o)
    0x08008f7a   0x00000038   Code   RO         1223    .text               mf_w.l(d2f.o)
    0x08008fb2   0x0000001e   Code   RO         1280    .text               mc_w.l(llshl.o)
    0x08008fd0   0x00000020   Code   RO         1282    .text               mc_w.l(llushr.o)
    0x08008ff0   0x00000024   Code   RO         1284    .text               mc_w.l(llsshr.o)
    0x08009014   0x00000000   Code   RO         1293    .text               mc_w.l(iusefp.o)
    0x08009014   0x0000006c   Code   RO         1294    .text               mf_w.l(fepilogue.o)
    0x08009080   0x000000be   Code   RO         1296    .text               mf_w.l(depilogue.o)
    0x0800913e   0x000000a2   Code   RO         1298    .text               mf_w.l(dsqrt.o)
    0x080091e0   0x00000024   Code   RO         1302    .text               mc_w.l(init.o)
    0x08009204   0x0000001a   Code   RO         1304    .text               mf_w.l(dfltui.o)
    0x0800921e   0x0000005c   Code   RO         1314    .text               mc_w.l(__dczerorl2.o)
    0x0800927a   0x00000030   Code   RO         1250    i.__ARM_fpclassify  m_wm.l(fpclassify.o)
    0x080092aa   0x00000006   PAD
    0x080092b0   0x00000350   Code   RO         1136    i.__hardfp_acos     m_wm.l(acos.o)
    0x08009600   0x00000370   Code   RO         1150    i.__hardfp_asin     m_wm.l(asin.o)
    0x08009970   0x000002e8   Code   RO         1225    i.__hardfp_atan     m_wm.l(atan.o)
    0x08009c58   0x000001e0   Code   RO         1164    i.__hardfp_atan2    m_wm.l(atan2.o)
    0x08009e38   0x000000d8   Code   RO         1176    i.__hardfp_cos      m_wm.l(cos.o)
    0x08009f10   0x0000007a   Code   RO         1188    i.__hardfp_sqrt     m_wm.l(sqrt.o)
    0x08009f8a   0x00000006   PAD
    0x08009f90   0x00000458   Code   RO         1255    i.__ieee754_rem_pio2  m_wm.l(rred.o)
    0x0800a3e8   0x00000170   Code   RO         1239    i.__kernel_cos      m_wm.l(cos_i.o)
    0x0800a558   0x000000f8   Code   RO         1252    i.__kernel_poly     m_wm.l(poly.o)
    0x0800a650   0x00000130   Code   RO         1260    i.__kernel_sin      m_wm.l(sin_i.o)
    0x0800a780   0x00000020   Code   RO         1242    i.__mathlib_dbl_underflow  m_wm.l(dunder.o)
    0x0800a7a0   0x0000000e   Code   RO         1308    i.__scatterload_copy  mc_w.l(handlers.o)
    0x0800a7ae   0x00000002   Code   RO         1309    i.__scatterload_null  mc_w.l(handlers.o)
    0x0800a7b0   0x0000000e   Code   RO         1310    i.__scatterload_zeroinit  mc_w.l(handlers.o)
    0x0800a7be   0x00000002   PAD
    0x0800a7c0   0x0000000c   Code   RO         1288    i.__set_errno       mc_w.l(errno.o)
    0x0800a7cc   0x00000010   Code   RO         1227    i.atan              m_wm.l(atan.o)
    0x0800a7dc   0x00000020   Code   RO         1246    i.fabs              m_wm.l(fabs.o)
    0x0800a7fc   0x0000006e   Code   RO         1190    i.sqrt              m_wm.l(sqrt.o)
    0x0800a86a   0x00000002   PAD
    0x0800a86c   0x00000010   Data   RO            5    .constdata          main.o
    0x0800a87c   0x00000028   Data   RO          946    .constdata          chassis_control.o
    0x0800a8a4   0x00000010   Data   RO          982    .constdata          wheel_speed.o
    0x0800a8b4   0x00000302   Data   RO         1061    .constdata          referee.o
    0x0800abb6   0x00000002   PAD
    0x0800abb8   0x00000050   Data   RO         1139    .constdata          m_wm.l(acos.o)
    0x0800ac08   0x00000050   Data   RO         1153    .constdata          m_wm.l(asin.o)
    0x0800ac58   0x00000098   Data   RO         1228    .constdata          m_wm.l(atan.o)
    0x0800acf0   0x00000030   Data   RO         1240    .constdata          m_wm.l(cos_i.o)
    0x0800ad20   0x00000008   Data   RO         1254    .constdata          m_wm.l(qnan.o)
    0x0800ad28   0x000000c8   Data   RO         1257    .constdata          m_wm.l(rred.o)
    0x0800adf0   0x00000028   Data   RO         1261    .constdata          m_wm.l(sin_i.o)
    0x0800ae18   0x00000020   Data   RO         1306    Region$$Table       anon$$obj.o


    Execution Region RW_IRAM1 (Base: 0x20000000, Size: 0x00000fb8, Max: 0x00020000, ABSOLUTE, COMPRESSED[0x000000f4])

    Base Addr    Size         Type   Attr      Idx    E Section Name        Object

    0x20000000   0x00000060   Data   RW          239    .data               otherconfig.o
    0x20000060   0x00000004   Data   RW          281    .data               delay.o
    0x20000064   0x00000034   Data   RW          370    .data               load_motor.o
    0x20000098   0x00000008   Data   RW          420    .data               remote.o
    0x200000a0   0x00000051   Data   RW          466    .data               bkp_data.o
    0x200000f1   0x00000003   PAD
    0x200000f4   0x00000014   Data   RW          599    .data               system_stm32f4xx.o
    0x20000108   0x00000010   Data   RW          705    .data               stm32f4xx_rcc.o
    0x20000118   0x00000024   Data   RW          788    .data               imu.o
    0x2000013c   0x00000001   Data   RW          815    .data               6050.o
    0x2000013d   0x00000003   PAD
    0x20000140   0x00000038   Data   RW          862    .data               prepare_data.o
    0x20000178   0x0000002c   Data   RW          888    .data               clock.o
    0x200001a4   0x0000004e   Data   RW          919    .data               holder.o
    0x200001f2   0x00000002   PAD
    0x200001f4   0x00000030   Data   RW          947    .data               chassis_control.o
    0x20000224   0x0000003c   Data   RW          983    .data               wheel_speed.o
    0x20000260   0x0000000c   Data   RW         1011    .data               ramp.o
    0x2000026c   0x00000034   Data   RW         1062    .data               referee.o
    0x200002a0   0x00000065   Data   RW         1093    .data               hit.o
    0x20000305   0x00000003   PAD
    0x20000308   0x00000004   Data   RW         1289    .data               mc_w.l(errno.o)
    0x2000030c   0x00000021   Zero   RW            4    .bss                main.o
    0x2000032d   0x00000003   PAD
    0x20000330   0x0000003c   Zero   RW          343    .bss                can2.o
    0x2000036c   0x00000048   Zero   RW          393    .bss                shoot.o
    0x200003b4   0x00000028   Zero   RW          419    .bss                remote.o
    0x200003dc   0x00000010   Zero   RW          787    .bss                imu.o
    0x200003ec   0x000000a0   Zero   RW          814    .bss                6050.o
    0x2000048c   0x00000078   Zero   RW          861    .bss                prepare_data.o
    0x20000504   0x00000080   Zero   RW          918    .bss                holder.o
    0x20000584   0x00000010   Zero   RW          945    .bss                chassis_control.o
    0x20000594   0x000000bc   Zero   RW          981    .bss                wheel_speed.o
    0x20000650   0x00000080   Zero   RW         1009    .bss                ramp.o
    0x200006d0   0x000000c6   Zero   RW         1060    .bss                referee.o
    0x20000796   0x00000020   Zero   RW         1092    .bss                hit.o
    0x200007b6   0x00000002   PAD
    0x200007b8   0x00000800   Zero   RW          509    STACK               startup_stm32f40_41xxx.o


==============================================================================

Image component sizes


      Code (inc. data)   RO Data    RW Data    ZI Data      Debug   Object Name

       632         26          0          1        160       3049   6050.o
       224         16          0         81          0       1716   bkp_data.o
       252         10          0          0          0        702   boottask.o
       468         28          0          0         60       1294   can2.o
      1088         86         40         48         16      32329   chassis_control.o
       992        126          0         44          0       2778   clock.o
       256          8          0          4          0       1377   delay.o
      1556        146          0        101         32       4122   hit.o
       604         22          0          0          0        906   hit_calculation.o
       608         54          0         78        128       2982   holder.o
       868          6          0          0          0       3294   i2c.o
      1560         78          0         36         16       2789   imu.o
       160         12          0          0          0        690   led.o
      1388         84          0         52          0       3582   load_motor.o
        96         16         16          0         33     318956   main.o
       228         22          0          0          0       1769   misc.o
       332         18          0          0          0       1204   motor_out.o
       400          0          0          0          0       2500   my_func.o
         0          0          0         96          0        451   otherconfig.o
      1812        116          0         56        120       3443   prepare_data.o
       864         48          0         12        128       2567   ramp.o
      2252        138        770         52        198       7888   referee.o
      1260         80          0          8         40       3180   remote.o
       500         30          0          0         72       2679   shoot.o
        36          8        392          0       2048        796   startup_stm32f40_41xxx.o
      2540         38          0          0          0       7920   stm32f4xx_can.o
       932         32          0          0          0       6241   stm32f4xx_dma.o
       660         44          0          0          0       4049   stm32f4xx_gpio.o
       368         20          0          0          0       3711   stm32f4xx_pwr.o
      1628         52          0         16          0      12812   stm32f4xx_rcc.o
      3432         44          0          0          0      15004   stm32f4xx_rtc.o
      3234         60          0          0          0      22248   stm32f4xx_tim.o
      1108         34          0          0          0       7744   stm32f4xx_usart.o
       528         46          0         20          0       1811   system_stm32f4xx.o
      2460        246         16         60        188       5933   wheel_speed.o

    ----------------------------------------------------------------------
     35328       1794       1268        776       3244     494516   Object Totals
         0          0         32          0          0          0   (incl. Generated)
         2          0          2         11          5          0   (incl. Padding)

    ----------------------------------------------------------------------

      Code (inc. data)   RO Data    RW Data    ZI Data      Debug   Library Member Name

       848        110         80          0          0        188   acos.o
       880        106         80          0          0        200   asin.o
       760        108        152          0          0        344   atan.o
       480         64          0          0          0        156   atan2.o
       216         16          0          0          0        152   cos.o
       368         46         48          0          0        200   cos_i.o
        32          8          0          0          0        124   dunder.o
        32          0          0          0          0        124   fabs.o
        48          0          0          0          0        124   fpclassify.o
       248          0          0          0          0        152   poly.o
         0          0          8          0          0          0   qnan.o
      1112        140        200          0          0        188   rred.o
       304         24         40          0          0        208   sin_i.o
       232          0          0          0          0        296   sqrt.o
        92          0          0          0          0          0   __dczerorl2.o
         0          0          0          0          0          0   entry.o
         0          0          0          0          0          0   entry10a.o
         0          0          0          0          0          0   entry11a.o
         8          4          0          0          0          0   entry2.o
         4          0          0          0          0          0   entry5.o
         0          0          0          0          0          0   entry7b.o
         0          0          0          0          0          0   entry8b.o
         8          4          0          0          0          0   entry9a.o
        12          6          0          4          0         68   errno.o
        30          0          0          0          0          0   handlers.o
        36          8          0          0          0         68   init.o
         0          0          0          0          0          0   iusefp.o
        30          0          0          0          0         68   llshl.o
        36          0          0          0          0         68   llsshr.o
        32          0          0          0          0         68   llushr.o
        36          0          0          0          0         68   memcpya.o
        36          0          0          0          0        108   memseta.o
        56          0          0          0          0         88   d2f.o
       334          0          0          0          0        148   dadd.o
       222          0          0          0          0        100   ddiv.o
       190          0          0          0          0        176   depilogue.o
        62          0          0          0          0         80   dfixi.o
        34          0          0          0          0         76   dflti.o
        26          0          0          0          0         76   dfltui.o
       228          0          0          0          0         96   dmul.o
       162          0          0          0          0        100   dsqrt.o
        38          0          0          0          0         68   f2d.o
       108          0          0          0          0        168   fepilogue.o

    ----------------------------------------------------------------------
      7396        644        608          4          0       4148   Library Totals
        16          0          0          0          0          0   (incl. Padding)

    ----------------------------------------------------------------------

      Code (inc. data)   RO Data    RW Data    ZI Data      Debug   Library Name

      5560        622        608          0          0       2456   m_wm.l
       360         22          0          4          0        516   mc_w.l
      1460          0          0          0          0       1176   mf_w.l

    ----------------------------------------------------------------------
      7396        644        608          4          0       4148   Library Totals

    ----------------------------------------------------------------------

==============================================================================


      Code (inc. data)   RO Data    RW Data    ZI Data      Debug   

     42724       2438       1876        780       3244     489484   Grand Totals
     42724       2438       1876        244       3244     489484   ELF Image Totals (compressed)
     42724       2438       1876        244          0          0   ROM Totals

==============================================================================

    Total RO  Size (Code + RO Data)                44600 (  43.55kB)
    Total RW  Size (RW Data + ZI Data)              4024 (   3.93kB)
    Total ROM Size (Code + RO Data + RW Data)      44844 (  43.79kB)

==============================================================================

