ARM Linker, 5.03 [Build 76] [MDK-ARM Standard]

==============================================================================

Section Cross References

    main.o(.text) refers to boottask.o(.text) for ALLTASk_BooT
    main.o(.text) refers to referee.o(.text) for SendtoReferee
    main.o(.text) refers to main.o(.constdata) for .constdata
    main.o(.text) refers to remote.o(.bss) for RC_Ctl
    main.o(.text) refers to remote.o(.data) for IsComputerControl
    main.o(.text) refers to main.o(.bss) for Send_data
    delay.o(.text) refers to misc.o(.text) for SysTick_CLKSourceConfig
    delay.o(.text) refers to delay.o(.data) for fac_us
    boottask.o(.text) refers to shoot.o(.text) for Shoot_PWM_Configuration
    boottask.o(.text) refers to chassis_control.o(.text) for Chessis_Info_Init
    boottask.o(.text) refers to holder.o(.text) for Holder_update_para
    boottask.o(.text) refers to delay.o(.text) for delay_init
    boottask.o(.text) refers to hit.o(.text) for Hit_flag_init
    boottask.o(.text) refers to led.o(.text) for LED_Init
    boottask.o(.text) refers to referee.o(.text) for Referee_Configuration
    boottask.o(.text) refers to load_motor.o(.text) for Load_Motor_PWM_Init
    boottask.o(.text) refers to wheel_speed.o(.text) for Wheel_Info_Init
    boottask.o(.text) refers to can2.o(.text) for CAN2_Configuration
    boottask.o(.text) refers to motor_out.o(.text) for Holder_Motor_output
    boottask.o(.text) refers to remote.o(.text) for Remote_Config
    boottask.o(.text) refers to i2c.o(.text) for I2C_INIT
    boottask.o(.text) refers to 6050.o(.text) for InitMPU6050
    boottask.o(.text) refers to clock.o(.text) for Sys_Configuration
    boottask.o(.text) refers to prepare_data.o(.text) for PrepareForIMU
    boottask.o(.text) refers to imu.o(.text) for IMUupdate
    boottask.o(.text) refers to otherconfig.o(.constdata) for LaserAndPrep
    boottask.o(.text) refers to 6050.o(.bss) for sensor
    led.o(.text) refers to stm32f4xx_rcc.o(.text) for RCC_AHB1PeriphClockCmd
    led.o(.text) refers to stm32f4xx_gpio.o(.text) for GPIO_Init
    can2.o(.text) refers to stm32f4xx_rcc.o(.text) for RCC_AHB1PeriphClockCmd
    can2.o(.text) refers to stm32f4xx_gpio.o(.text) for GPIO_PinAFConfig
    can2.o(.text) refers to misc.o(.text) for NVIC_Init
    can2.o(.text) refers to stm32f4xx_can.o(.text) for CAN_DeInit
    can2.o(.text) refers to can2.o(.bss) for RxMessage
    can2.o(.text) refers to holder.o(.bss) for Pitch_Hold_Info
    can2.o(.text) refers to chassis_control.o(.bss) for Chassis_Control_Info
    can2.o(.text) refers to wheel_speed.o(.bss) for Four_Wheel_Info
    load_motor.o(.text) refers to stm32f4xx_rcc.o(.text) for RCC_APB2PeriphClockCmd
    load_motor.o(.text) refers to stm32f4xx_gpio.o(.text) for GPIO_PinAFConfig
    load_motor.o(.text) refers to stm32f4xx_tim.o(.text) for TIM_TimeBaseInit
    load_motor.o(.text) refers to shoot.o(.bss) for Shoot_Info
    load_motor.o(.text) refers to load_motor.o(.data) for Load_motor
    load_motor.o(.text) refers to remote.o(.bss) for RC_Ctl
    load_motor.o(.text) refers to referee.o(.bss) for Detect_Data
    load_motor.o(.text) refers to remote.o(.data) for IsComputerControl
    load_motor.o(.text) refers to delay.o(.text) for delay_ms
    load_motor.o(.text) refers to otherconfig.o(.constdata) for LaserAndPrep
    shoot.o(.text) refers to stm32f4xx_rcc.o(.text) for RCC_AHB1PeriphClockCmd
    shoot.o(.text) refers to stm32f4xx_gpio.o(.text) for GPIO_PinAFConfig
    shoot.o(.text) refers to stm32f4xx_tim.o(.text) for TIM_TimeBaseInit
    shoot.o(.text) refers to load_motor.o(.text) for Load_motor_out
    shoot.o(.text) refers to remote.o(.data) for IsComputerControl
    shoot.o(.text) refers to shoot.o(.bss) for Shoot_Info
    shoot.o(.text) refers to otherconfig.o(.constdata) for LaserAndPrep
    shoot.o(.text) refers to remote.o(.bss) for RC_Ctl
    remote.o(.text) refers to stm32f4xx_rcc.o(.text) for RCC_AHB1PeriphClockCmd
    remote.o(.text) refers to stm32f4xx_gpio.o(.text) for GPIO_PinAFConfig
    remote.o(.text) refers to stm32f4xx_usart.o(.text) for USART_DeInit
    remote.o(.text) refers to misc.o(.text) for NVIC_Init
    remote.o(.text) refers to stm32f4xx_dma.o(.text) for DMA_DeInit
    remote.o(.text) refers to ramp.o(.text) for Remote_Imitate
    remote.o(.text) refers to my_func.o(.text) for my_min
    remote.o(.text) refers to remote.o(.bss) for sbus_rx_buffer
    remote.o(.text) refers to holder.o(.bss) for Pitch_Hold_Info
    remote.o(.text) refers to chassis_control.o(.bss) for Chassis_Control_Info
    remote.o(.text) refers to remote.o(.data) for this_time_rx_len
    bkp_data.o(.text) refers to stm32f4xx_rcc.o(.text) for RCC_APB1PeriphClockCmd
    bkp_data.o(.text) refers to stm32f4xx_pwr.o(.text) for PWR_BackupAccessCmd
    bkp_data.o(.text) refers to stm32f4xx_rtc.o(.text) for RTC_WriteProtectionCmd
    bkp_data.o(.text) refers to bkp_data.o(.data) for BKP_ADR
    bkp_data.o(.text) refers to 6050.o(.bss) for sensor
[...]
    aTeven                                   0x0800afd8   Data          48  atan.o(.constdata)
    .constdata                               0x0800b008   Section       48  cos_i.o(.constdata)
    C                                        0x0800b008   Data          48  cos_i.o(.constdata)
    .constdata                               0x0800b038   Section        8  qnan.o(.constdata)
    .constdata                               0x0800b040   Section      200  rred.o(.constdata)
    pio2s                                    0x0800b040   Data          48  rred.o(.constdata)
    twooverpi                                0x0800b070   Data         152  rred.o(.constdata)
    .constdata                               0x0800b108   Section       40  sin_i.o(.constdata)
    S                                        0x0800b108   Data          40  sin_i.o(.constdata)
    .data                                    0x20000000   Section        4  delay.o(.data)
    fac_us                                   0x20000000   Data           1  delay.o(.data)
    fac_ms                                   0x20000002   Data           2  delay.o(.data)
    .data                                    0x20000004   Section       28  load_motor.o(.data)
    cnt                                      0x2000001c   Data           4  load_motor.o(.data)
    .data                                    0x20000020   Section        8  remote.o(.data)
    this_time_rx_len                         0x20000024   Data           4  remote.o(.data)
    .data                                    0x20000028   Section       81  bkp_data.o(.data)
    .data                                    0x2000007c   Section       20  system_stm32f4xx.o(.data)
    .data                                    0x20000090   Section       16  stm32f4xx_rcc.o(.data)
    APBAHBPrescTable                         0x20000090   Data          16  stm32f4xx_rcc.o(.data)
    .data                                    0x200000a0   Section       36  imu.o(.data)
    .data                                    0x200000c4   Section        1  6050.o(.data)
    .data                                    0x200000c8   Section       56  prepare_data.o(.data)
    gyro_filter_cnt                          0x200000c9   Data           1  prepare_data.o(.data)
    x_last                                   0x200000d0   Data           8  prepare_data.o(.data)
    p_last                                   0x200000d8   Data           8  prepare_data.o(.data)
    x_last                                   0x200000e0   Data           8  prepare_data.o(.data)
    p_last                                   0x200000e8   Data           8  prepare_data.o(.data)
    x_last                                   0x200000f0   Data           8  prepare_data.o(.data)
    p_last                                   0x200000f8   Data           8  prepare_data.o(.data)
    .data                                    0x20000100   Section       24  clock.o(.data)
    pro                                      0x20000110   Data           4  clock.o(.data)
    Power_cnt                                0x20000114   Data           4  clock.o(.data)
    .data                                    0x20000118   Section       78  holder.o(.data)
    .data                                    0x20000168   Section       48  chassis_control.o(.data)
    cnt                                      0x20000194   Data           4  chassis_control.o(.data)
    .data                                    0x20000198   Section       80  wheel_speed.o(.data)
    num                                      0x200001e0   Data           1  wheel_speed.o(.data)
    .data                                    0x200001e8   Section       12  ramp.o(.data)
    .data                                    0x200001f4   Section       52  referee.o(.data)
    this_time_rx_len                         0x200001f8   Data           4  referee.o(.data)
    this_time_rx_len                         0x200001fc   Data           4  referee.o(.data)
    .data                                    0x20000228   Section      101  hit.o(.data)
    j                                        0x2000028c   Data           1  hit.o(.data)
    .data                                    0x20000290   Section        4  errno.o(.data)
    _errno                                   0x20000290   Data           4  errno.o(.data)
    .bss                                     0x20000294   Section       33  main.o(.bss)
    .bss                                     0x200002b8   Section       60  can2.o(.bss)
    .bss                                     0x200002f4   Section       72  shoot.o(.bss)
    .bss                                     0x2000033c   Section       40  remote.o(.bss)
    .bss                                     0x20000364   Section       16  imu.o(.bss)
    .bss                                     0x20000374   Section      160  6050.o(.bss)
    .bss                                     0x20000414   Section      120  prepare_data.o(.bss)
    .bss                                     0x2000048c   Section      128  holder.o(.bss)
    .bss                                     0x2000050c   Section       16  chassis_control.o(.bss)
    .bss                                     0x2000051c   Section      204  wheel_speed.o(.bss)
    .bss                                     0x200005e8   Section      128  ramp.o(.bss)
    .bss                                     0x20000668   Section      234  referee.o(.bss)
    .bss                                     0x20000752   Section       32  hit.o(.bss)
    STACK                                    0x20000778   Section     2048  startup_stm32f40_41xxx.o(STACK)

    Global Symbols

    Symbol Name                              Value     Ov Type        Size  Object(Section)

    BuildAttributes$$THM_ISAv4$E$P$D$K$B$S$7EM$VFPi3$EXTD16$VFPS$VFMA$PE$A:L22UL41UL21$X:L11$S22US41US21$IEEE1$IW$USESV6$~STKCKD$USESV7$~SHL$OTIME$ROPI$IEEEX$EBA8$MICROLIB$REQ8$PRES8$EABIv2 0x00000000   Number         0  anon$$obj.o ABSOLUTE
    __ARM_use_no_argv                        0x00000000   Number         0  main.o ABSOLUTE
    __cpp_initialize__aeabi_                  - Undefined Weak Reference
    __cxa_finalize                            - Undefined Weak Reference
    _clock_init                               - Undefined Weak Reference
    _microlib_exit                            - Undefined Weak Reference
    __Vectors_Size                           0x00000188   Number         0  startup_stm32f40_41xxx.o ABSOLUTE
    __Vectors                                0x08000000   Data           4  startup_stm32f40_41xxx.o(RESET)
    __Vectors_End                            0x08000188   Data           0  startup_stm32f40_41xxx.o(RESET)
    __main                                   0x08000189   Thumb Code     0  entry.o(.ARM.Collect$$$$00000000)
    _main_stk                                0x08000189   Thumb Code     0  entry2.o(.ARM.Collect$$$$00000001)
    _main_scatterload                        0x0800018d   Thumb Code     0  entry5.o(.ARM.Collect$$$$00000004)
    __main_after_scatterload                 0x08000191   Thumb Code     0  entry5.o(.ARM.Collect$$$$00000004)
    _main_clock                              0x08000191   Thumb Code     0  entry7b.o(.ARM.Collect$$$$00000008)
    _main_cpp_init                           0x08000191   Thumb Code     0  entry8b.o(.ARM.Collect$$$$0000000A)
    _main_init                               0x08000191   Thumb Code     0  entry9a.o(.ARM.Collect$$$$0000000B)
    __rt_final_cpp                           0x08000199   Thumb Code     0  entry10a.o(.ARM.Collect$$$$0000000D)
    __rt_final_exit                          0x08000199   Thumb Code     0  entry11a.o(.ARM.Collect$$$$0000000F)
    my_delay                                 0x0800019d   Thumb Code    10  main.o(.text)
    main                                     0x080001a7   Thumb Code    70  main.o(.text)
    delay_init                               0x080001fd   Thumb Code    52  delay.o(.text)
    delay_us                                 0x08000231   Thumb Code    70  delay.o(.text)
    delay_xms                                0x08000277   Thumb Code    70  delay.o(.text)
    delay_ms                                 0x080002bd   Thumb Code    56  delay.o(.text)
    ALLTASk_BooT                             0x080002fd   Thumb Code   144  boottask.o(.text)
    IMU_update                               0x0800038d   Thumb Code    98  boottask.o(.text)
    LED_Init                                 0x080003f9   Thumb Code    94  led.o(.text)
    Laser_Init                               0x08000457   Thumb Code    54  led.o(.text)
    CAN2_Configuration                       0x08000499   Thumb Code   232  can2.o(.text)
    CAN2_TX_IRQHandler                       0x08000581   Thumb Code    22  can2.o(.text)
    CAN2_RX0_IRQHandler                      0x08000597   Thumb Code   186  can2.o(.text)
    Load_Motor_PWM_Init                      0x0800066d   Thumb Code   192  load_motor.o(.text)
    Encoder_Init                             0x0800072d   Thumb Code   174  load_motor.o(.text)
    Bullet_Cap_Conf                          0x080007db   Thumb Code   184  load_motor.o(.text)
    Load_motor_out                           0x08000893   Thumb Code    14  load_motor.o(.text)
    Load_motor_control                       0x080008a1   Thumb Code   588  load_motor.o(.text)
    Bullet_Cap_Close                         0x08000aed   Thumb Code    16  load_motor.o(.text)
    Bullet_Cap_Open                          0x08000afd   Thumb Code    16  load_motor.o(.text)
    Load_Motor_position_plus                 0x08000b0d   Thumb Code    40  load_motor.o(.text)
    Load_Motor_Position_plus                 0x08000b35   Thumb Code    64  load_motor.o(.text)
    Load_Motor_Fault_detet                   0x08000b75   Thumb Code    62  load_motor.o(.text)
    Load_Motor_Error_Out                     0x08000bb3   Thumb Code    40  load_motor.o(.text)
    Shoot_PWM_Configuration                  0x08000bf5   Thumb Code   192  shoot.o(.text)
    ToggleBit                                0x08000cb5   Thumb Code    14  shoot.o(.text)
    Shoot_Fire                               0x08000cc3   Thumb Code    22  shoot.o(.text)
    Detect_shoot                             0x08000cd9   Thumb Code    94  shoot.o(.text)
    Shoot_Info_Init                          0x08000d37   Thumb Code    60  shoot.o(.text)
    Shoot_Keep                               0x08000d73   Thumb Code    66  shoot.o(.text)
    Detect_Cap                               0x08000db5   Thumb Code    22  shoot.o(.text)
    Remote_Config                            0x08000de9   Thumb Code   266  remote.o(.text)
    Remote_Control                           0x08000ef3   Thumb Code   154  remote.o(.text)
    Computer_Control                         0x08000f8d   Thumb Code   444  remote.o(.text)
    USART1_IRQHandler                        0x08001149   Thumb Code   388  remote.o(.text)
    my_min                                   0x080012d9   Thumb Code    26  my_func.o(.text)
    my_max                                   0x080012f3   Thumb Code    26  my_func.o(.text)
    Amplitude_Limiting                       0x0800130d   Thumb Code    58  my_func.o(.text)
    Subsection_PID                           0x08001347   Thumb Code   126  my_func.o(.text)
    Subsection_PID_v2                        0x080013c5   Thumb Code   164  my_func.o(.text)
    BKP_INIT                                 0x08001469   Thumb Code    20  bkp_data.o(.text)
    WriteDataToBKP                           0x0800147d   Thumb Code    40  bkp_data.o(.text)
    ReadDataFromBKP                          0x080014a5   Thumb Code    12  bkp_data.o(.text)
    ForceToResetBKP                          0x080014b1   Thumb Code    50  bkp_data.o(.text)
    Recovery_6050                            0x080014e3   Thumb Code    86  bkp_data.o(.text)
    Reset_Handler                            0x08001549   Thumb Code     8  startup_stm32f40_41xxx.o(.text)
    NMI_Handler                              0x08001551   Thumb Code     2  startup_stm32f40_41xxx.o(.text)
    HardFault_Handler                        0x08001553   Thumb Code     2  startup_stm32f40_41xxx.o(.text)
    MemManage_Handler                        0x08001555   Thumb Code     2  startup_stm32f40_41xxx.o(.text)
    BusFault_Handler                         0x08001557   Thumb Code     2  startup_stm32f40_41xxx.o(.text)
    UsageFault_Handler                       0x08001559   Thumb Code     2  startup_stm32f40_41xxx.o(.text)
    SVC_Handler                              0x0800155b   Thumb Code     2  startup_stm32f40_41xxx.o(.text)
    DebugMon_Handler                         0x0800155d   Thumb Code     2  startup_stm32f40_41xxx.o(.text)
    PendSV_Handler                           0x0800155f   Thumb Code     2  startup_stm32f40_41xxx.o(.text)
    SysTick_Handler                          0x08001561   Thumb Code     2  startup_stm32f40_41xxx.o(.text)
    ADC_IRQHandler                           0x08001563   Thumb Code     0  startup_stm32f40_41xxx.o(.text)
    CAN1_RX0_IRQHandler                      0x08001563   Thumb Code     0  startup_stm32f40_41xxx.o(.text)
    CAN1_RX1_IRQHandler                      0x08001563   Thumb Code     0  startup_stm32f40_41xxx.o(.text)
    CAN1_SCE_IRQHandler                      0x08001563   Thumb Code     0  startup_stm32f40_41xxx.o(.text)
    CAN1_TX_IRQHandler                       0x08001563   Thumb Code     0  startup_stm32f40_41xxx.o(.text)
    CAN2_RX1_IRQHandler                      0x08001563   Thumb Code     0  startup_stm32f40_41xxx.o(.text)
    CAN2_SCE_IRQHandler                      0x08001563   Thumb Code     0  startup_stm32f40_41xxx.o(.text)
    CRYP_IRQHandler                          0x08001563   Thumb Code     0  startup_stm32f40_41xxx.o(.text)
    DCMI_IRQHandler                          0x08001563   Thumb Code     0  startup_stm32f40_41xxx.o(.text)
    DMA1_Stream0_IRQHandler                  0x08001563   Thumb Code     0  startup_stm32f40_41xxx.o(.text)
    DMA1_Stream1_IRQHandler                  0x08001563   Thumb Code     0  startup_stm32f40_41xxx.o(.text)
    DMA1_Stream2_IRQHandler                  0x08001563   Thumb Code     0  startup_stm32f40_41xxx.o(.text)
    DMA1_Stream3_IRQHandler                  0x08001563   Thumb Code     0  startup_stm32f40_41xxx.o(.text)
    DMA1_Stream4_IRQHandler                  0x08001563   Thumb Code     0  startup_stm32f40_41xxx.o(.text)
    DMA1_Stream5_IRQHandler                  0x08001563   Thumb Code     0  startup_stm32f40_41xxx.o(.text)
    DMA1_Stream7_IRQHandler                  0x08001563   Thumb Code     0  startup_stm32f40_41xxx.o(.text)
    DMA2_Stream0_IRQHandler                  0x08001563   Thumb Code     0  startup_stm32f40_41xxx.o(.text)
    DMA2_Stream1_IRQHandler                  0x08001563   Thumb Code     0  startup_stm32f40_41xxx.o(.text)
    DMA2_Stream2_IRQHandler                  0x08001563   Thumb Code     0  startup_stm32f40_41xxx.o(.text)
    DMA2_Stream3_IRQHandler                  0x08001563   Thumb Code     0  startup_stm32f40_41xxx.o(.text)
    DMA2_Stream4_IRQHandler                  0x08001563   Thumb Code     0  startup_stm32f40_41xxx.o(.text)
    DMA2_Stream5_IRQHandler                  0x08001563   Thumb Code     0  startup_stm32f40_41xxx.o(.text)
    DMA2_Stream6_IRQHandler                  0x08001563   Thumb Code     0  startup_stm32f40_41xxx.o(.text)
    DMA2_Stream7_IRQHandler                  0x08001563   Thumb Code     0  startup_stm32f40_41xxx.o(.text)
    ETH_IRQHandler                           0x08001563   Thumb Code     0  startup_stm32f40_41xxx.o(.text)
    ETH_WKUP_IRQHandler                      0x08001563   Thumb Code     0  startup_stm32f40_41xxx.o(.text)
    EXTI0_IRQHandler                         0x08001563   Thumb Code     0  startup_stm32f40_41xxx.o(.text)
    EXTI15_10_IRQHandler                     0x08001563   Thumb Code     0  startup_stm32f40_41xxx.o(.text)
    EXTI1_IRQHandler                         0x08001563   Thumb Code     0  startup_stm32f40_41xxx.o(.text)
    EXTI2_IRQHandler                         0x08001563   Thumb Code     0  startup_stm32f40_41xxx.o(.text)
    EXTI3_IRQHandler                         0x08001563   Thumb Code     0  startup_stm32f40_41xxx.o(.text)
    EXTI4_IRQHandler                         0x08001563   Thumb Code     0  startup_stm32f40_41xxx.o(.text)
    EXTI9_5_IRQHandler                       0x08001563   Thumb Code     0  startup_stm32f40_41xxx.o(.text)
    FLASH_IRQHandler                         0x08001563   Thumb Code     0  startup_stm32f40_41xxx.o(.text)
    FPU_IRQHandler                           0x08001563   Thumb Code     0  startup_stm32f40_41xxx.o(.text)
    FSMC_IRQHandler                          0x08001563   Thumb Code     0  startup_stm32f40_41xxx.o(.text)
    HASH_RNG_IRQHandler                      0x08001563   Thumb Code     0  startup_stm32f40_41xxx.o(.text)
    I2C1_ER_IRQHandler                       0x08001563   Thumb Code     0  startup_stm32f40_41xxx.o(.text)
    I2C1_EV_IRQHandler                       0x08001563   Thumb Code     0  startup_stm32f40_41xxx.o(.text)
    I2C2_ER_IRQHandler                       0x08001563   Thumb Code     0  startup_stm32f40_41xxx.o(.text)
    I2C2_EV_IRQHandler                       0x08001563   Thumb Code     0  startup_stm32f40_41xxx.o(.text)
    I2C3_ER_IRQHandler                       0x08001563   Thumb Code     0  startup_stm32f40_41xxx.o(.text)
    I2C3_EV_IRQHandler                       0x08001563   Thumb Code     0  startup_stm32f40_41xxx.o(.text)
    OTG_FS_IRQHandler                        0x08001563   Thumb Code     0  startup_stm32f40_41xxx.o(.text)
    OTG_FS_WKUP_IRQHandler                   0x08001563   Thumb Code     0  startup_stm32f40_41xxx.o(.text)
    OTG_HS_EP1_IN_IRQHandler                 0x08001563   Thumb Code     0  startup_stm32f40_41xxx.o(.text)
    OTG_HS_EP1_OUT_IRQHandler                0x08001563   Thumb Code     0  startup_stm32f40_41xxx.o(.text)
    OTG_HS_IRQHandler                        0x08001563   Thumb Code     0  startup_stm32f40_41xxx.o(.text)
    OTG_HS_WKUP_IRQHandler                   0x08001563   Thumb Code     0  startup_stm32f40_41xxx.o(.text)
    PVD_IRQHandler                           0x08001563   Thumb Code     0  startup_stm32f40_41xxx.o(.text)
    RCC_IRQHandler                           0x08001563   Thumb Code     0  startup_stm32f40_41xxx.o(.text)
    RTC_Alarm_IRQHandler                     0x08001563   Thumb Code     0  startup_stm32f40_41xxx.o(.text)
    RTC_WKUP_IRQHandler                      0x08001563   Thumb Code     0  startup_stm32f40_41xxx.o(.text)
    SDIO_IRQHandler                          0x08001563   Thumb Code     0  startup_stm32f40_41xxx.o(.text)
    SPI1_IRQHandler                          0x08001563   Thumb Code     0  startup_stm32f40_41xxx.o(.text)
    SPI2_IRQHandler                          0x08001563   Thumb Code     0  startup_stm32f40_41xxx.o(.text)
    SPI3_IRQHandler                          0x08001563   Thumb Code     0  startup_stm32f40_41xxx.o(.text)
    TAMP_STAMP_IRQHandler                    0x08001563   Thumb Code     0  startup_stm32f40_41xxx.o(.text)
    TIM1_BRK_TIM9_IRQHandler                 0x08001563   Thumb Code     0  startup_stm32f40_41xxx.o(.text)
    TIM1_CC_IRQHandler                       0x08001563   Thumb Code     0  startup_stm32f40_41xxx.o(.text)
    TIM1_TRG_COM_TIM11_IRQHandler            0x08001563   Thumb Code     0  startup_stm32f40_41xxx.o(.text)
    TIM1_UP_TIM10_IRQHandler                 0x08001563   Thumb Code     0  startup_stm32f40_41xxx.o(.text)
    TIM2_IRQHandler                          0x08001563   Thumb Code     0  startup_stm32f40_41xxx.o(.text)
    TIM3_IRQHandler                          0x08001563   Thumb Code     0  startup_stm32f40_41xxx.o(.text)
    TIM4_IRQHandler                          0x08001563   Thumb Code     0  startup_stm32f40_41xxx.o(.text)
    TIM5_IRQHandler                          0x08001563   Thumb Code     0  startup_stm32f40_41xxx.o(.text)
    TIM6_DAC_IRQHandler                      0x08001563   Thumb Code     0  startup_stm32f40_41xxx.o(.text)
    TIM7_IRQHandler                          0x08001563   Thumb Code     0  startup_stm32f40_41xxx.o(.text)
    TIM8_CC_IRQHandler                       0x08001563   Thumb Code     0  startup_stm32f40_41xxx.o(.text)
    TIM8_TRG_COM_TIM14_IRQHandler            0x08001563   Thumb Code     0  startup_stm32f40_41xxx.o(.text)
    TIM8_UP_TIM13_IRQHandler                 0x08001563   Thumb Code     0  startup_stm32f40_41xxx.o(.text)
    UART4_IRQHandler                         0x08001563   Thumb Code     0  startup_stm32f40_41xxx.o(.text)
    UART5_IRQHandler                         0x08001563   Thumb Code     0  startup_stm32f40_41xxx.o(.text)
    USART6_IRQHandler                        0x08001563   Thumb Code     0  startup_stm32f40_41xxx.o(.text)
    WWDG_IRQHandler                          0x08001563   Thumb Code     0  startup_stm32f40_41xxx.o(.text)
    NVIC_PriorityGroupConfig                 0x0800156d   Thumb Code    10  misc.o(.text)
    NVIC_Init                                0x08001577   Thumb Code   108  misc.o(.text)
    NVIC_SetVectorTable                      0x080015e3   Thumb Code    14  misc.o(.text)
    NVIC_SystemLPConfig                      0x080015f1   Thumb Code    34  misc.o(.text)
    SysTick_CLKSourceConfig                  0x08001613   Thumb Code    40  misc.o(.text)
    CAN_DeInit                               0x08001651   Thumb Code    50  stm32f4xx_can.o(.text)
    CAN_Init                                 0x08001683   Thumb Code   276  stm32f4xx_can.o(.text)
    CAN_FilterInit                           0x08001797   Thumb Code   258  stm32f4xx_can.o(.text)
    CAN_StructInit                           0x08001899   Thumb Code    32  stm32f4xx_can.o(.text)
    CAN_SlaveStartBank                       0x080018b9   Thumb Code    48  stm32f4xx_can.o(.text)
    CAN_DBGFreeze                            0x080018e9   Thumb Code    22  stm32f4xx_can.o(.text)
    CAN_TTComModeCmd                         0x080018ff   Thumb Code   118  stm32f4xx_can.o(.text)
    CAN_Transmit                             0x08001975   Thumb Code   304  stm32f4xx_can.o(.text)
    CAN_TransmitStatus                       0x08001aa5   Thumb Code   138  stm32f4xx_can.o(.text)
    CAN_CancelTransmit                       0x08001b2f   Thumb Code    48  stm32f4xx_can.o(.text)
    CAN_Receive                              0x08001b5f   Thumb Code   240  stm32f4xx_can.o(.text)
    CAN_FIFORelease                          0x08001c4f   Thumb Code    22  stm32f4xx_can.o(.text)
    CAN_MessagePending                       0x08001c65   Thumb Code    30  stm32f4xx_can.o(.text)
    CAN_OperatingModeRequest                 0x08001c83   Thumb Code   162  stm32f4xx_can.o(.text)
    CAN_Sleep                                0x08001d25   Thumb Code    30  stm32f4xx_can.o(.text)
    CAN_WakeUp                               0x08001d43   Thumb Code    48  stm32f4xx_can.o(.text)
    CAN_GetLastErrorCode                     0x08001d73   Thumb Code    12  stm32f4xx_can.o(.text)
    CAN_GetReceiveErrorCounter               0x08001d7f   Thumb Code    10  stm32f4xx_can.o(.text)
    CAN_GetLSBTransmitErrorCounter           0x08001d89   Thumb Code    12  stm32f4xx_can.o(.text)
    CAN_ITConfig                             0x08001d95   Thumb Code    18  stm32f4xx_can.o(.text)
    CAN_GetFlagStatus                        0x08001da7   Thumb Code   120  stm32f4xx_can.o(.text)
    CAN_ClearFlag                            0x08001e1f   Thumb Code    52  stm32f4xx_can.o(.text)
    CAN_GetITStatus                          0x08001e63   Thumb Code   308  stm32f4xx_can.o(.text)
    CAN_ClearITPendingBit                    0x08001f97   Thumb Code   162  stm32f4xx_can.o(.text)
    USART_DeInit                             0x0800203d   Thumb Code   206  stm32f4xx_usart.o(.text)
    USART_Init                               0x0800210b   Thumb Code   204  stm32f4xx_usart.o(.text)
    USART_StructInit                         0x080021d7   Thumb Code    24  stm32f4xx_usart.o(.text)
    USART_ClockInit                          0x080021ef   Thumb Code    32  stm32f4xx_usart.o(.text)
    USART_ClockStructInit                    0x0800220f   Thumb Code    12  stm32f4xx_usart.o(.text)
    USART_Cmd                                0x0800221b   Thumb Code    24  stm32f4xx_usart.o(.text)
    USART_SetPrescaler                       0x08002233   Thumb Code    16  stm32f4xx_usart.o(.text)
    USART_OverSampling8Cmd                   0x08002243   Thumb Code    22  stm32f4xx_usart.o(.text)
    USART_OneBitMethodCmd                    0x08002259   Thumb Code    24  stm32f4xx_usart.o(.text)
    USART_SendData                           0x08002271   Thumb Code     8  stm32f4xx_usart.o(.text)
    USART_ReceiveData                        0x08002279   Thumb Code    10  stm32f4xx_usart.o(.text)
    USART_SetAddress                         0x08002283   Thumb Code    18  stm32f4xx_usart.o(.text)
    USART_ReceiverWakeUpCmd                  0x08002295   Thumb Code    24  stm32f4xx_usart.o(.text)
    USART_WakeUpConfig                       0x080022ad   Thumb Code    18  stm32f4xx_usart.o(.text)
    USART_LINBreakDetectLengthConfig         0x080022bf   Thumb Code    18  stm32f4xx_usart.o(.text)
    USART_LINCmd                             0x080022d1   Thumb Code    24  stm32f4xx_usart.o(.text)
    USART_SendBreak                          0x080022e9   Thumb Code    10  stm32f4xx_usart.o(.text)
    USART_HalfDuplexCmd                      0x080022f3   Thumb Code    24  stm32f4xx_usart.o(.text)
    USART_SetGuardTime                       0x0800230b   Thumb Code    16  stm32f4xx_usart.o(.text)
    USART_SmartCardCmd                       0x0800231b   Thumb Code    24  stm32f4xx_usart.o(.text)
    USART_SmartCardNACKCmd                   0x08002333   Thumb Code    24  stm32f4xx_usart.o(.text)
    USART_IrDAConfig                         0x0800234b   Thumb Code    18  stm32f4xx_usart.o(.text)
    USART_IrDACmd                            0x0800235d   Thumb Code    24  stm32f4xx_usart.o(.text)
    USART_DMACmd                             0x08002375   Thumb Code    18  stm32f4xx_usart.o(.text)
    USART_ITConfig                           0x08002387   Thumb Code    74  stm32f4xx_usart.o(.text)
    USART_GetFlagStatus                      0x080023d1   Thumb Code    26  stm32f4xx_usart.o(.text)
    USART_ClearFlag                          0x080023eb   Thumb Code    18  stm32f4xx_usart.o(.text)
    USART_GetITStatus                        0x080023fd   Thumb Code   118  stm32f4xx_usart.o(.text)
    USART_ClearITPendingBit                  0x08002473   Thumb Code    30  stm32f4xx_usart.o(.text)
    SystemInit                               0x0800256b   Thumb Code    90  system_stm32f4xx.o(.text)
    SystemCoreClockUpdate                    0x080025c5   Thumb Code   174  system_stm32f4xx.o(.text)
    GPIO_DeInit                              0x080026a1   Thumb Code   268  stm32f4xx_gpio.o(.text)
    GPIO_Init                                0x080027ad   Thumb Code   144  stm32f4xx_gpio.o(.text)
    GPIO_StructInit                          0x0800283d   Thumb Code    18  stm32f4xx_gpio.o(.text)
    GPIO_PinLockConfig                       0x0800284f   Thumb Code    34  stm32f4xx_gpio.o(.text)
    GPIO_ReadInputDataBit                    0x08002871   Thumb Code    18  stm32f4xx_gpio.o(.text)
    GPIO_ReadInputData                       0x08002883   Thumb Code     8  stm32f4xx_gpio.o(.text)
    GPIO_ReadOutputDataBit                   0x0800288b   Thumb Code    18  stm32f4xx_gpio.o(.text)
    GPIO_ReadOutputData                      0x0800289d   Thumb Code     8  stm32f4xx_gpio.o(.text)
    GPIO_SetBits                             0x080028a5   Thumb Code     4  stm32f4xx_gpio.o(.text)
    GPIO_ResetBits                           0x080028a9   Thumb Code     4  stm32f4xx_gpio.o(.text)
    GPIO_WriteBit                            0x080028ad   Thumb Code    10  stm32f4xx_gpio.o(.text)
    GPIO_Write                               0x080028b7   Thumb Code     4  stm32f4xx_gpio.o(.text)
    GPIO_ToggleBits                          0x080028bb   Thumb Code     8  stm32f4xx_gpio.o(.text)
    GPIO_PinAFConfig                         0x080028c3   Thumb Code    70  stm32f4xx_gpio.o(.text)
    PWR_DeInit                               0x08002935   Thumb Code    22  stm32f4xx_pwr.o(.text)
    PWR_BackupAccessCmd                      0x0800294b   Thumb Code     6  stm32f4xx_pwr.o(.text)
    PWR_PVDLevelConfig                       0x08002951   Thumb Code    18  stm32f4xx_pwr.o(.text)
    PWR_PVDCmd                               0x08002963   Thumb Code     6  stm32f4xx_pwr.o(.text)
    PWR_WakeUpPinCmd                         0x08002969   Thumb Code     6  stm32f4xx_pwr.o(.text)
    PWR_BackupRegulatorCmd                   0x0800296f   Thumb Code     6  stm32f4xx_pwr.o(.text)
    PWR_MainRegulatorModeConfig              0x08002975   Thumb Code    18  stm32f4xx_pwr.o(.text)
    PWR_OverDriveCmd                         0x08002987   Thumb Code     6  stm32f4xx_pwr.o(.text)
    PWR_OverDriveSWCmd                       0x0800298d   Thumb Code     6  stm32f4xx_pwr.o(.text)
    PWR_UnderDriveCmd                        0x08002993   Thumb Code    30  stm32f4xx_pwr.o(.text)
    PWR_MainRegulatorLowVoltageCmd           0x080029b1   Thumb Code    18  stm32f4xx_pwr.o(.text)
    PWR_LowRegulatorLowVoltageCmd            0x080029c3   Thumb Code    18  stm32f4xx_pwr.o(.text)
    PWR_FlashPowerDownCmd                    0x080029d5   Thumb Code     6  stm32f4xx_pwr.o(.text)
    PWR_EnterSTOPMode                        0x080029db   Thumb Code    58  stm32f4xx_pwr.o(.text)
    PWR_EnterUnderDriveSTOPMode              0x08002a15   Thumb Code    58  stm32f4xx_pwr.o(.text)
    PWR_EnterSTANDBYMode                     0x08002a4f   Thumb Code    32  stm32f4xx_pwr.o(.text)
    PWR_GetFlagStatus                        0x08002a6f   Thumb Code    20  stm32f4xx_pwr.o(.text)
    PWR_ClearFlag                            0x08002a83   Thumb Code    14  stm32f4xx_pwr.o(.text)
    RCC_DeInit                               0x08002aa5   Thumb Code    82  stm32f4xx_rcc.o(.text)
    RCC_HSEConfig                            0x08002af7   Thumb Code    14  stm32f4xx_rcc.o(.text)
    RCC_GetFlagStatus                        0x08002b05   Thumb Code    60  stm32f4xx_rcc.o(.text)
    RCC_WaitForHSEStartUp                    0x08002b41   Thumb Code    56  stm32f4xx_rcc.o(.text)
    RCC_AdjustHSICalibrationValue            0x08002b79   Thumb Code    20  stm32f4xx_rcc.o(.text)
    RCC_HSICmd                               0x08002b8d   Thumb Code     6  stm32f4xx_rcc.o(.text)
    RCC_LSEConfig                            0x08002b93   Thumb Code    46  stm32f4xx_rcc.o(.text)
    RCC_LSICmd                               0x08002bc1   Thumb Code     6  stm32f4xx_rcc.o(.text)
    RCC_PLLConfig                            0x08002bc7   Thumb Code    32  stm32f4xx_rcc.o(.text)
    RCC_PLLCmd                               0x08002be7   Thumb Code     6  stm32f4xx_rcc.o(.text)
    RCC_PLLI2SConfig                         0x08002bed   Thumb Code    14  stm32f4xx_rcc.o(.text)
    RCC_PLLI2SCmd                            0x08002bfb   Thumb Code     6  stm32f4xx_rcc.o(.text)
    RCC_PLLSAIConfig                         0x08002c01   Thumb Code    20  stm32f4xx_rcc.o(.text)
    RCC_PLLSAICmd                            0x08002c15   Thumb Code     6  stm32f4xx_rcc.o(.text)
    RCC_ClockSecuritySystemCmd               0x08002c1b   Thumb Code     6  stm32f4xx_rcc.o(.text)
    RCC_MCO1Config                           0x08002c21   Thumb Code    28  stm32f4xx_rcc.o(.text)
    RCC_MCO2Config                           0x08002c3d   Thumb Code    28  stm32f4xx_rcc.o(.text)
    RCC_SYSCLKConfig                         0x08002c59   Thumb Code    20  stm32f4xx_rcc.o(.text)
    RCC_GetSYSCLKSource                      0x08002c6d   Thumb Code    12  stm32f4xx_rcc.o(.text)
    RCC_HCLKConfig                           0x08002c79   Thumb Code    20  stm32f4xx_rcc.o(.text)
    RCC_PCLK1Config                          0x08002c8d   Thumb Code    20  stm32f4xx_rcc.o(.text)
    RCC_PCLK2Config                          0x08002ca1   Thumb Code    22  stm32f4xx_rcc.o(.text)
    RCC_GetClocksFreq                        0x08002cb7   Thumb Code   222  stm32f4xx_rcc.o(.text)
    RCC_RTCCLKConfig                         0x08002d95   Thumb Code    54  stm32f4xx_rcc.o(.text)
    RCC_RTCCLKCmd                            0x08002dcb   Thumb Code     8  stm32f4xx_rcc.o(.text)
    RCC_BackupResetCmd                       0x08002dd3   Thumb Code     8  stm32f4xx_rcc.o(.text)
    RCC_I2SCLKConfig                         0x08002ddb   Thumb Code     6  stm32f4xx_rcc.o(.text)
    RCC_SAIPLLI2SClkDivConfig                0x08002de1   Thumb Code    26  stm32f4xx_rcc.o(.text)
    RCC_SAIPLLSAIClkDivConfig                0x08002dfb   Thumb Code    28  stm32f4xx_rcc.o(.text)
    RCC_SAIBlockACLKConfig                   0x08002e17   Thumb Code    20  stm32f4xx_rcc.o(.text)
    RCC_SAIBlockBCLKConfig                   0x08002e2b   Thumb Code    20  stm32f4xx_rcc.o(.text)
    RCC_LTDCCLKDivConfig                     0x08002e3f   Thumb Code    20  stm32f4xx_rcc.o(.text)
    RCC_TIMCLKPresConfig                     0x08002e53   Thumb Code     6  stm32f4xx_rcc.o(.text)
    RCC_AHB1PeriphClockCmd                   0x08002e59   Thumb Code    34  stm32f4xx_rcc.o(.text)
    RCC_AHB2PeriphClockCmd                   0x08002e7b   Thumb Code    78  stm32f4xx_rcc.o(.text)
    RCC_AHB3PeriphClockCmd                   0x08002ec9   Thumb Code    34  stm32f4xx_rcc.o(.text)
    RCC_APB1PeriphClockCmd                   0x08002eeb   Thumb Code    34  stm32f4xx_rcc.o(.text)
    RCC_APB2PeriphClockCmd                   0x08002f0d   Thumb Code    34  stm32f4xx_rcc.o(.text)
    RCC_AHB1PeriphResetCmd                   0x08002f2f   Thumb Code    34  stm32f4xx_rcc.o(.text)
    RCC_AHB2PeriphResetCmd                   0x08002f51   Thumb Code    34  stm32f4xx_rcc.o(.text)
    RCC_AHB3PeriphResetCmd                   0x08002f73   Thumb Code    34  stm32f4xx_rcc.o(.text)
    RCC_APB1PeriphResetCmd                   0x08002f95   Thumb Code    34  stm32f4xx_rcc.o(.text)
    RCC_APB2PeriphResetCmd                   0x08002fb7   Thumb Code    34  stm32f4xx_rcc.o(.text)
    RCC_AHB1PeriphClockLPModeCmd             0x08002fd9   Thumb Code    34  stm32f4xx_rcc.o(.text)
    RCC_AHB2PeriphClockLPModeCmd             0x08002ffb   Thumb Code    34  stm32f4xx_rcc.o(.text)
    RCC_AHB3PeriphClockLPModeCmd             0x0800301d   Thumb Code    34  stm32f4xx_rcc.o(.text)
    RCC_APB1PeriphClockLPModeCmd             0x0800303f   Thumb Code    34  stm32f4xx_rcc.o(.text)
    RCC_APB2PeriphClockLPModeCmd             0x08003061   Thumb Code    34  stm32f4xx_rcc.o(.text)
    RCC_LSEModeConfig                        0x08003083   Thumb Code    40  stm32f4xx_rcc.o(.text)
    RCC_ITConfig                             0x080030ab   Thumb Code    34  stm32f4xx_rcc.o(.text)
    RCC_ClearFlag                            0x080030cd   Thumb Code    18  stm32f4xx_rcc.o(.text)
    RCC_GetITStatus                          0x080030df   Thumb Code    22  stm32f4xx_rcc.o(.text)
    RCC_ClearITPendingBit                    0x080030f5   Thumb Code     8  stm32f4xx_rcc.o(.text)
    RTC_WaitForSynchro                       0x08003101   Thumb Code    92  stm32f4xx_rtc.o(.text)
    RTC_EnterInitMode                        0x0800315d   Thumb Code    84  stm32f4xx_rtc.o(.text)
    RTC_DeInit                               0x080031b1   Thumb Code   204  stm32f4xx_rtc.o(.text)
    RTC_ExitInitMode                         0x0800327d   Thumb Code    18  stm32f4xx_rtc.o(.text)
    RTC_Init                                 0x0800328f   Thumb Code    94  stm32f4xx_rtc.o(.text)
    RTC_StructInit                           0x080032ed   Thumb Code    14  stm32f4xx_rtc.o(.text)
    RTC_WriteProtectionCmd                   0x080032fb   Thumb Code    22  stm32f4xx_rtc.o(.text)
    RTC_RefClockCmd                          0x08003311   Thumb Code    76  stm32f4xx_rtc.o(.text)
    RTC_BypassShadowCmd                      0x0800335d   Thumb Code    54  stm32f4xx_rtc.o(.text)
    RTC_SetTime                              0x080033c5   Thumb Code   200  stm32f4xx_rtc.o(.text)
    RTC_TimeStructInit                       0x0800348d   Thumb Code    12  stm32f4xx_rtc.o(.text)
    RTC_GetTime                              0x08003499   Thumb Code    74  stm32f4xx_rtc.o(.text)
    RTC_GetSubSecond                         0x080034e3   Thumb Code    30  stm32f4xx_rtc.o(.text)
    RTC_SetDate                              0x08003501   Thumb Code   190  stm32f4xx_rtc.o(.text)
    RTC_DateStructInit                       0x080035bf   Thumb Code    14  stm32f4xx_rtc.o(.text)
    RTC_GetDate                              0x080035cd   Thumb Code    70  stm32f4xx_rtc.o(.text)
    RTC_SetAlarm                             0x08003613   Thumb Code   230  stm32f4xx_rtc.o(.text)
    RTC_AlarmStructInit                      0x080036f9   Thumb Code    22  stm32f4xx_rtc.o(.text)
    RTC_GetAlarm                             0x0800370f   Thumb Code   114  stm32f4xx_rtc.o(.text)
    RTC_AlarmCmd                             0x08003781   Thumb Code   112  stm32f4xx_rtc.o(.text)
    RTC_AlarmSubSecondConfig                 0x080037f1   Thumb Code    46  stm32f4xx_rtc.o(.text)
    RTC_GetAlarmSubSecond                    0x0800381f   Thumb Code    34  stm32f4xx_rtc.o(.text)
    RTC_WakeUpClockConfig                    0x08003841   Thumb Code    42  stm32f4xx_rtc.o(.text)
    RTC_SetWakeUpCounter                     0x0800386b   Thumb Code    22  stm32f4xx_rtc.o(.text)
    RTC_GetWakeUpCounter                     0x08003881   Thumb Code    10  stm32f4xx_rtc.o(.text)
    RTC_WakeUpCmd                            0x0800388b   Thumb Code   116  stm32f4xx_rtc.o(.text)
    RTC_DayLightSavingConfig                 0x080038ff   Thumb Code    50  stm32f4xx_rtc.o(.text)
    RTC_GetStoreOperation                    0x08003931   Thumb Code    12  stm32f4xx_rtc.o(.text)
    RTC_OutputConfig                         0x0800393d   Thumb Code    60  stm32f4xx_rtc.o(.text)
    RTC_CoarseCalibConfig                    0x08003979   Thumb Code    52  stm32f4xx_rtc.o(.text)
    RTC_CoarseCalibCmd                       0x080039ad   Thumb Code    76  stm32f4xx_rtc.o(.text)
    RTC_CalibOutputCmd                       0x080039f9   Thumb Code    54  stm32f4xx_rtc.o(.text)
    RTC_CalibOutputConfig                    0x08003a2f   Thumb Code    42  stm32f4xx_rtc.o(.text)
    RTC_SmoothCalibConfig                    0x08003a59   Thumb Code    90  stm32f4xx_rtc.o(.text)
    RTC_TimeStampCmd                         0x08003ab3   Thumb Code    54  stm32f4xx_rtc.o(.text)
    RTC_GetTimeStamp                         0x08003ae9   Thumb Code   144  stm32f4xx_rtc.o(.text)
    RTC_GetTimeStampSubSecond                0x08003b79   Thumb Code     8  stm32f4xx_rtc.o(.text)
    RTC_TamperTriggerConfig                  0x08003b81   Thumb Code    38  stm32f4xx_rtc.o(.text)
    RTC_TamperCmd                            0x08003ba7   Thumb Code    34  stm32f4xx_rtc.o(.text)
    RTC_TamperFilterConfig                   0x08003bc9   Thumb Code    26  stm32f4xx_rtc.o(.text)
    RTC_TamperSamplingFreqConfig             0x08003be3   Thumb Code    26  stm32f4xx_rtc.o(.text)
    RTC_TamperPinsPrechargeDuration          0x08003bfd   Thumb Code    26  stm32f4xx_rtc.o(.text)
    RTC_TimeStampOnTamperDetectionCmd        0x08003c17   Thumb Code    38  stm32f4xx_rtc.o(.text)
    RTC_TamperPullUpCmd                      0x08003c3d   Thumb Code    38  stm32f4xx_rtc.o(.text)
    RTC_WriteBackupRegister                  0x08003c63   Thumb Code    26  stm32f4xx_rtc.o(.text)
    RTC_ReadBackupRegister                   0x08003c7d   Thumb Code    28  stm32f4xx_rtc.o(.text)
    RTC_TamperPinSelection                   0x08003c99   Thumb Code    26  stm32f4xx_rtc.o(.text)
    RTC_TimeStampPinSelection                0x08003cb3   Thumb Code    26  stm32f4xx_rtc.o(.text)
    RTC_OutputTypeConfig                     0x08003ccd   Thumb Code    26  stm32f4xx_rtc.o(.text)
    RTC_SynchroShiftConfig                   0x08003ce7   Thumb Code   130  stm32f4xx_rtc.o(.text)
    RTC_ITConfig                             0x08003d69   Thumb Code    94  stm32f4xx_rtc.o(.text)
    RTC_GetFlagStatus                        0x08003dc7   Thumb Code    32  stm32f4xx_rtc.o(.text)
    RTC_ClearFlag                            0x08003de7   Thumb Code    28  stm32f4xx_rtc.o(.text)
    RTC_GetITStatus                          0x08003e03   Thumb Code    62  stm32f4xx_rtc.o(.text)
    RTC_ClearITPendingBit                    0x08003e41   Thumb Code    32  stm32f4xx_rtc.o(.text)
    TIM_DeInit                               0x08003e69   Thumb Code   346  stm32f4xx_tim.o(.text)
    TIM_TimeBaseInit                         0x08003fc3   Thumb Code   104  stm32f4xx_tim.o(.text)
    TIM_TimeBaseStructInit                   0x0800402b   Thumb Code    18  stm32f4xx_tim.o(.text)
    TIM_PrescalerConfig                      0x0800403d   Thumb Code     6  stm32f4xx_tim.o(.text)
    TIM_CounterModeConfig                    0x08004043   Thumb Code    18  stm32f4xx_tim.o(.text)
    TIM_SetCounter                           0x08004055   Thumb Code     4  stm32f4xx_tim.o(.text)
    TIM_SetAutoreload                        0x08004059   Thumb Code     4  stm32f4xx_tim.o(.text)
    TIM_GetCounter                           0x0800405d   Thumb Code     6  stm32f4xx_tim.o(.text)
    TIM_GetPrescaler                         0x08004063   Thumb Code     6  stm32f4xx_tim.o(.text)
    TIM_UpdateDisableConfig                  0x08004069   Thumb Code    24  stm32f4xx_tim.o(.text)
    TIM_UpdateRequestConfig                  0x08004081   Thumb Code    24  stm32f4xx_tim.o(.text)
    TIM_ARRPreloadConfig                     0x08004099   Thumb Code    24  stm32f4xx_tim.o(.text)
    TIM_SelectOnePulseMode                   0x080040b1   Thumb Code    18  stm32f4xx_tim.o(.text)
    TIM_SetClockDivision                     0x080040c3   Thumb Code    18  stm32f4xx_tim.o(.text)
    TIM_Cmd                                  0x080040d5   Thumb Code    24  stm32f4xx_tim.o(.text)
    TIM_OC1Init                              0x080040ed   Thumb Code   114  stm32f4xx_tim.o(.text)
    TIM_OC2Init                              0x0800415f   Thumb Code   154  stm32f4xx_tim.o(.text)
    TIM_OC3Init                              0x080041f9   Thumb Code   204  stm32f4xx_tim.o(.text)
    TIM_OC4Init                              0x080042c5   Thumb Code   112  stm32f4xx_tim.o(.text)
    TIM_OCStructInit                         0x08004335   Thumb Code    20  stm32f4xx_tim.o(.text)
    TIM_SelectOCxM                           0x08004349   Thumb Code    86  stm32f4xx_tim.o(.text)
    TIM_SetCompare1                          0x0800439f   Thumb Code     4  stm32f4xx_tim.o(.text)
    TIM_SetCompare2                          0x080043a3   Thumb Code     4  stm32f4xx_tim.o(.text)
    TIM_SetCompare3                          0x080043a7   Thumb Code     4  stm32f4xx_tim.o(.text)
    TIM_SetCompare4                          0x080043ab   Thumb Code     4  stm32f4xx_tim.o(.text)
    TIM_ForcedOC1Config                      0x080043af   Thumb Code    18  stm32f4xx_tim.o(.text)
    TIM_ForcedOC2Config                      0x080043c1   Thumb Code    26  stm32f4xx_tim.o(.text)
    TIM_ForcedOC3Config                      0x080043db   Thumb Code    18  stm32f4xx_tim.o(.text)
    TIM_ForcedOC4Config                      0x080043ed   Thumb Code    26  stm32f4xx_tim.o(.text)
    TIM_OC1PreloadConfig                     0x08004407   Thumb Code    18  stm32f4xx_tim.o(.text)
    TIM_OC2PreloadConfig                     0x08004419   Thumb Code    26  stm32f4xx_tim.o(.text)
    TIM_OC3PreloadConfig                     0x08004433   Thumb Code    18  stm32f4xx_tim.o(.text)
    TIM_OC4PreloadConfig                     0x08004445   Thumb Code    26  stm32f4xx_tim.o(.text)
    TIM_OC1FastConfig                        0x0800445f   Thumb Code    18  stm32f4xx_tim.o(.text)
    TIM_OC2FastConfig                        0x08004471   Thumb Code    26  stm32f4xx_tim.o(.text)
    TIM_OC3FastConfig                        0x0800448b   Thumb Code    18  stm32f4xx_tim.o(.text)
    TIM_OC4FastConfig                        0x0800449d   Thumb Code    26  stm32f4xx_tim.o(.text)
    TIM_ClearOC1Ref                          0x080044b7   Thumb Code    18  stm32f4xx_tim.o(.text)
    TIM_ClearOC2Ref                          0x080044c9   Thumb Code    24  stm32f4xx_tim.o(.text)
    TIM_ClearOC3Ref                          0x080044e1   Thumb Code    18  stm32f4xx_tim.o(.text)
    TIM_ClearOC4Ref                          0x080044f3   Thumb Code    24  stm32f4xx_tim.o(.text)
    TIM_OC1PolarityConfig                    0x0800450b   Thumb Code    18  stm32f4xx_tim.o(.text)
    TIM_OC1NPolarityConfig                   0x0800451d   Thumb Code    18  stm32f4xx_tim.o(.text)
    TIM_OC2PolarityConfig                    0x0800452f   Thumb Code    26  stm32f4xx_tim.o(.text)
    TIM_OC2NPolarityConfig                   0x08004549   Thumb Code    26  stm32f4xx_tim.o(.text)
    TIM_OC3PolarityConfig                    0x08004563   Thumb Code    26  stm32f4xx_tim.o(.text)
    TIM_OC3NPolarityConfig                   0x0800457d   Thumb Code    26  stm32f4xx_tim.o(.text)
    TIM_OC4PolarityConfig                    0x08004597   Thumb Code    26  stm32f4xx_tim.o(.text)
    TIM_CCxCmd                               0x080045b1   Thumb Code    30  stm32f4xx_tim.o(.text)
    TIM_CCxNCmd                              0x080045cf   Thumb Code    30  stm32f4xx_tim.o(.text)
    TIM_SetIC4Prescaler                      0x080045ed   Thumb Code    26  stm32f4xx_tim.o(.text)
    TIM_SetIC3Prescaler                      0x08004657   Thumb Code    18  stm32f4xx_tim.o(.text)
    TIM_SetIC2Prescaler                      0x080046b1   Thumb Code    26  stm32f4xx_tim.o(.text)
    TIM_SetIC1Prescaler                      0x08004725   Thumb Code    18  stm32f4xx_tim.o(.text)
    TIM_ICInit                               0x08004771   Thumb Code   110  stm32f4xx_tim.o(.text)
    TIM_ICStructInit                         0x080047df   Thumb Code    18  stm32f4xx_tim.o(.text)
    TIM_PWMIConfig                           0x080047f1   Thumb Code   124  stm32f4xx_tim.o(.text)
    TIM_GetCapture1                          0x0800486d   Thumb Code     6  stm32f4xx_tim.o(.text)
    TIM_GetCapture2                          0x08004873   Thumb Code     6  stm32f4xx_tim.o(.text)
    TIM_GetCapture3                          0x08004879   Thumb Code     6  stm32f4xx_tim.o(.text)
    TIM_GetCapture4                          0x0800487f   Thumb Code     6  stm32f4xx_tim.o(.text)
    TIM_BDTRConfig                           0x08004885   Thumb Code    32  stm32f4xx_tim.o(.text)
    TIM_BDTRStructInit                       0x080048a5   Thumb Code    18  stm32f4xx_tim.o(.text)
    TIM_CtrlPWMOutputs                       0x080048b7   Thumb Code    30  stm32f4xx_tim.o(.text)
    TIM_SelectCOM                            0x080048d5   Thumb Code    24  stm32f4xx_tim.o(.text)
    TIM_CCPreloadControl                     0x080048ed   Thumb Code    24  stm32f4xx_tim.o(.text)
    TIM_ITConfig                             0x08004905   Thumb Code    18  stm32f4xx_tim.o(.text)
    TIM_GenerateEvent                        0x08004917   Thumb Code     4  stm32f4xx_tim.o(.text)
    TIM_GetFlagStatus                        0x0800491b   Thumb Code    18  stm32f4xx_tim.o(.text)
    TIM_ClearFlag                            0x0800492d   Thumb Code     6  stm32f4xx_tim.o(.text)
    TIM_GetITStatus                          0x08004933   Thumb Code    34  stm32f4xx_tim.o(.text)
    TIM_ClearITPendingBit                    0x08004955   Thumb Code     6  stm32f4xx_tim.o(.text)
    TIM_DMAConfig                            0x0800495b   Thumb Code    10  stm32f4xx_tim.o(.text)
    TIM_DMACmd                               0x08004965   Thumb Code    18  stm32f4xx_tim.o(.text)
    TIM_SelectCCDMA                          0x08004977   Thumb Code    24  stm32f4xx_tim.o(.text)
    TIM_InternalClockConfig                  0x0800498f   Thumb Code    12  stm32f4xx_tim.o(.text)
    TIM_SelectInputTrigger                   0x0800499b   Thumb Code    18  stm32f4xx_tim.o(.text)
    TIM_ITRxExternalClockConfig              0x080049ad   Thumb Code    24  stm32f4xx_tim.o(.text)
    TIM_TIxExternalClockConfig               0x080049c5   Thumb Code    62  stm32f4xx_tim.o(.text)
    TIM_ETRConfig                            0x08004a03   Thumb Code    28  stm32f4xx_tim.o(.text)
    TIM_ETRClockMode1Config                  0x08004a1f   Thumb Code    54  stm32f4xx_tim.o(.text)
    TIM_ETRClockMode2Config                  0x08004a55   Thumb Code    32  stm32f4xx_tim.o(.text)
    TIM_SelectOutputTrigger                  0x08004a75   Thumb Code    18  stm32f4xx_tim.o(.text)
    TIM_SelectSlaveMode                      0x08004a87   Thumb Code    18  stm32f4xx_tim.o(.text)
    TIM_SelectMasterSlaveMode                0x08004a99   Thumb Code    18  stm32f4xx_tim.o(.text)
    TIM_EncoderInterfaceConfig               0x08004aab   Thumb Code    66  stm32f4xx_tim.o(.text)
    TIM_SelectHallSensor                     0x08004aed   Thumb Code    24  stm32f4xx_tim.o(.text)
    TIM_RemapConfig                          0x08004b05   Thumb Code     6  stm32f4xx_tim.o(.text)
    DMA_DeInit                               0x08004b0d   Thumb Code   324  stm32f4xx_dma.o(.text)
    DMA_Init                                 0x08004c51   Thumb Code    82  stm32f4xx_dma.o(.text)
    DMA_StructInit                           0x08004ca3   Thumb Code    34  stm32f4xx_dma.o(.text)
    DMA_Cmd                                  0x08004cc5   Thumb Code    22  stm32f4xx_dma.o(.text)
    DMA_PeriphIncOffsetSizeConfig            0x08004cdb   Thumb Code    22  stm32f4xx_dma.o(.text)
    DMA_FlowControllerConfig                 0x08004cf1   Thumb Code    22  stm32f4xx_dma.o(.text)
    DMA_SetCurrDataCounter                   0x08004d07   Thumb Code     4  stm32f4xx_dma.o(.text)
    DMA_GetCurrDataCounter                   0x08004d0b   Thumb Code     8  stm32f4xx_dma.o(.text)
    DMA_DoubleBufferModeConfig               0x08004d13   Thumb Code    24  stm32f4xx_dma.o(.text)
    DMA_DoubleBufferModeCmd                  0x08004d2b   Thumb Code    22  stm32f4xx_dma.o(.text)
    DMA_MemoryTargetConfig                   0x08004d41   Thumb Code    10  stm32f4xx_dma.o(.text)
    DMA_GetCurrentMemoryTarget               0x08004d4b   Thumb Code    20  stm32f4xx_dma.o(.text)
    DMA_GetCmdStatus                         0x08004d5f   Thumb Code    20  stm32f4xx_dma.o(.text)
    DMA_GetFIFOStatus                        0x08004d73   Thumb Code    12  stm32f4xx_dma.o(.text)
    DMA_GetFlagStatus                        0x08004d7f   Thumb Code    54  stm32f4xx_dma.o(.text)
    DMA_ClearFlag                            0x08004db5   Thumb Code    40  stm32f4xx_dma.o(.text)
    DMA_ITConfig                             0x08004ddd   Thumb Code    58  stm32f4xx_dma.o(.text)
    DMA_GetITStatus                          0x08004e17   Thumb Code    82  stm32f4xx_dma.o(.text)
    DMA_ClearITPendingBit                    0x08004e69   Thumb Code    40  stm32f4xx_dma.o(.text)
    invSqrt                                  0x08004eb1   Thumb Code    56  imu.o(.text)
    IMUupdate                                0x08004ee9   Thumb Code  1474  imu.o(.text)
    InitMPU6050                              0x080054c9   Thumb Code   164  6050.o(.text)
    MPU6050_Read                             0x0800556d   Thumb Code   148  6050.o(.text)
    Gyro_OFFEST                              0x08005601   Thumb Code   294  6050.o(.text)
    I2C_INIT                                 0x08005741   Thumb Code    82  i2c.o(.text)
    I2C_delay                                0x08005793   Thumb Code    14  i2c.o(.text)
    delay5ms                                 0x080057a1   Thumb Code    14  i2c.o(.text)
    I2C_Start                                0x080057af   Thumb Code    90  i2c.o(.text)
    I2C_Stop                                 0x08005809   Thumb Code    60  i2c.o(.text)
    I2C_Ack                                  0x08005845   Thumb Code    60  i2c.o(.text)
    I2C_NoAck                                0x08005881   Thumb Code    60  i2c.o(.text)
    I2C_WaitAck                              0x080058bd   Thumb Code    92  i2c.o(.text)
    I2C_SendByte                             0x08005919   Thumb Code    94  i2c.o(.text)
    I2C_RadeByte                             0x08005977   Thumb Code    88  i2c.o(.text)
    Single_Write                             0x080059cf   Thumb Code    70  i2c.o(.text)
    Single_Write_MS5611                      0x08005a15   Thumb Code    58  i2c.o(.text)
    Single_Read                              0x08005a4f   Thumb Code    80  i2c.o(.text)
    Attitude_update                          0x08005aa5   Thumb Code   224  prepare_data.o(.text)
    PrepareForIMU                            0x08005f65   Thumb Code   566  prepare_data.o(.text)
    Sys_Configuration                        0x080061c5   Thumb Code    58  clock.o(.text)
    Clock_Int_Init                           0x080061ff   Thumb Code    98  clock.o(.text)
    Body_Protect                             0x08006261   Thumb Code    90  clock.o(.text)
    ControlTask                              0x080062bb   Thumb Code   346  clock.o(.text)
    Diy_Data_Proccess                        0x08006415   Thumb Code   222  clock.o(.text)
    PowerData_Detect                         0x080064f3   Thumb Code   104  clock.o(.text)
    Mode_Change                              0x0800655b   Thumb Code    24  clock.o(.text)
    TIM8_BRK_TIM12_IRQHandler                0x08006573   Thumb Code   358  clock.o(.text)
    Get_Time_Micros                          0x080066d9   Thumb Code     6  clock.o(.text)
    Holder_update_para                       0x08006709   Thumb Code   294  holder.o(.text)
    Holder_Control                           0x0800682f   Thumb Code   206  holder.o(.text)
    ComeToZero                               0x080068fd   Thumb Code    64  holder.o(.text)
    AmplitudeCheck                           0x08006971   Thumb Code    46  chassis_control.o(.text)
    Chessis_Info_Init                        0x0800699f   Thumb Code    18  chassis_control.o(.text)
    Chassis_Control                          0x080069b1   Thumb Code   136  chassis_control.o(.text)
    Chassis_Remote_Dispack                   0x08006a39   Thumb Code   422  chassis_control.o(.text)
    Lets_Rock                                0x08006bdf   Thumb Code   212  chassis_control.o(.text)
    Anaconda                                 0x08006cb3   Thumb Code    18  chassis_control.o(.text)
    Angle_Attack                             0x08006cc5   Thumb Code    70  chassis_control.o(.text)
    SoftReset                                0x08006d0b   Thumb Code    42  chassis_control.o(.text)
    Lets_Revolve                             0x08006d35   Thumb Code    54  chassis_control.o(.text)
    Wheel_para_update                        0x08006dc5   Thumb Code   146  wheel_speed.o(.text)
    Wheel_Info_Init                          0x08006e57   Thumb Code    66  wheel_speed.o(.text)
    Wheel_Info_Update                        0x08006e99   Thumb Code   372  wheel_speed.o(.text)
    Wheel_out                                0x08007279   Thumb Code   190  wheel_speed.o(.text)
    Wheel_out_Proccess                       0x08007337   Thumb Code    38  wheel_speed.o(.text)
    Power_Circle                             0x0800735d   Thumb Code   260  wheel_speed.o(.text)
    Wheel_Speed_control                      0x08007461   Thumb Code   828  wheel_speed.o(.text)
    RampCal                                  0x080077b5   Thumb Code   106  ramp.o(.text)
    ComputerControl                          0x0800781f   Thumb Code   370  ramp.o(.text)
    Remote_Imitate                           0x08007991   Thumb Code   336  ramp.o(.text)
    can2_send                                0x08007b11   Thumb Code    98  motor_out.o(.text)
    Holder_Motor_output                      0x08007b73   Thumb Code   216  motor_out.o(.text)
    Mainfold_Receive_Configuration           0x08007c5d   Thumb Code   450  referee.o(.text)
    Referee_Configuration                    0x08007e1f   Thumb Code   314  referee.o(.text)
    DMA1_Stream6_IRQHandler                  0x08007f59   Thumb Code    42  referee.o(.text)
    New_Send_Data                            0x08007f83   Thumb Code    54  referee.o(.text)
    USART3_IRQHandler                        0x08007fb9   Thumb Code   266  referee.o(.text)
    USART2_IRQHandler                        0x080080c3   Thumb Code   774  referee.o(.text)
    Get_CRC16_Check_Sum                      0x080083c9   Thumb Code    46  referee.o(.text)
    Append_CRC16_Check_Sum                   0x080083f7   Thumb Code    44  referee.o(.text)
    Get_CRC8_Check_Sum                       0x08008423   Thumb Code    30  referee.o(.text)
    Append_CRC8_Check_Sum                    0x08008441   Thumb Code   124  referee.o(.text)
    SendtoReferee                            0x080084bd   Thumb Code   118  referee.o(.text)
    Verify_CRC8_Check_Sum                    0x08008533   Thumb Code    46  referee.o(.text)
    Verify_CRC16_Check_Sum                   0x08008561   Thumb Code    60  referee.o(.text)
    CalculateKey                             0x080085a5   Thumb Code    68  hit.o(.text)
    Hit_flag_init                            0x080085e9   Thumb Code    12  hit.o(.text)
    Hit_Task                                 0x08008b9d   Thumb Code    24  hit.o(.text)
    TwoPointCal                              0x08008bfd   Thumb Code   582  hit_calculation.o(.text)
    __aeabi_memcpy                           0x08008e59   Thumb Code    36  memcpya.o(.text)
    __aeabi_memcpy4                          0x08008e59   Thumb Code     0  memcpya.o(.text)
    __aeabi_memcpy8                          0x08008e59   Thumb Code     0  memcpya.o(.text)
    __aeabi_memset                           0x08008e7d   Thumb Code    14  memseta.o(.text)
    __aeabi_memset4                          0x08008e7d   Thumb Code     0  memseta.o(.text)
    __aeabi_memset8                          0x08008e7d   Thumb Code     0  memseta.o(.text)
    __aeabi_memclr                           0x08008e8b   Thumb Code     4  memseta.o(.text)
    __aeabi_memclr4                          0x08008e8b   Thumb Code     0  memseta.o(.text)
    __aeabi_memclr8                          0x08008e8b   Thumb Code     0  memseta.o(.text)
    _memset$wrapper                          0x08008e8f   Thumb Code    18  memseta.o(.text)
    __aeabi_dadd                             0x08008ea1   Thumb Code   322  dadd.o(.text)
    __aeabi_dsub                             0x08008fe3   Thumb Code     6  dadd.o(.text)
    __aeabi_drsub                            0x08008fe9   Thumb Code     6  dadd.o(.text)
    __aeabi_dmul                             0x08008fef   Thumb Code   228  dmul.o(.text)
    __aeabi_ddiv                             0x080090d3   Thumb Code   222  ddiv.o(.text)
    __aeabi_i2d                              0x080091b1   Thumb Code    34  dflti.o(.text)
    __aeabi_d2iz                             0x080091d3   Thumb Code    62  dfixi.o(.text)
    __aeabi_f2d                              0x08009211   Thumb Code    38  f2d.o(.text)
    __aeabi_d2f                              0x08009237   Thumb Code    56  d2f.o(.text)
    __aeabi_llsl                             0x0800926f   Thumb Code    30  llshl.o(.text)
    _ll_shift_l                              0x0800926f   Thumb Code     0  llshl.o(.text)
    __aeabi_llsr                             0x0800928d   Thumb Code    32  llushr.o(.text)
    _ll_ushift_r                             0x0800928d   Thumb Code     0  llushr.o(.text)
    __aeabi_lasr                             0x080092ad   Thumb Code    36  llsshr.o(.text)
    _ll_sshift_r                             0x080092ad   Thumb Code     0  llsshr.o(.text)
    __I$use$fp                               0x080092d1   Thumb Code     0  iusefp.o(.text)
    _float_round                             0x080092d1   Thumb Code    18  fepilogue.o(.text)
    _float_epilogue                          0x080092e3   Thumb Code    90  fepilogue.o(.text)
    _double_round                            0x0800933d   Thumb Code    26  depilogue.o(.text)
    _double_epilogue                         0x08009357   Thumb Code   164  depilogue.o(.text)
    _dsqrt                                   0x080093fb   Thumb Code   162  dsqrt.o(.text)
    __scatterload                            0x0800949d   Thumb Code    28  init.o(.text)
    __scatterload_rt2                        0x0800949d   Thumb Code     0  init.o(.text)
    __aeabi_ui2d                             0x080094c1   Thumb Code    26  dfltui.o(.text)
    __decompress                             0x080094db   Thumb Code     0  __dczerorl2.o(.text)
    __decompress1                            0x080094db   Thumb Code    92  __dczerorl2.o(.text)
    __ARM_fpclassify                         0x08009537   Thumb Code    48  fpclassify.o(i.__ARM_fpclassify)
    __hardfp_acos                            0x08009569   Thumb Code   738  acos.o(i.__hardfp_acos)
    __hardfp_asin                            0x080098b9   Thumb Code   774  asin.o(i.__hardfp_asin)
    __hardfp_atan                            0x08009c29   Thumb Code   636  atan.o(i.__hardfp_atan)
    __hardfp_atan2                           0x08009f11   Thumb Code   416  atan2.o(i.__hardfp_atan2)
    __hardfp_cos                             0x0800a0f1   Thumb Code   200  cos.o(i.__hardfp_cos)
    __hardfp_sqrt                            0x0800a1c9   Thumb Code   122  sqrt.o(i.__hardfp_sqrt)
    __ieee754_rem_pio2                       0x0800a249   Thumb Code   972  rred.o(i.__ieee754_rem_pio2)
    __kernel_cos                             0x0800a6a1   Thumb Code   322  cos_i.o(i.__kernel_cos)
    __kernel_poly                            0x0800a811   Thumb Code   248  poly.o(i.__kernel_poly)
    __kernel_sin                             0x0800a909   Thumb Code   280  sin_i.o(i.__kernel_sin)
    __mathlib_dbl_underflow                  0x0800aa39   Thumb Code    24  dunder.o(i.__mathlib_dbl_underflow)
    __scatterload_copy                       0x0800aa59   Thumb Code    14  handlers.o(i.__scatterload_copy)
    __scatterload_null                       0x0800aa67   Thumb Code     2  handlers.o(i.__scatterload_null)
    __scatterload_zeroinit                   0x0800aa69   Thumb Code    14  handlers.o(i.__scatterload_zeroinit)
    __set_errno                              0x0800aa79   Thumb Code     6  errno.o(i.__set_errno)
    atan                                     0x0800aa85   Thumb Code    16  atan.o(i.atan)
    fabs                                     0x0800aa95   Thumb Code    32  fabs.o(i.fabs)
    sqrt                                     0x0800aab5   Thumb Code   110  sqrt.o(i.sqrt)
    LaserAndPrep                             0x0800ab34   Data          96  otherconfig.o(.constdata)
    CRC8_INIT                                0x0800abcc   Data           1  referee.o(.constdata)
    CRC8_TAB                                 0x0800abcd   Data         256  referee.o(.constdata)
    wCRC_Table                               0x0800acce   Data         512  referee.o(.constdata)
    __mathlib_zero                           0x0800b038   Data           8  qnan.o(.constdata)
    Region$$Table$$Base                      0x0800b130   Number         0  anon$$obj.o(Region$$Table)
    Region$$Table$$Limit                     0x0800b150   Number         0  anon$$obj.o(Region$$Table)
    Load_motor                               0x20000004   Data          24  load_motor.o(.data)
    IsComputerControl                        0x20000020   Data           1  remote.o(.data)
    BKP_ADR                                  0x20000028   Data          80  bkp_data.o(.data)
    Recovery_flag                            0x20000078   Data           1  bkp_data.o(.data)
    SystemCoreClock                          0x2000007c   Data           4  system_stm32f4xx.o(.data)
    AHBPrescTable                            0x20000080   Data          16  system_stm32f4xx.o(.data)
    q0                                       0x200000a0   Data           4  imu.o(.data)
    q1                                       0x200000a4   Data           4  imu.o(.data)
    q2                                       0x200000a8   Data           4  imu.o(.data)
    q3                                       0x200000ac   Data           4  imu.o(.data)
    exInt                                    0x200000b0   Data           4  imu.o(.data)
    eyInt                                    0x200000b4   Data           4  imu.o(.data)
    ezInt                                    0x200000b8   Data           4  imu.o(.data)
    lastUpdate                               0x200000bc   Data           4  imu.o(.data)
    now                                      0x200000c0   Data           4  imu.o(.data)
    TAddr                                    0x200000c4   Data           1  6050.o(.data)
    mpu6050_error_flag                       0x200000c8   Data           1  prepare_data.o(.data)
    clock_cnt                                0x20000100   Data           4  clock.o(.data)
    Reset_cnt                                0x20000104   Data           4  clock.o(.data)
    Diy_cnt                                  0x20000108   Data           1  clock.o(.data)
    Reset_can                                0x20000109   Data           1  clock.o(.data)
    Run_state                                0x2000010a   Data           1  clock.o(.data)
    mpu_cnt                                  0x2000010c   Data           4  clock.o(.data)
    ComeToZero_Flag                          0x20000118   Data           1  holder.o(.data)
    Pitch_para_6623                          0x2000011c   Data          24  holder.o(.data)
    Yaw_para_6623                            0x20000134   Data          24  holder.o(.data)
    Yaw_para_6025                            0x2000014c   Data          24  holder.o(.data)
    componsate                               0x20000164   Data           2  holder.o(.data)
    chassis_f0                               0x20000168   Data           2  chassis_control.o(.data)
    chassis_r0                               0x2000016a   Data           2  chassis_control.o(.data)
    chassis_y0                               0x2000016c   Data           2  chassis_control.o(.data)
    time_ms_angle                            0x20000170   Data           4  chassis_control.o(.data)
    f0                                       0x20000174   Data           2  chassis_control.o(.data)
    r0                                       0x20000176   Data           2  chassis_control.o(.data)
    y0                                       0x20000178   Data           2  chassis_control.o(.data)
    Chassis_para                             0x2000017c   Data          24  chassis_control.o(.data)
    Wheel_para_old                           0x20000198   Data          24  wheel_speed.o(.data)
    Wheel_para_new                           0x200001b0   Data          24  wheel_speed.o(.data)
    LowPower_Para                            0x200001c8   Data           4  wheel_speed.o(.data)
    Power_P_Increase                         0x200001cc   Data           4  wheel_speed.o(.data)
    Power_P_Derease                          0x200001d0   Data           4  wheel_speed.o(.data)
    Power_P                                  0x200001d4   Data           4  wheel_speed.o(.data)
    bas                                      0x200001d8   Data           4  wheel_speed.o(.data)
    divide                                   0x200001dc   Data           4  wheel_speed.o(.data)
    delta11111                               0x200001e4   Data           4  wheel_speed.o(.data)
    NORMAL_FORWARD_BACK_SPEED                0x200001e8   Data           2  ramp.o(.data)
    NORMAL_LEFT_RIGHT_SPEED                  0x200001ea   Data           2  ramp.o(.data)
    forward_back_speed                       0x200001ec   Data           4  ramp.o(.data)
    left_right_speed                         0x200001f0   Data           4  ramp.o(.data)
    Flag_Uart_Busy                           0x200001f4   Data           1  referee.o(.data)
    CRC_INIT                                 0x200001f6   Data           2  referee.o(.data)
    Judgment_02_data                         0x20000200   Data           6  referee.o(.data)
    temp_V                                   0x20000208   Data           4  referee.o(.data)
    temp_A                                   0x2000020c   Data           4  referee.o(.data)
    temp_W                                   0x20000210   Data           4  referee.o(.data)
    temp_J                                   0x20000214   Data           4  referee.o(.data)
    temp_ss                                  0x20000218   Data           4  referee.o(.data)
    temp_sf                                  0x2000021c   Data           4  referee.o(.data)
    temp_bs                                  0x20000220   Data           4  referee.o(.data)
    temp_bf                                  0x20000224   Data           4  referee.o(.data)
    HitMode                                  0x20000228   Data           1  hit.o(.data)
    TestSDSU                                 0x20000229   Data           1  hit.o(.data)
    FetchMode                                0x2000022a   Data           1  hit.o(.data)
    FetchFinish                              0x2000022b   Data           1  hit.o(.data)
    CanChangeFlag                            0x2000022c   Data           1  hit.o(.data)
    CanFetchFlag                             0x2000022d   Data           1  hit.o(.data)
    ManualMode                               0x2000022e   Data           1  hit.o(.data)
    LastTarget                               0x20000230   Data           4  hit.o(.data)
    Fetch_cnt                                0x20000234   Data           1  hit.o(.data)
    CanShootFlag                             0x20000235   Data           1  hit.o(.data)
    Hit_rev                                  0x20000236   Data           5  hit.o(.data)
    Hit                                      0x2000023b   Data           5  hit.o(.data)
    TargetTable                              0x20000240   Data          72  hit.o(.data)
    jjjjwww                                  0x20000288   Data           4  hit.o(.data)
    BKP_DATA                                 0x20000294   Data          12  main.o(.bss)
    Send_data                                0x200002a0   Data          21  main.o(.bss)
    RxMessage205                             0x200002b8   Data          20  can2.o(.bss)
    RxMessage206                             0x200002cc   Data          20  can2.o(.bss)
    RxMessage                                0x200002e0   Data          20  can2.o(.bss)
    Shoot_Info                               0x200002f4   Data          72  shoot.o(.bss)
    sbus_rx_buffer                           0x2000033c   Data          18  remote.o(.bss)
    RC_Ctl                                   0x2000034e   Data          22  remote.o(.bss)
    angle                                    0x20000364   Data          16  imu.o(.bss)
    sensor                                   0x20000374   Data          72  6050.o(.bss)
    sensor2                                  0x200003bc   Data          72  6050.o(.bss)
    mpu6050_buffer                           0x20000404   Data          16  6050.o(.bss)
    Gyro_File_Buf                            0x20000414   Data         120  prepare_data.o(.bss)
    Pitch_Hold_Info                          0x2000048c   Data          40  holder.o(.bss)
    yaw_Hold_Info                            0x200004b4   Data          40  holder.o(.bss)
    Pitch_para                               0x200004dc   Data          24  holder.o(.bss)
    Yaw_para                                 0x200004f4   Data          24  holder.o(.bss)
    Chassis_Control_Info                     0x2000050c   Data          16  chassis_control.o(.bss)
    k_b                                      0x2000051c   Data          24  wheel_speed.o(.bss)
    Wheel_para                               0x20000534   Data          24  wheel_speed.o(.bss)
    Four_Wheel_Info                          0x2000054c   Data         156  wheel_speed.o(.bss)
    RampTFB                                  0x200005e8   Data          32  ramp.o(.bss)
    RampTLF                                  0x20000608   Data          32  ramp.o(.bss)
    Move_UD                                  0x20000628   Data          32  ramp.o(.bss)
    Move_LF                                  0x20000648   Data          32  ramp.o(.bss)
    meta_data                                0x20000668   Data          80  referee.o(.bss)
    Judgment_01_data                         0x200006b8   Data          24  referee.o(.bss)
    Judgment_03_data                         0x200006d0   Data          16  referee.o(.bss)
    Judgment_04_data                         0x200006e0   Data          22  referee.o(.bss)
    Detect_Data                              0x200006f8   Data          36  referee.o(.bss)
    UserDefineData                           0x2000071c   Data          12  referee.o(.bss)
    Tx_Buf                                   0x20000728   Data          21  referee.o(.bss)
    re_data                                  0x2000073d   Data          21  referee.o(.bss)
    RC_Key                                   0x20000752   Data          32  hit.o(.bss)
    __initial_sp                             0x20000f78   Data           0  startup_stm32f40_41xxx.o(STACK)



==============================================================================

Memory Map of the image

  Image Entry point : 0x08000189

  Load Region LR_IROM1 (Base: 0x08000000, Size: 0x0000b3e4, Max: 0x00100000, ABSOLUTE, COMPRESSED[0x0000b214])

    Execution Region ER_IROM1 (Base: 0x08000000, Size: 0x0000b150, Max: 0x00100000, ABSOLUTE)

    Base Addr    Size         Type   Attr      Idx    E Section Name        Object

    0x08000000   0x00000188   Data   RO          515    RESET               startup_stm32f40_41xxx.o
    0x08000188   0x00000000   Code   RO         1200  * .ARM.Collect$$$$00000000  mc_w.l(entry.o)
    0x08000188   0x00000004   Code   RO         1266    .ARM.Collect$$$$00000001  mc_w.l(entry2.o)
    0x0800018c   0x00000004   Code   RO         1269    .ARM.Collect$$$$00000004  mc_w.l(entry5.o)
    0x08000190   0x00000000   Code   RO         1271    .ARM.Collect$$$$00000008  mc_w.l(entry7b.o)
    0x08000190   0x00000000   Code   RO         1273    .ARM.Collect$$$$0000000A  mc_w.l(entry8b.o)
    0x08000190   0x00000008   Code   RO         1274    .ARM.Collect$$$$0000000B  mc_w.l(entry9a.o)
    0x08000198   0x00000000   Code   RO         1276    .ARM.Collect$$$$0000000D  mc_w.l(entry10a.o)
    0x08000198   0x00000000   Code   RO         1278    .ARM.Collect$$$$0000000F  mc_w.l(entry11a.o)
    0x08000198   0x00000004   Code   RO         1267    .ARM.Collect$$$$00002712  mc_w.l(entry2.o)
    0x0800019c   0x00000060   Code   RO            3    .text               main.o
    0x080001fc   0x00000100   Code   RO          280    .text               delay.o
    0x080002fc   0x000000fc   Code   RO          302    .text               boottask.o
    0x080003f8   0x000000a0   Code   RO          322    .text               led.o
    0x08000498   0x000001d4   Code   RO          342    .text               can2.o
    0x0800066c   0x00000588   Code   RO          369    .text               load_motor.o
    0x08000bf4   0x000001f4   Code   RO          396    .text               shoot.o
    0x08000de8   0x000004f0   Code   RO          422    .text               remote.o
    0x080012d8   0x00000190   Code   RO          449    .text               my_func.o
    0x08001468   0x000000e0   Code   RO          469    .text               bkp_data.o
    0x08001548   0x00000024   Code   RO          516    .text               startup_stm32f40_41xxx.o
    0x0800156c   0x000000e4   Code   RO          522    .text               misc.o
    0x08001650   0x000009ec   Code   RO          562    .text               stm32f4xx_can.o
    0x0800203c   0x00000454   Code   RO          582    .text               stm32f4xx_usart.o
    0x08002490   0x00000210   Code   RO          602    .text               system_stm32f4xx.o
    0x080026a0   0x00000294   Code   RO          668    .text               stm32f4xx_gpio.o
    0x08002934   0x00000170   Code   RO          688    .text               stm32f4xx_pwr.o
    0x08002aa4   0x0000065c   Code   RO          708    .text               stm32f4xx_rcc.o
    0x08003100   0x00000d68   Code   RO          730    .text               stm32f4xx_rtc.o
    0x08003e68   0x00000ca2   Code   RO          750    .text               stm32f4xx_tim.o
    0x08004b0a   0x00000002   PAD
    0x08004b0c   0x000003a4   Code   RO          770    .text               stm32f4xx_dma.o
    0x08004eb0   0x00000618   Code   RO          790    .text               imu.o
    0x080054c8   0x00000278   Code   RO          817    .text               6050.o
    0x08005740   0x00000364   Code   RO          844    .text               i2c.o
    0x08005aa4   0x00000720   Code   RO          864    .text               prepare_data.o
    0x080061c4   0x00000544   Code   RO          891    .text               clock.o
    0x08006708   0x00000268   Code   RO          918    .text               holder.o
    0x08006970   0x00000454   Code   RO          945    .text               chassis_control.o
    0x08006dc4   0x000009f0   Code   RO          981    .text               wheel_speed.o
    0x080077b4   0x0000035c   Code   RO         1009    .text               ramp.o
    0x08007b10   0x0000014c   Code   RO         1037    .text               motor_out.o
    0x08007c5c   0x00000948   Code   RO         1060    .text               referee.o
    0x080085a4   0x00000658   Code   RO         1091    .text               hit.o
    0x08008bfc   0x0000025c   Code   RO         1118    .text               hit_calculation.o
    0x08008e58   0x00000024   Code   RO         1203    .text               mc_w.l(memcpya.o)
    0x08008e7c   0x00000024   Code   RO         1205    .text               mc_w.l(memseta.o)
    0x08008ea0   0x0000014e   Code   RO         1209    .text               mf_w.l(dadd.o)
    0x08008fee   0x000000e4   Code   RO         1211    .text               mf_w.l(dmul.o)
    0x080090d2   0x000000de   Code   RO         1213    .text               mf_w.l(ddiv.o)
    0x080091b0   0x00000022   Code   RO         1217    .text               mf_w.l(dflti.o)
    0x080091d2   0x0000003e   Code   RO         1219    .text               mf_w.l(dfixi.o)
    0x08009210   0x00000026   Code   RO         1221    .text               mf_w.l(f2d.o)
    0x08009236   0x00000038   Code   RO         1223    .text               mf_w.l(d2f.o)
    0x0800926e   0x0000001e   Code   RO         1280    .text               mc_w.l(llshl.o)
    0x0800928c   0x00000020   Code   RO         1282    .text               mc_w.l(llushr.o)
    0x080092ac   0x00000024   Code   RO         1284    .text               mc_w.l(llsshr.o)
    0x080092d0   0x00000000   Code   RO         1293    .text               mc_w.l(iusefp.o)
    0x080092d0   0x0000006c   Code   RO         1294    .text               mf_w.l(fepilogue.o)
    0x0800933c   0x000000be   Code   RO         1296    .text               mf_w.l(depilogue.o)
    0x080093fa   0x000000a2   Code   RO         1298    .text               mf_w.l(dsqrt.o)
    0x0800949c   0x00000024   Code   RO         1302    .text               mc_w.l(init.o)
    0x080094c0   0x0000001a   Code   RO         1304    .text               mf_w.l(dfltui.o)
    0x080094da   0x0000005c   Code   RO         1314    .text               mc_w.l(__dczerorl2.o)
    0x08009536   0x00000030   Code   RO         1250    i.__ARM_fpclassify  m_wm.l(fpclassify.o)
    0x08009566   0x00000002   PAD
    0x08009568   0x00000350   Code   RO         1136    i.__hardfp_acos     m_wm.l(acos.o)
    0x080098b8   0x00000370   Code   RO         1150    i.__hardfp_asin     m_wm.l(asin.o)
    0x08009c28   0x000002e8   Code   RO         1225    i.__hardfp_atan     m_wm.l(atan.o)
    0x08009f10   0x000001e0   Code   RO         1164    i.__hardfp_atan2    m_wm.l(atan2.o)
    0x0800a0f0   0x000000d8   Code   RO         1176    i.__hardfp_cos      m_wm.l(cos.o)
    0x0800a1c8   0x0000007a   Code   RO         1188    i.__hardfp_sqrt     m_wm.l(sqrt.o)
    0x0800a242   0x00000006   PAD
    0x0800a248   0x00000458   Code   RO         1255    i.__ieee754_rem_pio2  m_wm.l(rred.o)
    0x0800a6a0   0x00000170   Code   RO         1239    i.__kernel_cos      m_wm.l(cos_i.o)
    0x0800a810   0x000000f8   Code   RO         1252    i.__kernel_poly     m_wm.l(poly.o)
    0x0800a908   0x00000130   Code   RO         1260    i.__kernel_sin      m_wm.l(sin_i.o)
    0x0800aa38   0x00000020   Code   RO         1242    i.__mathlib_dbl_underflow  m_wm.l(dunder.o)
    0x0800aa58   0x0000000e   Code   RO         1308    i.__scatterload_copy  mc_w.l(handlers.o)
    0x0800aa66   0x00000002   Code   RO         1309    i.__scatterload_null  mc_w.l(handlers.o)
    0x0800aa68   0x0000000e   Code   RO         1310    i.__scatterload_zeroinit  mc_w.l(handlers.o)
    0x0800aa76   0x00000002   PAD
    0x0800aa78   0x0000000c   Code   RO         1288    i.__set_errno       mc_w.l(errno.o)
    0x0800aa84   0x00000010   Code   RO         1227    i.atan              m_wm.l(atan.o)
    0x0800aa94   0x00000020   Code   RO         1246    i.fabs              m_wm.l(fabs.o)
    0x0800aab4   0x0000006e   Code   RO         1190    i.sqrt              m_wm.l(sqrt.o)
    0x0800ab22   0x00000002   PAD
    0x0800ab24   0x00000010   Data   RO            5    .constdata          main.o
    0x0800ab34   0x00000060   Data   RO          239    .constdata          otherconfig.o
    0x0800ab94   0x00000028   Data   RO          947    .constdata          chassis_control.o
    0x0800abbc   0x00000010   Data   RO          983    .constdata          wheel_speed.o
    0x0800abcc   0x00000302   Data   RO         1062    .constdata          referee.o
    0x0800aece   0x00000002   PAD
    0x0800aed0   0x00000050   Data   RO         1139    .constdata          m_wm.l(acos.o)
    0x0800af20   0x00000050   Data   RO         1153    .constdata          m_wm.l(asin.o)
    0x0800af70   0x00000098   Data   RO         1228    .constdata          m_wm.l(atan.o)
    0x0800b008   0x00000030   Data   RO         1240    .constdata          m_wm.l(cos_i.o)
    0x0800b038   0x00000008   Data   RO         1254    .constdata          m_wm.l(qnan.o)
    0x0800b040   0x000000c8   Data   RO         1257    .constdata          m_wm.l(rred.o)
    0x0800b108   0x00000028   Data   RO         1261    .constdata          m_wm.l(sin_i.o)
    0x0800b130   0x00000020   Data   RO         1306    Region$$Table       anon$$obj.o


    Execution Region RW_IRAM1 (Base: 0x20000000, Size: 0x00000f78, Max: 0x00020000, ABSOLUTE, COMPRESSED[0x000000c4])

    Base Addr    Size         Type   Attr      Idx    E Section Name        Object

    0x20000000   0x00000004   Data   RW          281    .data               delay.o
    0x20000004   0x0000001c   Data   RW          370    .data               load_motor.o
    0x20000020   0x00000008   Data   RW          424    .data               remote.o
    0x20000028   0x00000051   Data   RW          470    .data               bkp_data.o
    0x20000079   0x00000003   PAD
    0x2000007c   0x00000014   Data   RW          603    .data               system_stm32f4xx.o
    0x20000090   0x00000010   Data   RW          709    .data               stm32f4xx_rcc.o
    0x200000a0   0x00000024   Data   RW          792    .data               imu.o
    0x200000c4   0x00000001   Data   RW          819    .data               6050.o
    0x200000c5   0x00000003   PAD
    0x200000c8   0x00000038   Data   RW          866    .data               prepare_data.o
    0x20000100   0x00000018   Data   RW          892    .data               clock.o
    0x20000118   0x0000004e   Data   RW          920    .data               holder.o
    0x20000166   0x00000002   PAD
    0x20000168   0x00000030   Data   RW          948    .data               chassis_control.o
    0x20000198   0x00000050   Data   RW          984    .data               wheel_speed.o
    0x200001e8   0x0000000c   Data   RW         1012    .data               ramp.o
    0x200001f4   0x00000034   Data   RW         1063    .data               referee.o
    0x20000228   0x00000065   Data   RW         1093    .data               hit.o
    0x2000028d   0x00000003   PAD
    0x20000290   0x00000004   Data   RW         1289    .data               mc_w.l(errno.o)
    0x20000294   0x00000021   Zero   RW            4    .bss                main.o
    0x200002b5   0x00000003   PAD
    0x200002b8   0x0000003c   Zero   RW          343    .bss                can2.o
    0x200002f4   0x00000048   Zero   RW          397    .bss                shoot.o
    0x2000033c   0x00000028   Zero   RW          423    .bss                remote.o
    0x20000364   0x00000010   Zero   RW          791    .bss                imu.o
    0x20000374   0x000000a0   Zero   RW          818    .bss                6050.o
    0x20000414   0x00000078   Zero   RW          865    .bss                prepare_data.o
    0x2000048c   0x00000080   Zero   RW          919    .bss                holder.o
    0x2000050c   0x00000010   Zero   RW          946    .bss                chassis_control.o
    0x2000051c   0x000000cc   Zero   RW          982    .bss                wheel_speed.o
    0x200005e8   0x00000080   Zero   RW         1010    .bss                ramp.o
    0x20000668   0x000000ea   Zero   RW         1061    .bss                referee.o
    0x20000752   0x00000020   Zero   RW         1092    .bss                hit.o
    0x20000772   0x00000006   PAD
    0x20000778   0x00000800   Zero   RW          513    STACK               startup_stm32f40_41xxx.o


==============================================================================

Image component sizes


      Code (inc. data)   RO Data    RW Data    ZI Data      Debug   Object Name

       632         26          0          1        160       3049   6050.o
       224         16          0         81          0       1716   bkp_data.o
       252         10          0          0          0        702   boottask.o
       468         28          0          0         60       1294   can2.o
      1108         90         40         48         16      32329   chassis_control.o
      1348        154          0         24          0       3363   clock.o
       256          8          0          4          0       1377   delay.o
      1624        158          0        101         32       4178   hit.o
       604         22          0          0          0        906   hit_calculation.o
       616         52          0         78        128       2986   holder.o
       868          6          0          0          0       3294   i2c.o
      1560         78          0         36         16       2789   imu.o
       160         12          0          0          0        690   led.o
      1416         86          0         28          0       3525   load_motor.o
        96         16         16          0         33     321275   main.o
       228         22          0          0          0       1769   misc.o
       332         18          0          0          0       1212   motor_out.o
       400          0          0          0          0       2500   my_func.o
         0          0         96          0          0        455   otherconfig.o
      1824        120          0         56        120       3443   prepare_data.o
       860         48          0         12        128       2567   ramp.o
      2376        154        770         52        234       8308   referee.o
      1264         84          0          8         40       3180   remote.o
       500         30          0          0         72       2679   shoot.o
        36          8        392          0       2048        796   startup_stm32f40_41xxx.o
      2540         38          0          0          0       7920   stm32f4xx_can.o
       932         32          0          0          0       6241   stm32f4xx_dma.o
       660         44          0          0          0       4049   stm32f4xx_gpio.o
       368         20          0          0          0       3711   stm32f4xx_pwr.o
      1628         52          0         16          0      12812   stm32f4xx_rcc.o
      3432         44          0          0          0      15004   stm32f4xx_rtc.o
      3234         60          0          0          0      22248   stm32f4xx_tim.o
      1108         34          0          0          0       7744   stm32f4xx_usart.o
       528         46          0         20          0       1811   system_stm32f4xx.o
      2544        236         16         80        204       6328   wheel_speed.o

    ----------------------------------------------------------------------
     36028       1852       1364        656       3300     498250   Object Totals
         0          0         32          0          0          0   (incl. Generated)
         2          0          2         11          9          0   (incl. Padding)

    ----------------------------------------------------------------------

      Code (inc. data)   RO Data    RW Data    ZI Data      Debug   Library Member Name

       848        110         80          0          0        188   acos.o
       880        106         80          0          0        200   asin.o
       760        108        152          0          0        344   atan.o
       480         64          0          0          0        156   atan2.o
       216         16          0          0          0        152   cos.o
       368         46         48          0          0        200   cos_i.o
        32          8          0          0          0        124   dunder.o
        32          0          0          0          0        124   fabs.o
        48          0          0          0          0        124   fpclassify.o
       248          0          0          0          0        152   poly.o
         0          0          8          0          0          0   qnan.o
      1112        140        200          0          0        188   rred.o
       304         24         40          0          0        208   sin_i.o
       232          0          0          0          0        296   sqrt.o
        92          0          0          0          0          0   __dczerorl2.o
         0          0          0          0          0          0   entry.o
         0          0          0          0          0          0   entry10a.o
         0          0          0          0          0          0   entry11a.o
         8          4          0          0          0          0   entry2.o
         4          0          0          0          0          0   entry5.o
         0          0          0          0          0          0   entry7b.o
         0          0          0          0          0          0   entry8b.o
         8          4          0          0          0          0   entry9a.o
        12          6          0          4          0         68   errno.o
        30          0          0          0          0          0   handlers.o
        36          8          0          0          0         68   init.o
         0          0          0          0          0          0   iusefp.o
        30          0          0          0          0         68   llshl.o
        36          0          0          0          0         68   llsshr.o
        32          0          0          0          0         68   llushr.o
        36          0          0          0          0         68   memcpya.o
        36          0          0          0          0        108   memseta.o
        56          0          0          0          0         88   d2f.o
       334          0          0          0          0        148   dadd.o
       222          0          0          0          0        100   ddiv.o
       190          0          0          0          0        176   depilogue.o
        62          0          0          0          0         80   dfixi.o
        34          0          0          0          0         76   dflti.o
        26          0          0          0          0         76   dfltui.o
       228          0          0          0          0         96   dmul.o
       162          0          0          0          0        100   dsqrt.o
        38          0          0          0          0         68   f2d.o
       108          0          0          0          0        168   fepilogue.o

    ----------------------------------------------------------------------
      7392        644        608          4          0       4148   Library Totals
        12          0          0          0          0          0   (incl. Padding)

    ----------------------------------------------------------------------

      Code (inc. data)   RO Data    RW Data    ZI Data      Debug   Library Name

      5560        622        608          0          0       2456   m_wm.l
       360         22          0          4          0        516   mc_w.l
      1460          0          0          0          0       1176   mf_w.l

    ----------------------------------------------------------------------
      7392        644        608          4          0       4148   Library Totals

    ----------------------------------------------------------------------

==============================================================================


      Code (inc. data)   RO Data    RW Data    ZI Data      Debug   

     43420       2496       1972        660       3300     493118   Grand Totals
     43420       2496       1972        196       3300     493118   ELF Image Totals (compressed)
     43420       2496       1972        196          0          0   ROM Totals

==============================================================================

    Total RO  Size (Code + RO Data)                45392 (  44.33kB)
    Total RW  Size (RW Data + ZI Data)              3960 (   3.87kB)
    Total ROM Size (Code + RO Data + RW Data)      45588 (  44.52kB)

==============================================================================

