<html>
<body>
<pre>
<h1>礦ision Build Log</h1>
<h2>Project:</h2>
E:\ROBOMASTERS\自制板\新步兵车4.10\Project\STM32F4.uvproj
Project File Date:  07/09/2017

<h2>Output:</h2>
Build target 'STM32F4'
compiling Shoot.c...
..\Mylib\Task\Chassis_Control.h(54): warning:  #1295-D: Deprecated declaration SoftReset - give arg types
..\Mylib\Task\Chassis_Control.h(55): warning:  #1295-D: Deprecated declaration Angle_Attack - give arg types
..\Vision\Hit.h(43): warning:  #1295-D: Deprecated declaration Manual_Hit - give arg types
..\Mylib\Task\clock.h(43): warning:  #231-D: declaration is not visible outside of function
..\Mylib\Task\clock.h(43): warning:  #231-D: declaration is not visible outside of function
..\Mylib\BSP\Shoot.c(172): warning:  #1-D: last line of file ends without a newline
compiling clock.c...
..\Mylib\Task\Chassis_Control.h(54): warning:  #1295-D: Deprecated declaration SoftReset - give arg types
..\Mylib\Task\Chassis_Control.h(55): warning:  #1295-D: Deprecated declaration Angle_Attack - give arg types
..\Vision\Hit.h(43): warning:  #1295-D: Deprecated declaration Manual_Hit - give arg types
compiling Chassis_Control.c...
..\Vision\Hit.h(43): warning:  #1295-D: Deprecated declaration Manual_Hit - give arg types
..\Mylib\Task\Chassis_Control.h(54): warning:  #1295-D: Deprecated declaration SoftReset - give arg types
..\Mylib\Task\Chassis_Control.h(55): warning:  #1295-D: Deprecated declaration Angle_Attack - give arg types
linking...
Program Size: Code=43668 RO-data=1972 RW-data=676 ZI-data=3308  
FromELF: creating hex file...
".\Objects\STM32F4.axf" - 0 Errors, 12 Warning(s).
