<html>
<body>
<pre>
<h1>礦ision Build Log</h1>
<h2>Project:</h2>
E:\ROBOMASTERS\自制板\新步兵车4.10\Project\STM32F4.uvproj
Project File Date:  07/09/2017

<h2>Output:</h2>
Build target 'STM32F4'
linking...
Program Size: Code=42740 RO-data=1972 RW-data=676 ZI-data=3260  
FromELF: creating hex file...
".\Objects\STM32F4.axf" - 0 Errors, 0 Warning(s).
Build target 'STM32F4'
compiling main.c...
..\Mylib\Task\Chassis_Control.h(54): warning:  #1295-D: Deprecated declaration SoftReset - give arg types
..\Mylib\Task\Chassis_Control.h(55): warning:  #1295-D: Deprecated declaration Angle_Attack - give arg types
..\Vision\Hit.h(43): warning:  #1295-D: Deprecated declaration Manual_Hit - give arg types
..\User\main.c(25): warning:  #177-D: variable "speed_main" was declared but never referenced
compiling OtherConfig.c...
compiling BootTask.c...
..\Mylib\Task\Chassis_Control.h(54): warning:  #1295-D: Deprecated declaration SoftReset - give arg types
..\Mylib\Task\Chassis_Control.h(55): warning:  #1295-D: Deprecated declaration Angle_Attack - give arg types
..\Vision\Hit.h(43): warning:  #1295-D: Deprecated declaration Manual_Hit - give arg types
compiling CAN2.c...
..\Vision\Hit.h(43): warning:  #1295-D: Deprecated declaration Manual_Hit - give arg types
..\Mylib\Task\Chassis_Control.h(54): warning:  #1295-D: Deprecated declaration SoftReset - give arg types
..\Mylib\Task\Chassis_Control.h(55): warning:  #1295-D: Deprecated declaration Angle_Attack - give arg types
compiling Load_motor.c...
..\Mylib\BSP\Load_motor.c(157): warning:  #177-D: variable "shell_p_part" was declared but never referenced
compiling Shoot.c...
..\Mylib\BSP\Shoot.c(165): warning:  #1-D: last line of file ends without a newline
compiling Remote.c...
..\Vision\Hit.h(43): warning:  #1295-D: Deprecated declaration Manual_Hit - give arg types
..\Mylib\Task\Chassis_Control.h(54): warning:  #1295-D: Deprecated declaration SoftReset - give arg types
..\Mylib\Task\Chassis_Control.h(55): warning:  #1295-D: Deprecated declaration Angle_Attack - give arg types
compiling imu.c...
..\Mylib\Task\Chassis_Control.h(54): warning:  #1295-D: Deprecated declaration SoftReset - give arg types
..\Mylib\Task\Chassis_Control.h(55): warning:  #1295-D: Deprecated declaration Angle_Attack - give arg types
..\Vision\Hit.h(43): warning:  #1295-D: Deprecated declaration Manual_Hit - give arg types
..\Mylib\IMU\imu.c(115): warning:  #1-D: last line of file ends without a newline
..\Mylib\IMU\imu.c(33): warning:  #177-D: variable "q0q3" was declared but never referenced
..\Mylib\IMU\imu.c(35): warning:  #177-D: variable "q1q2" was declared but never referenced
compiling 6050.c...
..\Mylib\Task\Chassis_Control.h(54): warning:  #1295-D: Deprecated declaration SoftReset - give arg types
..\Mylib\Task\Chassis_Control.h(55): warning:  #1295-D: Deprecated declaration Angle_Attack - give arg types
..\Vision\Hit.h(43): warning:  #1295-D: Deprecated declaration Manual_Hit - give arg types
..\Mylib\IMU\6050.c(5): warning:  #14-D: extra text after expected end of preprocessing directive
compiling Prepare_data.c...
..\Mylib\Task\Chassis_Control.h(54): warning:  #1295-D: Deprecated declaration SoftReset - give arg types
..\Mylib\Task\Chassis_Control.h(55): warning:  #1295-D: Deprecated declaration Angle_Attack - give arg types
..\Vision\Hit.h(43): warning:  #1295-D: Deprecated declaration Manual_Hit - give arg types
compiling clock.c...
..\Mylib\Task\Chassis_Control.h(54): warning:  #1295-D: Deprecated declaration SoftReset - give arg types
..\Mylib\Task\Chassis_Control.h(55): warning:  #1295-D: Deprecated declaration Angle_Attack - give arg types
..\Vision\Hit.h(43): warning:  #1295-D: Deprecated declaration Manual_Hit - give arg types
compiling Holder.c...
compiling Chassis_Control.c...
..\Vision\Hit.h(43): warning:  #1295-D: Deprecated declaration Manual_Hit - give arg types
..\Mylib\Task\Chassis_Control.h(54): warning:  #1295-D: Deprecated declaration SoftReset - give arg types
..\Mylib\Task\Chassis_Control.h(55): warning:  #1295-D: Deprecated declaration Angle_Attack - give arg types
compiling Wheel_Speed.c...
..\Mylib\Task\Chassis_Control.h(54): warning:  #1295-D: Deprecated declaration SoftReset - give arg types
..\Mylib\Task\Chassis_Control.h(55): warning:  #1295-D: Deprecated declaration Angle_Attack - give arg types
..\Vision\Hit.h(43): warning:  #1295-D: Deprecated declaration Manual_Hit - give arg types
..\Mylib\Task\Wheel_Speed.c(260): warning:  #940-D: missing return statement at end of non-void function "A_Law"
..\Mylib\Task\Wheel_Speed.c(242): warning:  #177-D: variable "point" was declared but never referenced
..\Mylib\Task\Wheel_Speed.c(271): warning:  #177-D: variable "i" was declared but never referenced
..\Mylib\Task\Wheel_Speed.c(273): warning:  #177-D: variable "sum" was declared but never referenced
..\Mylib\Task\Wheel_Speed.c(408): warning:  #177-D: variable "wheel_cnt" was declared but never referenced
..\Mylib\Task\Wheel_Speed.c(409): warning:  #177-D: variable "Power_P" was declared but never referenced
..\Mylib\Task\Wheel_Speed.c(410): warning:  #177-D: variable "delta_out" was declared but never referenced
..\Mylib\Task\Wheel_Speed.c(240): warning:  #177-D: function "A_Law" was declared but never referenced
compiling Ramp.c...
..\Vision\Hit.h(43): warning:  #1295-D: Deprecated declaration Manual_Hit - give arg types
..\Mylib\Task\Chassis_Control.h(54): warning:  #1295-D: Deprecated declaration SoftReset - give arg types
..\Mylib\Task\Chassis_Control.h(55): warning:  #1295-D: Deprecated declaration Angle_Attack - give arg types
compiling Motor_out.c...
compiling referee.c...
..\Mylib\Task\Chassis_Control.h(54): warning:  #1295-D: Deprecated declaration SoftReset - give arg types
..\Mylib\Task\Chassis_Control.h(55): warning:  #1295-D: Deprecated declaration Angle_Attack - give arg types
..\Vision\Hit.h(43): warning:  #1295-D: Deprecated declaration Manual_Hit - give arg types
..\Mylib\Referee\referee.c(246): warning:  #550-D: variable "this_time_rx_len" was set but never used
..\Mylib\Referee\referee.c(247): warning:  #177-D: variable "i" was declared but never referenced
..\Mylib\Referee\referee.c(288): warning:  #550-D: variable "this_time_rx_len" was set but never used
..\Mylib\Referee\referee.c(289): warning:  #177-D: variable "i" was declared but never referenced
compiling Hit.c...
..\Mylib\Task\Chassis_Control.h(54): warning:  #1295-D: Deprecated declaration SoftReset - give arg types
..\Mylib\Task\Chassis_Control.h(55): warning:  #1295-D: Deprecated declaration Angle_Attack - give arg types
..\Vision\Hit.h(43): warning:  #1295-D: Deprecated declaration Manual_Hit - give arg types
..\Vision\Hit.c(137): warning:  #177-D: variable "iiiwww" was declared but never referenced
..\Vision\Hit.c(209): warning:  #177-D: variable "pitch_temp" was declared but never referenced
linking...
Program Size: Code=42740 RO-data=1972 RW-data=676 ZI-data=3260  
FromELF: creating hex file...
".\Objects\STM32F4.axf" - 0 Errors, 60 Warning(s).
Build target 'STM32F4'
compiling main.c...
..\Mylib\Task\Chassis_Control.h(54): warning:  #1295-D: Deprecated declaration SoftReset - give arg types
..\Mylib\Task\Chassis_Control.h(55): warning:  #1295-D: Deprecated declaration Angle_Attack - give arg types
..\Vision\Hit.h(43): warning:  #1295-D: Deprecated declaration Manual_Hit - give arg types
..\User\main.c(25): warning:  #177-D: variable "speed_main" was declared but never referenced
compiling BootTask.c...
..\Mylib\Task\Chassis_Control.h(54): warning:  #1295-D: Deprecated declaration SoftReset - give arg types
..\Mylib\Task\Chassis_Control.h(55): warning:  #1295-D: Deprecated declaration Angle_Attack - give arg types
..\Vision\Hit.h(43): warning:  #1295-D: Deprecated declaration Manual_Hit - give arg types
compiling CAN2.c...
..\Vision\Hit.h(43): warning:  #1295-D: Deprecated declaration Manual_Hit - give arg types
..\Mylib\Task\Chassis_Control.h(54): warning:  #1295-D: Deprecated declaration SoftReset - give arg types
..\Mylib\Task\Chassis_Control.h(55): warning:  #1295-D: Deprecated declaration Angle_Attack - give arg types
compiling Remote.c...
..\Vision\Hit.h(43): warning:  #1295-D: Deprecated declaration Manual_Hit - give arg types
..\Mylib\Task\Chassis_Control.h(54): warning:  #1295-D: Deprecated declaration SoftReset - give arg types
..\Mylib\Task\Chassis_Control.h(55): warning:  #1295-D: Deprecated declaration Angle_Attack - give arg types
compiling imu.c...
..\Mylib\Task\Chassis_Control.h(54): warning:  #1295-D: Deprecated declaration SoftReset - give arg types
..\Mylib\Task\Chassis_Control.h(55): warning:  #1295-D: Deprecated declaration Angle_Attack - give arg types
..\Vision\Hit.h(43): warning:  #1295-D: Deprecated declaration Manual_Hit - give arg types
..\Mylib\IMU\imu.c(115): warning:  #1-D: last line of file ends without a newline
..\Mylib\IMU\imu.c(33): warning:  #177-D: variable "q0q3" was declared but never referenced
..\Mylib\IMU\imu.c(35): warning:  #177-D: variable "q1q2" was declared but never referenced
compiling 6050.c...
..\Mylib\Task\Chassis_Control.h(54): warning:  #1295-D: Deprecated declaration SoftReset - give arg types
..\Mylib\Task\Chassis_Control.h(55): warning:  #1295-D: Deprecated declaration Angle_Attack - give arg types
..\Vision\Hit.h(43): warning:  #1295-D: Deprecated declaration Manual_Hit - give arg types
..\Mylib\IMU\6050.c(5): warning:  #14-D: extra text after expected end of preprocessing directive
compiling Prepare_data.c...
..\Mylib\Task\Chassis_Control.h(54): warning:  #1295-D: Deprecated declaration SoftReset - give arg types
..\Mylib\Task\Chassis_Control.h(55): warning:  #1295-D: Deprecated declaration Angle_Attack - give arg types
..\Vision\Hit.h(43): warning:  #1295-D: Deprecated declaration Manual_Hit - give arg types
compiling clock.c...
..\Mylib\Task\Chassis_Control.h(54): warning:  #1295-D: Deprecated declaration SoftReset - give arg types
..\Mylib\Task\Chassis_Control.h(55): warning:  #1295-D: Deprecated declaration Angle_Attack - give arg types
..\Vision\Hit.h(43): warning:  #1295-D: Deprecated declaration Manual_Hit - give arg types
compiling Chassis_Control.c...
..\Vision\Hit.h(43): warning:  #1295-D: Deprecated declaration Manual_Hit - give arg types
..\Mylib\Task\Chassis_Control.h(54): warning:  #1295-D: Deprecated declaration SoftReset - give arg types
..\Mylib\Task\Chassis_Control.h(55): warning:  #1295-D: Deprecated declaration Angle_Attack - give arg types
compiling Wheel_Speed.c...
..\Mylib\Task\Chassis_Control.h(54): warning:  #1295-D: Deprecated declaration SoftReset - give arg types
..\Mylib\Task\Chassis_Control.h(55): warning:  #1295-D: Deprecated declaration Angle_Attack - give arg types
..\Vision\Hit.h(43): warning:  #1295-D: Deprecated declaration Manual_Hit - give arg types
..\Mylib\Task\Wheel_Speed.c(260): warning:  #940-D: missing return statement at end of non-void function "A_Law"
..\Mylib\Task\Wheel_Speed.c(242): warning:  #177-D: variable "point" was declared but never referenced
..\Mylib\Task\Wheel_Speed.c(271): warning:  #177-D: variable "i" was declared but never referenced
..\Mylib\Task\Wheel_Speed.c(273): warning:  #177-D: variable "sum" was declared but never referenced
..\Mylib\Task\Wheel_Speed.c(408): warning:  #177-D: variable "wheel_cnt" was declared but never referenced
..\Mylib\Task\Wheel_Speed.c(409): warning:  #177-D: variable "Power_P" was declared but never referenced
..\Mylib\Task\Wheel_Speed.c(410): warning:  #177-D: variable "delta_out" was declared but never referenced
..\Mylib\Task\Wheel_Speed.c(240): warning:  #177-D: function "A_Law" was declared but never referenced
compiling Ramp.c...
..\Vision\Hit.h(43): warning:  #1295-D: Deprecated declaration Manual_Hit - give arg types
..\Mylib\Task\Chassis_Control.h(54): warning:  #1295-D: Deprecated declaration SoftReset - give arg types
..\Mylib\Task\Chassis_Control.h(55): warning:  #1295-D: Deprecated declaration Angle_Attack - give arg types
compiling referee.c...
..\Mylib\Task\Chassis_Control.h(54): warning:  #1295-D: Deprecated declaration SoftReset - give arg types
..\Mylib\Task\Chassis_Control.h(55): warning:  #1295-D: Deprecated declaration Angle_Attack - give arg types
..\Vision\Hit.h(43): warning:  #1295-D: Deprecated declaration Manual_Hit - give arg types
..\Mylib\Referee\referee.c(246): warning:  #550-D: variable "this_time_rx_len" was set but never used
..\Mylib\Referee\referee.c(247): warning:  #177-D: variable "i" was declared but never referenced
..\Mylib\Referee\referee.c(288): warning:  #550-D: variable "this_time_rx_len" was set but never used
..\Mylib\Referee\referee.c(289): warning:  #177-D: variable "i" was declared but never referenced
compiling Hit.c...
..\Mylib\Task\Chassis_Control.h(54): warning:  #1295-D: Deprecated declaration SoftReset - give arg types
..\Mylib\Task\Chassis_Control.h(55): warning:  #1295-D: Deprecated declaration Angle_Attack - give arg types
..\Vision\Hit.h(43): warning:  #1295-D: Deprecated declaration Manual_Hit - give arg types
..\Vision\Hit.c(137): warning:  #177-D: variable "iiiwww" was declared but never referenced
..\Vision\Hit.c(209): warning:  #177-D: variable "pitch_temp" was declared but never referenced
linking...
Program Size: Code=42740 RO-data=1972 RW-data=676 ZI-data=3268  
FromELF: creating hex file...
".\Objects\STM32F4.axf" - 0 Errors, 58 Warning(s).
Build target 'STM32F4'
compiling Wheel_Speed.c...
..\Mylib\Task\Chassis_Control.h(54): warning:  #1295-D: Deprecated declaration SoftReset - give arg types
..\Mylib\Task\Chassis_Control.h(55): warning:  #1295-D: Deprecated declaration Angle_Attack - give arg types
..\Vision\Hit.h(43): warning:  #1295-D: Deprecated declaration Manual_Hit - give arg types
..\Mylib\Task\Wheel_Speed.c(260): warning:  #940-D: missing return statement at end of non-void function "A_Law"
..\Mylib\Task\Wheel_Speed.c(242): warning:  #177-D: variable "point" was declared but never referenced
..\Mylib\Task\Wheel_Speed.c(271): warning:  #177-D: variable "i" was declared but never referenced
..\Mylib\Task\Wheel_Speed.c(273): warning:  #177-D: variable "sum" was declared but never referenced
..\Mylib\Task\Wheel_Speed.c(240): warning:  #177-D: function "A_Law" was declared but never referenced
linking...
Program Size: Code=42412 RO-data=1972 RW-data=680 ZI-data=3264  
FromELF: creating hex file...
".\Objects\STM32F4.axf" - 0 Errors, 8 Warning(s).
Build target 'STM32F4'
linking...
Program Size: Code=42412 RO-data=1972 RW-data=680 ZI-data=3264  
FromELF: creating hex file...
".\Objects\STM32F4.axf" - 0 Errors, 0 Warning(s).
Build target 'STM32F4'
linking...
Program Size: Code=42412 RO-data=1972 RW-data=680 ZI-data=3264  
FromELF: creating hex file...
".\Objects\STM32F4.axf" - 0 Errors, 0 Warning(s).
Build target 'STM32F4'
linking...
Program Size: Code=42412 RO-data=1972 RW-data=680 ZI-data=3264  
FromELF: creating hex file...
".\Objects\STM32F4.axf" - 0 Errors, 0 Warning(s).
Build target 'STM32F4'
linking...
Program Size: Code=42412 RO-data=1972 RW-data=680 ZI-data=3264  
FromELF: creating hex file...
".\Objects\STM32F4.axf" - 0 Errors, 0 Warning(s).
Build target 'STM32F4'
linking...
Program Size: Code=42412 RO-data=1972 RW-data=680 ZI-data=3264  
FromELF: creating hex file...
".\Objects\STM32F4.axf" - 0 Errors, 0 Warning(s).
Build target 'STM32F4'
linking...
Program Size: Code=42412 RO-data=1972 RW-data=680 ZI-data=3264  
FromELF: creating hex file...
".\Objects\STM32F4.axf" - 0 Errors, 0 Warning(s).
Build target 'STM32F4'
linking...
Program Size: Code=42412 RO-data=1972 RW-data=680 ZI-data=3264  
FromELF: creating hex file...
".\Objects\STM32F4.axf" - 0 Errors, 0 Warning(s).
Load "E:\\ROBOMASTERS\\自制板\\新步兵车4.10\\Project\\Objects\\STM32F4.axf" 
Erase Done.
Programming Done.
Verify OK.
Application running ...
Build target 'STM32F4'
linking...
Program Size: Code=42412 RO-data=1972 RW-data=680 ZI-data=3264  
FromELF: creating hex file...
".\Objects\STM32F4.axf" - 0 Errors, 0 Warning(s).
Load "E:\\ROBOMASTERS\\自制板\\新步兵车4.10\\Project\\Objects\\STM32F4.axf" 
Erase Done.
Programming Done.
Verify OK.
Application running ...
Build target 'STM32F4'
compiling Hit.c...
..\Mylib\Task\Chassis_Control.h(54): warning:  #1295-D: Deprecated declaration SoftReset - give arg types
..\Mylib\Task\Chassis_Control.h(55): warning:  #1295-D: Deprecated declaration Angle_Attack - give arg types
..\Vision\Hit.h(43): warning:  #1295-D: Deprecated declaration Manual_Hit - give arg types
..\Vision\Hit.c(137): warning:  #177-D: variable "iiiwww" was declared but never referenced
..\Vision\Hit.c(209): warning:  #177-D: variable "pitch_temp" was declared but never referenced
linking...
Program Size: Code=42412 RO-data=1972 RW-data=680 ZI-data=3264  
FromELF: creating hex file...
".\Objects\STM32F4.axf" - 0 Errors, 5 Warning(s).
Build target 'STM32F4'
compiling Hit.c...
..\Mylib\Task\Chassis_Control.h(54): warning:  #1295-D: Deprecated declaration SoftReset - give arg types
..\Mylib\Task\Chassis_Control.h(55): warning:  #1295-D: Deprecated declaration Angle_Attack - give arg types
..\Vision\Hit.h(43): warning:  #1295-D: Deprecated declaration Manual_Hit - give arg types
..\Vision\Hit.c(137): warning:  #177-D: variable "iiiwww" was declared but never referenced
..\Vision\Hit.c(209): warning:  #177-D: variable "pitch_temp" was declared but never referenced
linking...
Program Size: Code=42412 RO-data=1972 RW-data=680 ZI-data=3264  
FromELF: creating hex file...
".\Objects\STM32F4.axf" - 0 Errors, 5 Warning(s).
Load "E:\\ROBOMASTERS\\自制板\\新步兵车4.10\\Project\\Objects\\STM32F4.axf" 
Erase Done.
Programming Done.
Verify OK.
Application running ...
Build target 'STM32F4'
compiling Wheel_Speed.c...
..\Mylib\Task\Chassis_Control.h(54): warning:  #1295-D: Deprecated declaration SoftReset - give arg types
..\Mylib\Task\Chassis_Control.h(55): warning:  #1295-D: Deprecated declaration Angle_Attack - give arg types
..\Vision\Hit.h(43): warning:  #1295-D: Deprecated declaration Manual_Hit - give arg types
..\Mylib\Task\Wheel_Speed.c(260): warning:  #940-D: missing return statement at end of non-void function "A_Law"
..\Mylib\Task\Wheel_Speed.c(242): warning:  #177-D: variable "point" was declared but never referenced
..\Mylib\Task\Wheel_Speed.c(271): warning:  #177-D: variable "i" was declared but never referenced
..\Mylib\Task\Wheel_Speed.c(273): warning:  #177-D: variable "sum" was declared but never referenced
..\Mylib\Task\Wheel_Speed.c(240): warning:  #177-D: function "A_Law" was declared but never referenced
linking...
Program Size: Code=42412 RO-data=1972 RW-data=680 ZI-data=3264  
FromELF: creating hex file...
".\Objects\STM32F4.axf" - 0 Errors, 8 Warning(s).
Load "E:\\ROBOMASTERS\\自制板\\新步兵车4.10\\Project\\Objects\\STM32F4.axf" 
Erase Done.
Programming Done.
Verify OK.
Application running ...
Build target 'STM32F4'
compiling Wheel_Speed.c...
..\Mylib\Task\Chassis_Control.h(54): warning:  #1295-D: Deprecated declaration SoftReset - give arg types
..\Mylib\Task\Chassis_Control.h(55): warning:  #1295-D: Deprecated declaration Angle_Attack - give arg types
..\Vision\Hit.h(43): warning:  #1295-D: Deprecated declaration Manual_Hit - give arg types
..\Mylib\Task\Wheel_Speed.c(260): warning:  #940-D: missing return statement at end of non-void function "A_Law"
..\Mylib\Task\Wheel_Speed.c(242): warning:  #177-D: variable "point" was declared but never referenced
..\Mylib\Task\Wheel_Speed.c(271): warning:  #177-D: variable "i" was declared but never referenced
..\Mylib\Task\Wheel_Speed.c(273): warning:  #177-D: variable "sum" was declared but never referenced
..\Mylib\Task\Wheel_Speed.c(240): warning:  #177-D: function "A_Law" was declared but never referenced
linking...
Program Size: Code=42412 RO-data=1972 RW-data=680 ZI-data=3264  
FromELF: creating hex file...
".\Objects\STM32F4.axf" - 0 Errors, 8 Warning(s).
Load "E:\\ROBOMASTERS\\自制板\\新步兵车4.10\\Project\\Objects\\STM32F4.axf" 
Erase Done.
Programming Done.
Verify OK.
Application running ...
Build target 'STM32F4'
compiling Wheel_Speed.c...
..\Mylib\Task\Chassis_Control.h(54): warning:  #1295-D: Deprecated declaration SoftReset - give arg types
..\Mylib\Task\Chassis_Control.h(55): warning:  #1295-D: Deprecated declaration Angle_Attack - give arg types
..\Vision\Hit.h(43): warning:  #1295-D: Deprecated declaration Manual_Hit - give arg types
..\Mylib\Task\Wheel_Speed.c(260): warning:  #940-D: missing return statement at end of non-void function "A_Law"
..\Mylib\Task\Wheel_Speed.c(242): warning:  #177-D: variable "point" was declared but never referenced
..\Mylib\Task\Wheel_Speed.c(271): warning:  #177-D: variable "i" was declared but never referenced
..\Mylib\Task\Wheel_Speed.c(273): warning:  #177-D: variable "sum" was declared but never referenced
..\Mylib\Task\Wheel_Speed.c(240): warning:  #177-D: function "A_Law" was declared but never referenced
linking...
Program Size: Code=42412 RO-data=1972 RW-data=680 ZI-data=3264  
FromELF: creating hex file...
".\Objects\STM32F4.axf" - 0 Errors, 8 Warning(s).
Load "E:\\ROBOMASTERS\\自制板\\新步兵车4.10\\Project\\Objects\\STM32F4.axf" 
Erase Done.
Programming Done.
Verify OK.
Application running ...
Build target 'STM32F4'
compiling clock.c...
..\Mylib\Task\Chassis_Control.h(54): warning:  #1295-D: Deprecated declaration SoftReset - give arg types
..\Mylib\Task\Chassis_Control.h(55): warning:  #1295-D: Deprecated declaration Angle_Attack - give arg types
..\Vision\Hit.h(43): warning:  #1295-D: Deprecated declaration Manual_Hit - give arg types
linking...
Program Size: Code=42460 RO-data=1972 RW-data=680 ZI-data=3264  
FromELF: creating hex file...
".\Objects\STM32F4.axf" - 0 Errors, 3 Warning(s).
Load "E:\\ROBOMASTERS\\自制板\\新步兵车4.10\\Project\\Objects\\STM32F4.axf" 
Build target 'STM32F4'
linking...
Program Size: Code=42460 RO-data=1972 RW-data=680 ZI-data=3264  
FromELF: creating hex file...
".\Objects\STM32F4.axf" - 0 Errors, 0 Warning(s).
Load "E:\\ROBOMASTERS\\自制板\\新步兵车4.10\\Project\\Objects\\STM32F4.axf" 
Build target 'STM32F4'
linking...
Program Size: Code=42460 RO-data=1972 RW-data=680 ZI-data=3264  
FromELF: creating hex file...
".\Objects\STM32F4.axf" - 0 Errors, 0 Warning(s).
Load "E:\\ROBOMASTERS\\自制板\\新步兵车4.10\\Project\\Objects\\STM32F4.axf" 
Erase Done.
Programming Done.
Verify OK.
Application running ...
Build target 'STM32F4'
compiling Wheel_Speed.c...
..\Mylib\Task\Chassis_Control.h(54): warning:  #1295-D: Deprecated declaration SoftReset - give arg types
..\Mylib\Task\Chassis_Control.h(55): warning:  #1295-D: Deprecated declaration Angle_Attack - give arg types
..\Vision\Hit.h(43): warning:  #1295-D: Deprecated declaration Manual_Hit - give arg types
..\Mylib\Task\Wheel_Speed.c(260): warning:  #940-D: missing return statement at end of non-void function "A_Law"
..\Mylib\Task\Wheel_Speed.c(242): warning:  #177-D: variable "point" was declared but never referenced
..\Mylib\Task\Wheel_Speed.c(271): warning:  #177-D: variable "i" was declared but never referenced
..\Mylib\Task\Wheel_Speed.c(273): warning:  #177-D: variable "sum" was declared but never referenced
..\Mylib\Task\Wheel_Speed.c(240): warning:  #177-D: function "A_Law" was declared but never referenced
compiling Ramp.c...
..\Vision\Hit.h(43): warning:  #1295-D: Deprecated declaration Manual_Hit - give arg types
..\Mylib\Task\Chassis_Control.h(54): warning:  #1295-D: Deprecated declaration SoftReset - give arg types
..\Mylib\Task\Chassis_Control.h(55): warning:  #1295-D: Deprecated declaration Angle_Attack - give arg types
linking...
Program Size: Code=42460 RO-data=1972 RW-data=680 ZI-data=3264  
FromELF: creating hex file...
".\Objects\STM32F4.axf" - 0 Errors, 11 Warning(s).
Load "E:\\ROBOMASTERS\\自制板\\新步兵车4.10\\Project\\Objects\\STM32F4.axf" 
Erase Done.
Programming Done.
Verify OK.
Application running ...
Build target 'STM32F4'
compiling Wheel_Speed.c...
..\Mylib\Task\Chassis_Control.h(54): warning:  #1295-D: Deprecated declaration SoftReset - give arg types
..\Mylib\Task\Chassis_Control.h(55): warning:  #1295-D: Deprecated declaration Angle_Attack - give arg types
..\Vision\Hit.h(43): warning:  #1295-D: Deprecated declaration Manual_Hit - give arg types
..\Mylib\Task\Wheel_Speed.c(260): warning:  #940-D: missing return statement at end of non-void function "A_Law"
..\Mylib\Task\Wheel_Speed.c(242): warning:  #177-D: variable "point" was declared but never referenced
..\Mylib\Task\Wheel_Speed.c(271): warning:  #177-D: variable "i" was declared but never referenced
..\Mylib\Task\Wheel_Speed.c(273): warning:  #177-D: variable "sum" was declared but never referenced
..\Mylib\Task\Wheel_Speed.c(240): warning:  #177-D: function "A_Law" was declared but never referenced
linking...
Program Size: Code=42460 RO-data=1972 RW-data=680 ZI-data=3264  
FromELF: creating hex file...
".\Objects\STM32F4.axf" - 0 Errors, 8 Warning(s).
Load "E:\\ROBOMASTERS\\自制板\\新步兵车4.10\\Project\\Objects\\STM32F4.axf" 
Erase Done.
Programming Done.
Verify OK.
Application running ...
Build target 'STM32F4'
compiling Hit.c...
..\Mylib\Task\Chassis_Control.h(54): warning:  #1295-D: Deprecated declaration SoftReset - give arg types
..\Mylib\Task\Chassis_Control.h(55): warning:  #1295-D: Deprecated declaration Angle_Attack - give arg types
..\Vision\Hit.h(43): warning:  #1295-D: Deprecated declaration Manual_Hit - give arg types
..\Vision\Hit.c(137): warning:  #177-D: variable "iiiwww" was declared but never referenced
..\Vision\Hit.c(209): warning:  #177-D: variable "pitch_temp" was declared but never referenced
linking...
Program Size: Code=42460 RO-data=1972 RW-data=680 ZI-data=3264  
FromELF: creating hex file...
".\Objects\STM32F4.axf" - 0 Errors, 5 Warning(s).
Load "E:\\ROBOMASTERS\\自制板\\新步兵车4.10\\Project\\Objects\\STM32F4.axf" 
Erase Done.
Programming Done.
Verify OK.
Application running ...
Build target 'STM32F4'
compiling Wheel_Speed.c...
..\Mylib\Task\Chassis_Control.h(54): warning:  #1295-D: Deprecated declaration SoftReset - give arg types
..\Mylib\Task\Chassis_Control.h(55): warning:  #1295-D: Deprecated declaration Angle_Attack - give arg types
..\Vision\Hit.h(43): warning:  #1295-D: Deprecated declaration Manual_Hit - give arg types
..\Mylib\Task\Wheel_Speed.c(260): warning:  #940-D: missing return statement at end of non-void function "A_Law"
..\Mylib\Task\Wheel_Speed.c(242): warning:  #177-D: variable "point" was declared but never referenced
..\Mylib\Task\Wheel_Speed.c(271): warning:  #177-D: variable "i" was declared but never referenced
..\Mylib\Task\Wheel_Speed.c(273): warning:  #177-D: variable "sum" was declared but never referenced
..\Mylib\Task\Wheel_Speed.c(240): warning:  #177-D: function "A_Law" was declared but never referenced
linking...
Program Size: Code=42468 RO-data=1972 RW-data=680 ZI-data=3264  
FromELF: creating hex file...
".\Objects\STM32F4.axf" - 0 Errors, 8 Warning(s).
Build target 'STM32F4'
linking...
Program Size: Code=42468 RO-data=1972 RW-data=680 ZI-data=3264  
FromELF: creating hex file...
".\Objects\STM32F4.axf" - 0 Errors, 0 Warning(s).
Build target 'STM32F4'
compiling Hit.c...
..\Mylib\Task\Chassis_Control.h(54): warning:  #1295-D: Deprecated declaration SoftReset - give arg types
..\Mylib\Task\Chassis_Control.h(55): warning:  #1295-D: Deprecated declaration Angle_Attack - give arg types
..\Vision\Hit.h(43): warning:  #1295-D: Deprecated declaration Manual_Hit - give arg types
..\Vision\Hit.c(137): warning:  #177-D: variable "iiiwww" was declared but never referenced
..\Vision\Hit.c(209): warning:  #177-D: variable "pitch_temp" was declared but never referenced
linking...
Program Size: Code=42468 RO-data=1972 RW-data=680 ZI-data=3264  
FromELF: creating hex file...
".\Objects\STM32F4.axf" - 0 Errors, 5 Warning(s).
Load "E:\\ROBOMASTERS\\自制板\\新步兵车4.10\\Project\\Objects\\STM32F4.axf" 
Erase Done.
Programming Done.
Verify OK.
Application running ...
Build target 'STM32F4'
compiling Wheel_Speed.c...
..\Mylib\Task\Chassis_Control.h(54): warning:  #1295-D: Deprecated declaration SoftReset - give arg types
..\Mylib\Task\Chassis_Control.h(55): warning:  #1295-D: Deprecated declaration Angle_Attack - give arg types
..\Vision\Hit.h(43): warning:  #1295-D: Deprecated declaration Manual_Hit - give arg types
..\Mylib\Task\Wheel_Speed.c(260): warning:  #940-D: missing return statement at end of non-void function "A_Law"
..\Mylib\Task\Wheel_Speed.c(242): warning:  #177-D: variable "point" was declared but never referenced
..\Mylib\Task\Wheel_Speed.c(271): warning:  #177-D: variable "i" was declared but never referenced
..\Mylib\Task\Wheel_Speed.c(273): warning:  #177-D: variable "sum" was declared but never referenced
..\Mylib\Task\Wheel_Speed.c(240): warning:  #177-D: function "A_Law" was declared but never referenced
linking...
Program Size: Code=42468 RO-data=1972 RW-data=680 ZI-data=3264  
FromELF: creating hex file...
".\Objects\STM32F4.axf" - 0 Errors, 8 Warning(s).
Load "E:\\ROBOMASTERS\\自制板\\新步兵车4.10\\Project\\Objects\\STM32F4.axf" 
Erase Done.
Programming Done.
Verify OK.
Application running ...
compiling Hit.c...
..\Mylib\Task\Chassis_Control.h(54): warning:  #1295-D: Deprecated declaration SoftReset - give arg types
..\Mylib\Task\Chassis_Control.h(55): warning:  #1295-D: Deprecated declaration Angle_Attack - give arg types
..\Vision\Hit.h(43): warning:  #1295-D: Deprecated declaration Manual_Hit - give arg types
..\Vision\Hit.c(137): warning:  #177-D: variable "iiiwww" was declared but never referenced
..\Vision\Hit.c(209): warning:  #177-D: variable "pitch_temp" was declared but never referenced
"..\Vision\Hit.c" - 0 Errors, 5 Warning(s).
Build target 'STM32F4'
linking...
Program Size: Code=42468 RO-data=1972 RW-data=680 ZI-data=3264  
FromELF: creating hex file...
".\Objects\STM32F4.axf" - 0 Errors, 0 Warning(s).
Load "E:\\ROBOMASTERS\\自制板\\新步兵车4.10\\Project\\Objects\\STM32F4.axf" 
Erase Done.
Programming Done.
Verify OK.
Application running ...
Build target 'STM32F4'
compiling Hit.c...
..\Mylib\Task\Chassis_Control.h(54): warning:  #1295-D: Deprecated declaration SoftReset - give arg types
..\Mylib\Task\Chassis_Control.h(55): warning:  #1295-D: Deprecated declaration Angle_Attack - give arg types
..\Vision\Hit.h(43): warning:  #1295-D: Deprecated declaration Manual_Hit - give arg types
..\Vision\Hit.c(137): warning:  #177-D: variable "iiiwww" was declared but never referenced
..\Vision\Hit.c(209): warning:  #177-D: variable "pitch_temp" was declared but never referenced
linking...
Program Size: Code=42468 RO-data=1972 RW-data=680 ZI-data=3264  
FromELF: creating hex file...
".\Objects\STM32F4.axf" - 0 Errors, 5 Warning(s).
Load "E:\\ROBOMASTERS\\自制板\\新步兵车4.10\\Project\\Objects\\STM32F4.axf" 
Load "E:\\ROBOMASTERS\\自制板\\新步兵车4.10\\Project\\Objects\\STM32F4.axf" 
Erase Done.
Programming Done.
Verify OK.
Application running ...
Build target 'STM32F4'
compiling Wheel_Speed.c...
..\Mylib\Task\Chassis_Control.h(54): warning:  #1295-D: Deprecated declaration SoftReset - give arg types
..\Mylib\Task\Chassis_Control.h(55): warning:  #1295-D: Deprecated declaration Angle_Attack - give arg types
..\Vision\Hit.h(43): warning:  #1295-D: Deprecated declaration Manual_Hit - give arg types
..\Mylib\Task\Wheel_Speed.c(260): warning:  #940-D: missing return statement at end of non-void function "A_Law"
..\Mylib\Task\Wheel_Speed.c(242): warning:  #177-D: variable "point" was declared but never referenced
..\Mylib\Task\Wheel_Speed.c(271): warning:  #177-D: variable "i" was declared but never referenced
..\Mylib\Task\Wheel_Speed.c(273): warning:  #177-D: variable "sum" was declared but never referenced
..\Mylib\Task\Wheel_Speed.c(240): warning:  #177-D: function "A_Law" was declared but never referenced
linking...
Program Size: Code=42468 RO-data=1972 RW-data=680 ZI-data=3264  
FromELF: creating hex file...
".\Objects\STM32F4.axf" - 0 Errors, 8 Warning(s).
Build target 'STM32F4'
compiling Wheel_Speed.c...
..\Mylib\Task\Chassis_Control.h(54): warning:  #1295-D: Deprecated declaration SoftReset - give arg types
..\Mylib\Task\Chassis_Control.h(55): warning:  #1295-D: Deprecated declaration Angle_Attack - give arg types
..\Vision\Hit.h(43): warning:  #1295-D: Deprecated declaration Manual_Hit - give arg types
..\Mylib\Task\Wheel_Speed.c(260): warning:  #940-D: missing return statement at end of non-void function "A_Law"
..\Mylib\Task\Wheel_Speed.c(242): warning:  #177-D: variable "point" was declared but never referenced
..\Mylib\Task\Wheel_Speed.c(271): warning:  #177-D: variable "i" was declared but never referenced
..\Mylib\Task\Wheel_Speed.c(273): warning:  #177-D: variable "sum" was declared but never referenced
..\Mylib\Task\Wheel_Speed.c(240): warning:  #177-D: function "A_Law" was declared but never referenced
linking...
Program Size: Code=42468 RO-data=1972 RW-data=680 ZI-data=3264  
FromELF: creating hex file...
".\Objects\STM32F4.axf" - 0 Errors, 8 Warning(s).
Load "E:\\ROBOMASTERS\\自制板\\新步兵车4.10\\Project\\Objects\\STM32F4.axf" 
Erase Done.
Programming Done.
Verify OK.
Application running ...
Build target 'STM32F4'
compiling Hit.c...
..\Mylib\Task\Chassis_Control.h(54): warning:  #1295-D: Deprecated declaration SoftReset - give arg types
..\Mylib\Task\Chassis_Control.h(55): warning:  #1295-D: Deprecated declaration Angle_Attack - give arg types
..\Vision\Hit.h(43): warning:  #1295-D: Deprecated declaration Manual_Hit - give arg types
..\Vision\Hit.c(137): warning:  #177-D: variable "iiiwww" was declared but never referenced
..\Vision\Hit.c(209): warning:  #177-D: variable "pitch_temp" was declared but never referenced
linking...
Program Size: Code=42468 RO-data=1972 RW-data=680 ZI-data=3264  
FromELF: creating hex file...
".\Objects\STM32F4.axf" - 0 Errors, 5 Warning(s).
Build target 'STM32F4'
linking...
Program Size: Code=42468 RO-data=1972 RW-data=680 ZI-data=3264  
FromELF: creating hex file...
".\Objects\STM32F4.axf" - 0 Errors, 0 Warning(s).
Load "E:\\ROBOMASTERS\\自制板\\新步兵车4.10\\Project\\Objects\\STM32F4.axf" 
Erase Done.
Programming Done.
Verify OK.
Application running ...
Build target 'STM32F4'
compiling Wheel_Speed.c...
..\Mylib\Task\Chassis_Control.h(54): warning:  #1295-D: Deprecated declaration SoftReset - give arg types
..\Mylib\Task\Chassis_Control.h(55): warning:  #1295-D: Deprecated declaration Angle_Attack - give arg types
..\Vision\Hit.h(43): warning:  #1295-D: Deprecated declaration Manual_Hit - give arg types
..\Mylib\Task\Wheel_Speed.c(260): warning:  #940-D: missing return statement at end of non-void function "A_Law"
..\Mylib\Task\Wheel_Speed.c(242): warning:  #177-D: variable "point" was declared but never referenced
..\Mylib\Task\Wheel_Speed.c(271): warning:  #177-D: variable "i" was declared but never referenced
..\Mylib\Task\Wheel_Speed.c(273): warning:  #177-D: variable "sum" was declared but never referenced
..\Mylib\Task\Wheel_Speed.c(473): error:  #36: the #if for this directive is missing
..\Mylib\Task\Wheel_Speed.c(410): warning:  #177-D: variable "delta_out" was declared but never referenced
..\Mylib\Task\Wheel_Speed.c(240): warning:  #177-D: function "A_Law" was declared but never referenced
".\Objects\STM32F4.axf" - 1 Errors, 9 Warning(s).
Target not created
Build target 'STM32F4'
compiling Wheel_Speed.c...
..\Mylib\Task\Chassis_Control.h(54): warning:  #1295-D: Deprecated declaration SoftReset - give arg types
..\Mylib\Task\Chassis_Control.h(55): warning:  #1295-D: Deprecated declaration Angle_Attack - give arg types
..\Vision\Hit.h(43): warning:  #1295-D: Deprecated declaration Manual_Hit - give arg types
..\Mylib\Task\Wheel_Speed.c(260): warning:  #940-D: missing return statement at end of non-void function "A_Law"
..\Mylib\Task\Wheel_Speed.c(242): warning:  #177-D: variable "point" was declared but never referenced
..\Mylib\Task\Wheel_Speed.c(271): warning:  #177-D: variable "i" was declared but never referenced
..\Mylib\Task\Wheel_Speed.c(273): warning:  #177-D: variable "sum" was declared but never referenced
..\Mylib\Task\Wheel_Speed.c(410): warning:  #177-D: variable "delta_out" was declared but never referenced
..\Mylib\Task\Wheel_Speed.c(240): warning:  #177-D: function "A_Law" was declared but never referenced
linking...
Program Size: Code=42796 RO-data=1972 RW-data=680 ZI-data=3264  
FromELF: creating hex file...
".\Objects\STM32F4.axf" - 0 Errors, 9 Warning(s).
Build target 'STM32F4'
linking...
Program Size: Code=42796 RO-data=1972 RW-data=680 ZI-data=3264  
FromELF: creating hex file...
".\Objects\STM32F4.axf" - 0 Errors, 0 Warning(s).
Load "E:\\ROBOMASTERS\\自制板\\新步兵车4.10\\Project\\Objects\\STM32F4.axf" 
Erase Done.
Programming Done.
Verify OK.
Application running ...
Build target 'STM32F4'
compiling Wheel_Speed.c...
..\Mylib\Task\Chassis_Control.h(54): warning:  #1295-D: Deprecated declaration SoftReset - give arg types
..\Mylib\Task\Chassis_Control.h(55): warning:  #1295-D: Deprecated declaration Angle_Attack - give arg types
..\Vision\Hit.h(43): warning:  #1295-D: Deprecated declaration Manual_Hit - give arg types
..\Mylib\Task\Wheel_Speed.c(260): warning:  #940-D: missing return statement at end of non-void function "A_Law"
..\Mylib\Task\Wheel_Speed.c(242): warning:  #177-D: variable "point" was declared but never referenced
..\Mylib\Task\Wheel_Speed.c(271): warning:  #177-D: variable "i" was declared but never referenced
..\Mylib\Task\Wheel_Speed.c(273): warning:  #177-D: variable "sum" was declared but never referenced
..\Mylib\Task\Wheel_Speed.c(410): warning:  #177-D: variable "delta_out" was declared but never referenced
..\Mylib\Task\Wheel_Speed.c(240): warning:  #177-D: function "A_Law" was declared but never referenced
linking...
Program Size: Code=42796 RO-data=1972 RW-data=680 ZI-data=3264  
FromELF: creating hex file...
".\Objects\STM32F4.axf" - 0 Errors, 9 Warning(s).
Load "E:\\ROBOMASTERS\\自制板\\新步兵车4.10\\Project\\Objects\\STM32F4.axf" 
Erase Done.
Programming Done.
Verify OK.
Application running ...
Build target 'STM32F4'
linking...
Program Size: Code=42796 RO-data=1972 RW-data=680 ZI-data=3264  
FromELF: creating hex file...
".\Objects\STM32F4.axf" - 0 Errors, 0 Warning(s).
Build target 'STM32F4'
compiling main.c...
..\Mylib\Task\Chassis_Control.h(54): warning:  #1295-D: Deprecated declaration SoftReset - give arg types
..\Mylib\Task\Chassis_Control.h(55): warning:  #1295-D: Deprecated declaration Angle_Attack - give arg types
..\Vision\Hit.h(43): warning:  #1295-D: Deprecated declaration Manual_Hit - give arg types
..\User\main.c(25): warning:  #177-D: variable "speed_main" was declared but never referenced
compiling OtherConfig.c...
compiling BootTask.c...
..\Mylib\Task\Chassis_Control.h(54): warning:  #1295-D: Deprecated declaration SoftReset - give arg types
..\Mylib\Task\Chassis_Control.h(55): warning:  #1295-D: Deprecated declaration Angle_Attack - give arg types
..\Vision\Hit.h(43): warning:  #1295-D: Deprecated declaration Manual_Hit - give arg types
compiling CAN2.c...
..\Vision\Hit.h(43): warning:  #1295-D: Deprecated declaration Manual_Hit - give arg types
..\Mylib\Task\Chassis_Control.h(54): warning:  #1295-D: Deprecated declaration SoftReset - give arg types
..\Mylib\Task\Chassis_Control.h(55): warning:  #1295-D: Deprecated declaration Angle_Attack - give arg types
compiling Load_motor.c...
..\Mylib\BSP\Load_motor.c(157): warning:  #177-D: variable "shell_p_part" was declared but never referenced
compiling Shoot.c...
..\Mylib\BSP\Shoot.c(165): warning:  #1-D: last line of file ends without a newline
compiling Remote.c...
..\Vision\Hit.h(43): warning:  #1295-D: Deprecated declaration Manual_Hit - give arg types
..\Mylib\Task\Chassis_Control.h(54): warning:  #1295-D: Deprecated declaration SoftReset - give arg types
..\Mylib\Task\Chassis_Control.h(55): warning:  #1295-D: Deprecated declaration Angle_Attack - give arg types
compiling imu.c...
..\Mylib\Task\Chassis_Control.h(54): warning:  #1295-D: Deprecated declaration SoftReset - give arg types
..\Mylib\Task\Chassis_Control.h(55): warning:  #1295-D: Deprecated declaration Angle_Attack - give arg types
..\Vision\Hit.h(43): warning:  #1295-D: Deprecated declaration Manual_Hit - give arg types
..\Mylib\IMU\imu.c(115): warning:  #1-D: last line of file ends without a newline
..\Mylib\IMU\imu.c(33): warning:  #177-D: variable "q0q3" was declared but never referenced
..\Mylib\IMU\imu.c(35): warning:  #177-D: variable "q1q2" was declared but never referenced
compiling 6050.c...
..\Mylib\Task\Chassis_Control.h(54): warning:  #1295-D: Deprecated declaration SoftReset - give arg types
..\Mylib\Task\Chassis_Control.h(55): warning:  #1295-D: Deprecated declaration Angle_Attack - give arg types
..\Vision\Hit.h(43): warning:  #1295-D: Deprecated declaration Manual_Hit - give arg types
..\Mylib\IMU\6050.c(5): warning:  #14-D: extra text after expected end of preprocessing directive
compiling Prepare_data.c...
..\Mylib\Task\Chassis_Control.h(54): warning:  #1295-D: Deprecated declaration SoftReset - give arg types
..\Mylib\Task\Chassis_Control.h(55): warning:  #1295-D: Deprecated declaration Angle_Attack - give arg types
..\Vision\Hit.h(43): warning:  #1295-D: Deprecated declaration Manual_Hit - give arg types
compiling clock.c...
..\Mylib\Task\Chassis_Control.h(54): warning:  #1295-D: Deprecated declaration SoftReset - give arg types
..\Mylib\Task\Chassis_Control.h(55): warning:  #1295-D: Deprecated declaration Angle_Attack - give arg types
..\Vision\Hit.h(43): warning:  #1295-D: Deprecated declaration Manual_Hit - give arg types
compiling Holder.c...
compiling Chassis_Control.c...
..\Vision\Hit.h(43): warning:  #1295-D: Deprecated declaration Manual_Hit - give arg types
..\Mylib\Task\Chassis_Control.h(54): warning:  #1295-D: Deprecated declaration SoftReset - give arg types
..\Mylib\Task\Chassis_Control.h(55): warning:  #1295-D: Deprecated declaration Angle_Attack - give arg types
compiling Wheel_Speed.c...
..\Mylib\Task\Chassis_Control.h(54): warning:  #1295-D: Deprecated declaration SoftReset - give arg types
..\Mylib\Task\Chassis_Control.h(55): warning:  #1295-D: Deprecated declaration Angle_Attack - give arg types
..\Vision\Hit.h(43): warning:  #1295-D: Deprecated declaration Manual_Hit - give arg types
..\Mylib\Task\Wheel_Speed.c(260): warning:  #940-D: missing return statement at end of non-void function "A_Law"
..\Mylib\Task\Wheel_Speed.c(242): warning:  #177-D: variable "point" was declared but never referenced
..\Mylib\Task\Wheel_Speed.c(271): warning:  #177-D: variable "i" was declared but never referenced
..\Mylib\Task\Wheel_Speed.c(273): warning:  #177-D: variable "sum" was declared but never referenced
..\Mylib\Task\Wheel_Speed.c(410): warning:  #177-D: variable "delta_out" was declared but never referenced
..\Mylib\Task\Wheel_Speed.c(240): warning:  #177-D: function "A_Law" was declared but never referenced
compiling Ramp.c...
..\Vision\Hit.h(43): warning:  #1295-D: Deprecated declaration Manual_Hit - give arg types
..\Mylib\Task\Chassis_Control.h(54): warning:  #1295-D: Deprecated declaration SoftReset - give arg types
..\Mylib\Task\Chassis_Control.h(55): warning:  #1295-D: Deprecated declaration Angle_Attack - give arg types
compiling Motor_out.c...
compiling referee.c...
..\Mylib\Task\Chassis_Control.h(54): warning:  #1295-D: Deprecated declaration SoftReset - give arg types
..\Mylib\Task\Chassis_Control.h(55): warning:  #1295-D: Deprecated declaration Angle_Attack - give arg types
..\Vision\Hit.h(43): warning:  #1295-D: Deprecated declaration Manual_Hit - give arg types
..\Mylib\Referee\referee.c(246): warning:  #550-D: variable "this_time_rx_len" was set but never used
..\Mylib\Referee\referee.c(247): warning:  #177-D: variable "i" was declared but never referenced
..\Mylib\Referee\referee.c(288): warning:  #550-D: variable "this_time_rx_len" was set but never used
..\Mylib\Referee\referee.c(289): warning:  #177-D: variable "i" was declared but never referenced
compiling Hit.c...
..\Mylib\Task\Chassis_Control.h(54): warning:  #1295-D: Deprecated declaration SoftReset - give arg types
..\Mylib\Task\Chassis_Control.h(55): warning:  #1295-D: Deprecated declaration Angle_Attack - give arg types
..\Vision\Hit.h(43): warning:  #1295-D: Deprecated declaration Manual_Hit - give arg types
..\Vision\Hit.c(137): warning:  #177-D: variable "iiiwww" was declared but never referenced
..\Vision\Hit.c(209): warning:  #177-D: variable "pitch_temp" was declared but never referenced
linking...
Program Size: Code=42804 RO-data=1972 RW-data=680 ZI-data=3264  
FromELF: creating hex file...
".\Objects\STM32F4.axf" - 0 Errors, 58 Warning(s).
Build target 'STM32F4'
linking...
Program Size: Code=42804 RO-data=1972 RW-data=680 ZI-data=3264  
FromELF: creating hex file...
".\Objects\STM32F4.axf" - 0 Errors, 0 Warning(s).
Load "E:\\ROBOMASTERS\\自制板\\新步兵车4.10\\Project\\Objects\\STM32F4.axf" 
Erase Done.
Programming Done.
Verify OK.
Application running ...
