<html>
<body>
<pre>
<h1>礦ision Build Log</h1>
<h2>Project:</h2>
C:\Users\Victor\Desktop\浴火重生\浴火重生\新步兵车4.10\Project\STM32F4.uvproj
Project File Date:  04/22/2017

<h2>Output:</h2>
Build target 'STM32F4'
compiling Remote.c...
..\Mylib\BSP\Remote.c(26): warning:  #188-D: enumerated type mixed with another type
                RCC_AHB1PeriphClockCmd(RCC_AHB1Periph_GPIOB | RCC_AHB1Periph_DMA2,ENABLE);
..\Mylib\BSP\Remote.c(27): warning:  #188-D: enumerated type mixed with another type
                RCC_APB2PeriphClockCmd(RCC_APB2Periph_USART1,ENABLE);
..\Mylib\BSP\Remote.c(47): warning:  #188-D: enumerated type mixed with another type
      USART_DMACmd(USART1,USART_DMAReq_Rx,ENABLE);
..\Mylib\BSP\Remote.c(52): warning:  #188-D: enumerated type mixed with another type
                nvic.NVIC_IRQChannelCmd = ENABLE;                       
..\Mylib\BSP\Remote.c(74): warning:  #188-D: enumerated type mixed with another type
      DMA_Cmd(DMA2_Stream5,ENABLE);
..\Mylib\BSP\Remote.c(76): warning:  #188-D: enumerated type mixed with another type
                USART_ITConfig(USART1, USART_IT_IDLE, ENABLE);        //usart rx idle interrupt  enabled
..\Mylib\BSP\Remote.c(77): warning:  #188-D: enumerated type mixed with another type
      USART_Cmd(USART1, ENABLE);
..\Mylib\BSP\Remote.c(92): warning:  #188-D: enumerated type mixed with another type
                        DMA_Cmd(DMA2_Stream5, DISABLE);
..\Mylib\BSP\Remote.c(96): warning:  #188-D: enumerated type mixed with another type
                        DMA_Cmd(DMA2_Stream5, ENABLE);
..\Mylib\BSP\Remote.c: 9 warnings, 0 errors
compiling Chassis_Control.c...
..\Mylib\IMU\imu.h(22): warning:  #1-D: last line of file ends without a newline
                                
..\Mylib\Task\Chassis_Control.c: 1 warning, 0 errors
linking...
Program Size: Code=40220 RO-data=1204 RW-data=648 ZI-data=3496  
FromELF: creating hex file...
".\Objects\STM32F4.axf" - 0 Error(s), 10 Warning(s).
</pre>
</body>
</html>
(DMA2_Stream5, DISABLE);
..\Mylib\BSP\Remote.c(96): warning:  #188-D: enumerated type mixed with another type
                        DMA_Cmd(DMA2_Stream5, ENABLE);
..\Mylib\BSP\Remote.c: 9 warnings, 0 errors
compiling Prepare_data.c...
..\Mylib\IMU\imu.h(22): warning:  #1-D: last line of file ends without a newline
                                
..\Mylib\IMU\Prepare_data.c(86): warning:  #177-D: variable "sum_yaw" was declared but never referenced
        float sumx,sumy,sumz,sum_yaw;
..\Mylib\IMU\Prepare_data.c(90): warning:  #177-D: variable "z_num" was declared but never referenced
        static uint8_t z_num = 0;
..\Mylib\IMU\Prepare_data.c: 3 warnings, 0 errors
compiling clock.c...
..\Mylib\IMU\imu.h(22): warning:  #1-D: last line of file ends without a newline
                                
..\Mylib\Task\clock.c(18): warning:  #188-D: enumerated type mixed with another type
      RCC_APB1PeriphClockCmd(RCC_APB1Periph_TIM4,ENABLE);
..\Mylib\Task\clock.c(23): warning:  #188-D: enumerated type mixed with another type
      TIM_ARRPreloadConfig(TIM4, ENABLE);       
..\Mylib\Task\clock.c(26): warning:  #188-D: enumerated type mixed with another type
      TIM_Cmd(TIM4,ENABLE);     
..\Mylib\Task\clock.c(36): warning:  #188-D: enumerated type mixed with another type
        RCC_APB1PeriphClockCmd(RCC_APB1Periph_TIM12,ENABLE);  ///
..\Mylib\Task\clock.c(45): warning:  #188-D: enumerated type mixed with another type
        TIM_ITConfig(TIM12,TIM_IT_Update,ENABLE); //
..\Mylib\Task\clock.c(46): warning:  #188-D: enumerated type mixed with another type
        TIM_Cmd(TIM12,ENABLE); //
..\Mylib\Task\clock.c(52): warning:  #188-D: enumerated type mixed with another type
        NVIC_InitStructure.NVIC_IRQChannelCmd=ENABLE;
..\Mylib\Task\clock.c(59): warning:  #177-D: variable "speed_clock" was declared but never referenced
        float speed_clock[4] = {1000,1000,1000,1000};
..\Mylib\Task\clock.c(241): warning:  #1-D: last line of file ends without a newline
  }
..\Mylib\Task\clock.c: 10 warnings, 0 errors
compiling Holder.c...
..\Mylib\IMU\imu.h(22): warning:  #1-D: last line of file ends without a newline
                                
..\Mylib\Task\Holder.c(85): warning:  #177-D: variable "i" was declared but never referenced
        int i;
..\Mylib\Task\Holder.c: 2 warnings, 0 errors
compiling Chassis_Control.c...
..\Mylib\IMU\imu.h(22): warning:  #1-D: last line of file ends without a newline
                                
..\Mylib\Task\Chassis_Control.c(99): warning:  #177-D: variable "temp_remote" was declared but never referenced
        int temp_remote=0;
..\Mylib\Task\Chassis_Control.c: 2 warnings, 0 errors
compiling Ramp.c...
linking...
Program Size: Code=40196 RO-data=1220 RW-data=648 ZI-data=3496  
FromELF: creating hex file...
".\Objects\STM32F4.axf" - 0 Error(s), 30 Warning(s).
 }
..\Mylib\Task\clock.c: 10 warnings, 0 errors
compiling Holder.c...
..\Mylib\IMU\imu.h(22): warning:  #1-D: last line of file ends without a newline
                                
..\Mylib\Task\Holder.c(85): warning:  #177-D: variable "i" was declared but never referenced
        int i;
..\Mylib\Task\Holder.c: 2 warnings, 0 errors
compiling Chassis_Control.c...
..\Mylib\IMU\imu.h(22): warning:  #1-D: last line of file ends without a newline
                                
..\Mylib\Task\Chassis_Control.c: 1 warning, 0 errors
compiling Wheel_Speed.c...
..\Mylib\Task\Wheel_Speed.c(233): warning:  #940-D: missing return statement at end of non-void function "A_Law"
  }
..\Mylib\Task\Wheel_Speed.c(215): warning:  #177-D: variable "point" was declared but never referenced
    float point[4]={1.1,0.9,0.8,0.6};
..\Mylib\Task\Wheel_Speed.c(257): warning:  #177-D: variable "i" was declared but never referenced
        int8_t i,wheel_cnt;
..\Mylib\Task\Wheel_Speed.c(259): warning:  #177-D: variable "sum" was declared but never referenced
        float sum[4];
..\Mylib\Task\Wheel_Speed.c(213): warning:  #177-D: function "A_Law" was declared but never referenced
  static float A_Law(uint8_t flag,float input)
..\Mylib\Task\Wheel_Speed.c: 5 warnings, 0 errors
".\Objects\STM32F4.axf" - 1 Error(s), 38 Warning(s).
Target not created
: warning:  #1-D: last line of file ends without a newline
                                
..\Mylib\Task\Holder.c(85): warning:  #177-D: variable "i" was declared but never referenced
        int i;
..\Mylib\Task\Holder.c: 2 warnings, 0 errors
compiling Chassis_Control.c...
..\Mylib\IMU\imu.h(22): warning:  #1-D: last line of file ends without a newline
                                
..\Mylib\Task\Chassis_Control.c: 1 warning, 0 errors
compiling Wheel_Speed.c...
..\Mylib\Task\Wheel_Speed.c(233): warning:  #940-D: missing return statement at end of non-void function "A_Law"
  }
..\Mylib\Task\Wheel_Speed.c(215): warning:  #177-D: variable "point" was declared but never referenced
    float point[4]={1.1,0.9,0.8,0.6};
..\Mylib\Task\Wheel_Speed.c(257): warning:  #177-D: variable "i" was declared but never referenced
        int8_t i,wheel_cnt;
..\Mylib\Task\Wheel_Speed.c(259): warning:  #177-D: variable "sum" was declared but never referenced
        float sum[4];
..\Mylib\Task\Wheel_Speed.c(213): warning:  #177-D: function "A_Law" was declared but never referenced
  static float A_Law(uint8_t flag,float input)
..\Mylib\Task\Wheel_Speed.c: 5 warnings, 0 errors
compiling Ramp.c...
compiling Motor_out.c...
compiling referee.c...
..\Mylib\Referee\referee.c(196): warning:  #550-D: variable "this_time_rx_len" was set but never used
    static uint32_t this_time_rx_len = 0;
..\Mylib\Referee\referee.c: 1 warning, 0 errors
compiling Hit.c...
..\Vision\Hit.c(134): warning:  #177-D: variable "iiiwww" was declared but never referenced
        static uint32_t iiiwww = 0;
..\Vision\Hit.c(135): warning:  #177-D: variable "jjjjwww" was declared but never referenced
        static uint32_t jjjjwww = 0;
..\Vision\Hit.c(201): warning:  #177-D: variable "pitch_temp" was declared but never referenced
        float pitch_temp;
..\Vision\Hit.c(335): warning:  #177-D: variable "shell_d_part" was declared but never referenced
                float shell_delta , shell_p_part , shell_d_part;
..\Vision\Hit.c(332): warning:  #177-D: function "VisonControl" was declared but never referenced
  static void VisonControl(float target,uint8_t flag)
..\Vision\Hit.c: 5 warnings, 0 errors
compiling Hit_calculation.c...
..\Vision\Hit_calculation.c(37): warning:  #1-D: last line of file ends without a newline
  }
..\Vision\Hit_calculation.c(11): warning:  #550-D: variable "a" was set but never used
        float a,b,c,d,e,L1,Dp,A1,A2,average;
..\Vision\Hit_calculation.c(11): warning:  #177-D: variable "average" was declared but never referenced
        float a,b,c,d,e,L1,Dp,A1,A2,average;
..\Vision\Hit_calculation.c(13): warning:  #177-D: variable "i" was declared but never referenced
        uint8_t i;
..\Vision\Hit_calculation.c: 4 warnings, 0 errors
".\Objects\STM32F4.axf" - 1 Error(s), 52 Warning(s).
Target not created
